[ 2020-05-21 11:14:08,787][cascade_classifier.fit_transform] X_groups_train.shape=[(2980, 5)],y_train.shape=(2980,),X_groups_test.shape=[(745, 5)],y_test.shape=(745,)
[ 2020-05-21 11:14:08,803][cascade_classifier.fit_transform] group_dims=[5]
[ 2020-05-21 11:14:08,803][cascade_classifier.fit_transform] group_starts=[0]
[ 2020-05-21 11:14:08,803][cascade_classifier.fit_transform] group_ends=[5]
[ 2020-05-21 11:14:08,803][cascade_classifier.fit_transform] X_train.shape=(2980, 5),X_test.shape=(745, 5)
[ 2020-05-21 11:14:08,803][cascade_classifier.fit_transform] [layer=0] look_indexs=[0], X_cur_train.shape=(2980, 5), X_cur_test.shape=(745, 5)
[ 2020-05-21 11:14:09,303][kfold_wrapper.log_eval_metrics] Accuracy(layer_0 - estimator_0 - 12_folds.train_0.predict)=60.24%
[ 2020-05-21 11:14:09,694][kfold_wrapper.log_eval_metrics] Accuracy(layer_0 - estimator_0 - 12_folds.train_1.predict)=62.25%
[ 2020-05-21 11:14:10,084][kfold_wrapper.log_eval_metrics] Accuracy(layer_0 - estimator_0 - 12_folds.train_2.predict)=59.04%
[ 2020-05-21 11:14:10,475][kfold_wrapper.log_eval_metrics] Accuracy(layer_0 - estimator_0 - 12_folds.train_3.predict)=61.04%
[ 2020-05-21 11:14:10,865][kfold_wrapper.log_eval_metrics] Accuracy(layer_0 - estimator_0 - 12_folds.train_4.predict)=56.85%
[ 2020-05-21 11:14:11,256][kfold_wrapper.log_eval_metrics] Accuracy(layer_0 - estimator_0 - 12_folds.train_5.predict)=56.45%
[ 2020-05-21 11:14:11,646][kfold_wrapper.log_eval_metrics] Accuracy(layer_0 - estimator_0 - 12_folds.train_6.predict)=60.08%
[ 2020-05-21 11:14:12,021][kfold_wrapper.log_eval_metrics] Accuracy(layer_0 - estimator_0 - 12_folds.train_7.predict)=56.85%
[ 2020-05-21 11:14:12,412][kfold_wrapper.log_eval_metrics] Accuracy(layer_0 - estimator_0 - 12_folds.train_8.predict)=62.90%
[ 2020-05-21 11:14:12,802][kfold_wrapper.log_eval_metrics] Accuracy(layer_0 - estimator_0 - 12_folds.train_9.predict)=56.05%
[ 2020-05-21 11:14:13,194][kfold_wrapper.log_eval_metrics] Accuracy(layer_0 - estimator_0 - 12_folds.train_10.predict)=60.89%
[ 2020-05-21 11:14:13,585][kfold_wrapper.log_eval_metrics] Accuracy(layer_0 - estimator_0 - 12_folds.train_11.predict)=61.29%
[ 2020-05-21 11:14:13,710][kfold_wrapper.log_eval_metrics] Accuracy(layer_0 - estimator_0 - 12_folds.train_cv.predict)=59.50%
[ 2020-05-21 11:14:13,710][kfold_wrapper.log_eval_metrics] Accuracy(layer_0 - estimator_0 - 12_folds.test.predict)=48.59%
[ 2020-05-21 11:14:13,991][kfold_wrapper.log_eval_metrics] Accuracy(layer_0 - estimator_1 - 12_folds.train_0.predict)=64.26%
[ 2020-05-21 11:14:14,381][kfold_wrapper.log_eval_metrics] Accuracy(layer_0 - estimator_1 - 12_folds.train_1.predict)=57.03%
[ 2020-05-21 11:14:14,772][kfold_wrapper.log_eval_metrics] Accuracy(layer_0 - estimator_1 - 12_folds.train_2.predict)=58.63%
[ 2020-05-21 11:14:15,149][kfold_wrapper.log_eval_metrics] Accuracy(layer_0 - estimator_1 - 12_folds.train_3.predict)=57.83%
[ 2020-05-21 11:14:15,520][kfold_wrapper.log_eval_metrics] Accuracy(layer_0 - estimator_1 - 12_folds.train_4.predict)=58.87%
[ 2020-05-21 11:14:15,882][kfold_wrapper.log_eval_metrics] Accuracy(layer_0 - estimator_1 - 12_folds.train_5.predict)=62.50%
[ 2020-05-21 11:14:16,243][kfold_wrapper.log_eval_metrics] Accuracy(layer_0 - estimator_1 - 12_folds.train_6.predict)=54.03%
[ 2020-05-21 11:14:16,635][kfold_wrapper.log_eval_metrics] Accuracy(layer_0 - estimator_1 - 12_folds.train_7.predict)=64.92%
[ 2020-05-21 11:14:17,025][kfold_wrapper.log_eval_metrics] Accuracy(layer_0 - estimator_1 - 12_folds.train_8.predict)=62.50%
[ 2020-05-21 11:14:17,400][kfold_wrapper.log_eval_metrics] Accuracy(layer_0 - estimator_1 - 12_folds.train_9.predict)=55.24%
[ 2020-05-21 11:14:17,791][kfold_wrapper.log_eval_metrics] Accuracy(layer_0 - estimator_1 - 12_folds.train_10.predict)=62.90%
[ 2020-05-21 11:14:18,181][kfold_wrapper.log_eval_metrics] Accuracy(layer_0 - estimator_1 - 12_folds.train_11.predict)=61.29%
[ 2020-05-21 11:14:18,306][kfold_wrapper.log_eval_metrics] Accuracy(layer_0 - estimator_1 - 12_folds.train_cv.predict)=60.00%
[ 2020-05-21 11:14:18,306][kfold_wrapper.log_eval_metrics] Accuracy(layer_0 - estimator_1 - 12_folds.test.predict)=53.69%
[ 2020-05-21 11:14:18,790][kfold_wrapper.log_eval_metrics] Accuracy(layer_0 - estimator_2 - 12_folds.train_0.predict)=65.86%
[ 2020-05-21 11:14:18,837][kfold_wrapper.log_eval_metrics] Accuracy(layer_0 - estimator_2 - 12_folds.train_1.predict)=65.86%
[ 2020-05-21 11:14:18,900][kfold_wrapper.log_eval_metrics] Accuracy(layer_0 - estimator_2 - 12_folds.train_2.predict)=65.86%
[ 2020-05-21 11:14:18,947][kfold_wrapper.log_eval_metrics] Accuracy(layer_0 - estimator_2 - 12_folds.train_3.predict)=65.86%
[ 2020-05-21 11:14:18,993][kfold_wrapper.log_eval_metrics] Accuracy(layer_0 - estimator_2 - 12_folds.train_4.predict)=65.73%
[ 2020-05-21 11:14:19,056][kfold_wrapper.log_eval_metrics] Accuracy(layer_0 - estimator_2 - 12_folds.train_5.predict)=65.73%
[ 2020-05-21 11:14:19,103][kfold_wrapper.log_eval_metrics] Accuracy(layer_0 - estimator_2 - 12_folds.train_6.predict)=65.73%
[ 2020-05-21 11:14:19,165][kfold_wrapper.log_eval_metrics] Accuracy(layer_0 - estimator_2 - 12_folds.train_7.predict)=65.73%
[ 2020-05-21 11:14:19,212][kfold_wrapper.log_eval_metrics] Accuracy(layer_0 - estimator_2 - 12_folds.train_8.predict)=66.13%
[ 2020-05-21 11:14:19,259][kfold_wrapper.log_eval_metrics] Accuracy(layer_0 - estimator_2 - 12_folds.train_9.predict)=66.13%
[ 2020-05-21 11:14:19,306][kfold_wrapper.log_eval_metrics] Accuracy(layer_0 - estimator_2 - 12_folds.train_10.predict)=66.13%
[ 2020-05-21 11:14:19,353][kfold_wrapper.log_eval_metrics] Accuracy(layer_0 - estimator_2 - 12_folds.train_11.predict)=66.13%
[ 2020-05-21 11:14:19,353][kfold_wrapper.log_eval_metrics] Accuracy(layer_0 - estimator_2 - 12_folds.train_cv.predict)=65.91%
[ 2020-05-21 11:14:19,353][kfold_wrapper.log_eval_metrics] Accuracy(layer_0 - estimator_2 - 12_folds.test.predict)=70.34%
[ 2020-05-21 11:14:19,353][cascade_classifier.calc_accuracy] Accuracy(layer_0 - train.classifier_average)=61.28%
[ 2020-05-21 11:14:19,353][cascade_classifier.calc_accuracy] Accuracy(layer_0 - test.classifier_average)=54.90%
[ 2020-05-21 11:14:19,368][cascade_classifier.fit_transform] [layer=1] look_indexs=[0], X_cur_train.shape=(2980, 11), X_cur_test.shape=(745, 11)
[ 2020-05-21 11:14:19,618][kfold_wrapper.log_eval_metrics] Accuracy(layer_1 - estimator_0 - 12_folds.train_0.predict)=59.04%
[ 2020-05-21 11:14:20,009][kfold_wrapper.log_eval_metrics] Accuracy(layer_1 - estimator_0 - 12_folds.train_1.predict)=62.65%
[ 2020-05-21 11:14:20,399][kfold_wrapper.log_eval_metrics] Accuracy(layer_1 - estimator_0 - 12_folds.train_2.predict)=62.65%
[ 2020-05-21 11:14:20,790][kfold_wrapper.log_eval_metrics] Accuracy(layer_1 - estimator_0 - 12_folds.train_3.predict)=67.87%
[ 2020-05-21 11:14:21,180][kfold_wrapper.log_eval_metrics] Accuracy(layer_1 - estimator_0 - 12_folds.train_4.predict)=63.31%
[ 2020-05-21 11:14:21,571][kfold_wrapper.log_eval_metrics] Accuracy(layer_1 - estimator_0 - 12_folds.train_5.predict)=63.71%
[ 2020-05-21 11:14:21,961][kfold_wrapper.log_eval_metrics] Accuracy(layer_1 - estimator_0 - 12_folds.train_6.predict)=64.52%
[ 2020-05-21 11:14:22,352][kfold_wrapper.log_eval_metrics] Accuracy(layer_1 - estimator_0 - 12_folds.train_7.predict)=64.11%
[ 2020-05-21 11:14:22,727][kfold_wrapper.log_eval_metrics] Accuracy(layer_1 - estimator_0 - 12_folds.train_8.predict)=61.69%
[ 2020-05-21 11:14:23,109][kfold_wrapper.log_eval_metrics] Accuracy(layer_1 - estimator_0 - 12_folds.train_9.predict)=59.27%
[ 2020-05-21 11:14:23,499][kfold_wrapper.log_eval_metrics] Accuracy(layer_1 - estimator_0 - 12_folds.train_10.predict)=61.69%
[ 2020-05-21 11:14:23,890][kfold_wrapper.log_eval_metrics] Accuracy(layer_1 - estimator_0 - 12_folds.train_11.predict)=64.92%
[ 2020-05-21 11:14:24,015][kfold_wrapper.log_eval_metrics] Accuracy(layer_1 - estimator_0 - 12_folds.train_cv.predict)=62.95%
[ 2020-05-21 11:14:24,015][kfold_wrapper.log_eval_metrics] Accuracy(layer_1 - estimator_0 - 12_folds.test.predict)=47.11%
[ 2020-05-21 11:14:24,296][kfold_wrapper.log_eval_metrics] Accuracy(layer_1 - estimator_1 - 12_folds.train_0.predict)=61.45%
[ 2020-05-21 11:14:24,687][kfold_wrapper.log_eval_metrics] Accuracy(layer_1 - estimator_1 - 12_folds.train_1.predict)=61.04%
[ 2020-05-21 11:14:25,077][kfold_wrapper.log_eval_metrics] Accuracy(layer_1 - estimator_1 - 12_folds.train_2.predict)=58.63%
[ 2020-05-21 11:14:25,468][kfold_wrapper.log_eval_metrics] Accuracy(layer_1 - estimator_1 - 12_folds.train_3.predict)=64.66%
[ 2020-05-21 11:14:25,858][kfold_wrapper.log_eval_metrics] Accuracy(layer_1 - estimator_1 - 12_folds.train_4.predict)=62.10%
[ 2020-05-21 11:14:26,249][kfold_wrapper.log_eval_metrics] Accuracy(layer_1 - estimator_1 - 12_folds.train_5.predict)=61.69%
[ 2020-05-21 11:14:26,639][kfold_wrapper.log_eval_metrics] Accuracy(layer_1 - estimator_1 - 12_folds.train_6.predict)=61.29%
[ 2020-05-21 11:14:27,030][kfold_wrapper.log_eval_metrics] Accuracy(layer_1 - estimator_1 - 12_folds.train_7.predict)=60.08%
[ 2020-05-21 11:14:27,420][kfold_wrapper.log_eval_metrics] Accuracy(layer_1 - estimator_1 - 12_folds.train_8.predict)=63.31%
[ 2020-05-21 11:14:27,795][kfold_wrapper.log_eval_metrics] Accuracy(layer_1 - estimator_1 - 12_folds.train_9.predict)=64.11%
[ 2020-05-21 11:14:28,180][kfold_wrapper.log_eval_metrics] Accuracy(layer_1 - estimator_1 - 12_folds.train_10.predict)=58.87%
[ 2020-05-21 11:14:28,570][kfold_wrapper.log_eval_metrics] Accuracy(layer_1 - estimator_1 - 12_folds.train_11.predict)=68.55%
[ 2020-05-21 11:14:28,695][kfold_wrapper.log_eval_metrics] Accuracy(layer_1 - estimator_1 - 12_folds.train_cv.predict)=62.15%
[ 2020-05-21 11:14:28,695][kfold_wrapper.log_eval_metrics] Accuracy(layer_1 - estimator_1 - 12_folds.test.predict)=51.68%
[ 2020-05-21 11:14:28,758][kfold_wrapper.log_eval_metrics] Accuracy(layer_1 - estimator_2 - 12_folds.train_0.predict)=65.86%
[ 2020-05-21 11:14:28,820][kfold_wrapper.log_eval_metrics] Accuracy(layer_1 - estimator_2 - 12_folds.train_1.predict)=65.86%
[ 2020-05-21 11:14:28,883][kfold_wrapper.log_eval_metrics] Accuracy(layer_1 - estimator_2 - 12_folds.train_2.predict)=65.86%
[ 2020-05-21 11:14:28,955][kfold_wrapper.log_eval_metrics] Accuracy(layer_1 - estimator_2 - 12_folds.train_3.predict)=65.86%
[ 2020-05-21 11:14:29,016][kfold_wrapper.log_eval_metrics] Accuracy(layer_1 - estimator_2 - 12_folds.train_4.predict)=65.73%
[ 2020-05-21 11:14:29,075][kfold_wrapper.log_eval_metrics] Accuracy(layer_1 - estimator_2 - 12_folds.train_5.predict)=65.73%
[ 2020-05-21 11:14:29,132][kfold_wrapper.log_eval_metrics] Accuracy(layer_1 - estimator_2 - 12_folds.train_6.predict)=65.73%
[ 2020-05-21 11:14:29,188][kfold_wrapper.log_eval_metrics] Accuracy(layer_1 - estimator_2 - 12_folds.train_7.predict)=65.73%
[ 2020-05-21 11:14:29,250][kfold_wrapper.log_eval_metrics] Accuracy(layer_1 - estimator_2 - 12_folds.train_8.predict)=66.13%
[ 2020-05-21 11:14:29,314][kfold_wrapper.log_eval_metrics] Accuracy(layer_1 - estimator_2 - 12_folds.train_9.predict)=66.13%
[ 2020-05-21 11:14:29,377][kfold_wrapper.log_eval_metrics] Accuracy(layer_1 - estimator_2 - 12_folds.train_10.predict)=66.13%
[ 2020-05-21 11:14:29,427][kfold_wrapper.log_eval_metrics] Accuracy(layer_1 - estimator_2 - 12_folds.train_11.predict)=66.13%
[ 2020-05-21 11:14:29,427][kfold_wrapper.log_eval_metrics] Accuracy(layer_1 - estimator_2 - 12_folds.train_cv.predict)=65.91%
[ 2020-05-21 11:14:29,427][kfold_wrapper.log_eval_metrics] Accuracy(layer_1 - estimator_2 - 12_folds.test.predict)=70.34%
[ 2020-05-21 11:14:29,427][cascade_classifier.calc_accuracy] Accuracy(layer_1 - train.classifier_average)=64.36%
[ 2020-05-21 11:14:29,427][cascade_classifier.calc_accuracy] Accuracy(layer_1 - test.classifier_average)=53.69%
[ 2020-05-21 11:14:29,443][cascade_classifier.fit_transform] [layer=2] look_indexs=[0], X_cur_train.shape=(2980, 11), X_cur_test.shape=(745, 11)
[ 2020-05-21 11:14:29,724][kfold_wrapper.log_eval_metrics] Accuracy(layer_2 - estimator_0 - 12_folds.train_0.predict)=61.85%
[ 2020-05-21 11:14:30,106][kfold_wrapper.log_eval_metrics] Accuracy(layer_2 - estimator_0 - 12_folds.train_1.predict)=60.64%
[ 2020-05-21 11:14:30,497][kfold_wrapper.log_eval_metrics] Accuracy(layer_2 - estimator_0 - 12_folds.train_2.predict)=59.84%
[ 2020-05-21 11:14:30,887][kfold_wrapper.log_eval_metrics] Accuracy(layer_2 - estimator_0 - 12_folds.train_3.predict)=67.07%
[ 2020-05-21 11:14:31,278][kfold_wrapper.log_eval_metrics] Accuracy(layer_2 - estimator_0 - 12_folds.train_4.predict)=63.71%
[ 2020-05-21 11:14:31,668][kfold_wrapper.log_eval_metrics] Accuracy(layer_2 - estimator_0 - 12_folds.train_5.predict)=61.29%
[ 2020-05-21 11:14:32,059][kfold_wrapper.log_eval_metrics] Accuracy(layer_2 - estimator_0 - 12_folds.train_6.predict)=62.90%
[ 2020-05-21 11:14:32,450][kfold_wrapper.log_eval_metrics] Accuracy(layer_2 - estimator_0 - 12_folds.train_7.predict)=57.26%
[ 2020-05-21 11:14:32,830][kfold_wrapper.log_eval_metrics] Accuracy(layer_2 - estimator_0 - 12_folds.train_8.predict)=58.87%
[ 2020-05-21 11:14:33,196][kfold_wrapper.log_eval_metrics] Accuracy(layer_2 - estimator_0 - 12_folds.train_9.predict)=63.31%
[ 2020-05-21 11:14:33,586][kfold_wrapper.log_eval_metrics] Accuracy(layer_2 - estimator_0 - 12_folds.train_10.predict)=59.27%
[ 2020-05-21 11:14:33,977][kfold_wrapper.log_eval_metrics] Accuracy(layer_2 - estimator_0 - 12_folds.train_11.predict)=58.87%
[ 2020-05-21 11:14:34,102][kfold_wrapper.log_eval_metrics] Accuracy(layer_2 - estimator_0 - 12_folds.train_cv.predict)=61.24%
[ 2020-05-21 11:14:34,102][kfold_wrapper.log_eval_metrics] Accuracy(layer_2 - estimator_0 - 12_folds.test.predict)=46.58%
[ 2020-05-21 11:14:34,383][kfold_wrapper.log_eval_metrics] Accuracy(layer_2 - estimator_1 - 12_folds.train_0.predict)=58.63%
[ 2020-05-21 11:14:34,773][kfold_wrapper.log_eval_metrics] Accuracy(layer_2 - estimator_1 - 12_folds.train_1.predict)=61.04%
[ 2020-05-21 11:14:35,164][kfold_wrapper.log_eval_metrics] Accuracy(layer_2 - estimator_1 - 12_folds.train_2.predict)=57.83%
[ 2020-05-21 11:14:35,554][kfold_wrapper.log_eval_metrics] Accuracy(layer_2 - estimator_1 - 12_folds.train_3.predict)=56.22%
[ 2020-05-21 11:14:35,945][kfold_wrapper.log_eval_metrics] Accuracy(layer_2 - estimator_1 - 12_folds.train_4.predict)=60.08%
[ 2020-05-21 11:14:36,338][kfold_wrapper.log_eval_metrics] Accuracy(layer_2 - estimator_1 - 12_folds.train_5.predict)=60.48%
[ 2020-05-21 11:14:36,728][kfold_wrapper.log_eval_metrics] Accuracy(layer_2 - estimator_1 - 12_folds.train_6.predict)=60.48%
[ 2020-05-21 11:14:37,119][kfold_wrapper.log_eval_metrics] Accuracy(layer_2 - estimator_1 - 12_folds.train_7.predict)=57.26%
[ 2020-05-21 11:14:37,494][kfold_wrapper.log_eval_metrics] Accuracy(layer_2 - estimator_1 - 12_folds.train_8.predict)=61.69%
[ 2020-05-21 11:14:37,890][kfold_wrapper.log_eval_metrics] Accuracy(layer_2 - estimator_1 - 12_folds.train_9.predict)=59.68%
[ 2020-05-21 11:14:38,280][kfold_wrapper.log_eval_metrics] Accuracy(layer_2 - estimator_1 - 12_folds.train_10.predict)=58.47%
[ 2020-05-21 11:14:38,655][kfold_wrapper.log_eval_metrics] Accuracy(layer_2 - estimator_1 - 12_folds.train_11.predict)=56.85%
[ 2020-05-21 11:14:38,780][kfold_wrapper.log_eval_metrics] Accuracy(layer_2 - estimator_1 - 12_folds.train_cv.predict)=59.06%
[ 2020-05-21 11:14:38,780][kfold_wrapper.log_eval_metrics] Accuracy(layer_2 - estimator_1 - 12_folds.test.predict)=47.65%
[ 2020-05-21 11:14:38,843][kfold_wrapper.log_eval_metrics] Accuracy(layer_2 - estimator_2 - 12_folds.train_0.predict)=65.86%
[ 2020-05-21 11:14:38,905][kfold_wrapper.log_eval_metrics] Accuracy(layer_2 - estimator_2 - 12_folds.train_1.predict)=65.86%
[ 2020-05-21 11:14:38,983][kfold_wrapper.log_eval_metrics] Accuracy(layer_2 - estimator_2 - 12_folds.train_2.predict)=65.86%
[ 2020-05-21 11:14:39,046][kfold_wrapper.log_eval_metrics] Accuracy(layer_2 - estimator_2 - 12_folds.train_3.predict)=65.86%
[ 2020-05-21 11:14:39,108][kfold_wrapper.log_eval_metrics] Accuracy(layer_2 - estimator_2 - 12_folds.train_4.predict)=65.73%
[ 2020-05-21 11:14:39,171][kfold_wrapper.log_eval_metrics] Accuracy(layer_2 - estimator_2 - 12_folds.train_5.predict)=65.73%
[ 2020-05-21 11:14:39,233][kfold_wrapper.log_eval_metrics] Accuracy(layer_2 - estimator_2 - 12_folds.train_6.predict)=65.73%
[ 2020-05-21 11:14:39,296][kfold_wrapper.log_eval_metrics] Accuracy(layer_2 - estimator_2 - 12_folds.train_7.predict)=65.73%
[ 2020-05-21 11:14:39,358][kfold_wrapper.log_eval_metrics] Accuracy(layer_2 - estimator_2 - 12_folds.train_8.predict)=66.13%
[ 2020-05-21 11:14:39,421][kfold_wrapper.log_eval_metrics] Accuracy(layer_2 - estimator_2 - 12_folds.train_9.predict)=66.13%
[ 2020-05-21 11:14:39,483][kfold_wrapper.log_eval_metrics] Accuracy(layer_2 - estimator_2 - 12_folds.train_10.predict)=66.13%
[ 2020-05-21 11:14:39,546][kfold_wrapper.log_eval_metrics] Accuracy(layer_2 - estimator_2 - 12_folds.train_11.predict)=66.13%
[ 2020-05-21 11:14:39,546][kfold_wrapper.log_eval_metrics] Accuracy(layer_2 - estimator_2 - 12_folds.train_cv.predict)=65.91%
[ 2020-05-21 11:14:39,546][kfold_wrapper.log_eval_metrics] Accuracy(layer_2 - estimator_2 - 12_folds.test.predict)=70.34%
[ 2020-05-21 11:14:39,561][cascade_classifier.calc_accuracy] Accuracy(layer_2 - train.classifier_average)=62.21%
[ 2020-05-21 11:14:39,561][cascade_classifier.calc_accuracy] Accuracy(layer_2 - test.classifier_average)=51.14%
[ 2020-05-21 11:14:39,561][cascade_classifier.fit_transform] [layer=3] look_indexs=[0], X_cur_train.shape=(2980, 11), X_cur_test.shape=(745, 11)
[ 2020-05-21 11:14:39,827][kfold_wrapper.log_eval_metrics] Accuracy(layer_3 - estimator_0 - 12_folds.train_0.predict)=66.27%
[ 2020-05-21 11:14:40,218][kfold_wrapper.log_eval_metrics] Accuracy(layer_3 - estimator_0 - 12_folds.train_1.predict)=59.84%
[ 2020-05-21 11:14:40,608][kfold_wrapper.log_eval_metrics] Accuracy(layer_3 - estimator_0 - 12_folds.train_2.predict)=61.85%
[ 2020-05-21 11:14:40,999][kfold_wrapper.log_eval_metrics] Accuracy(layer_3 - estimator_0 - 12_folds.train_3.predict)=57.43%
[ 2020-05-21 11:14:41,389][kfold_wrapper.log_eval_metrics] Accuracy(layer_3 - estimator_0 - 12_folds.train_4.predict)=60.48%
[ 2020-05-21 11:14:41,780][kfold_wrapper.log_eval_metrics] Accuracy(layer_3 - estimator_0 - 12_folds.train_5.predict)=64.11%
[ 2020-05-21 11:14:42,170][kfold_wrapper.log_eval_metrics] Accuracy(layer_3 - estimator_0 - 12_folds.train_6.predict)=56.85%
[ 2020-05-21 11:14:42,561][kfold_wrapper.log_eval_metrics] Accuracy(layer_3 - estimator_0 - 12_folds.train_7.predict)=60.08%
[ 2020-05-21 11:14:42,951][kfold_wrapper.log_eval_metrics] Accuracy(layer_3 - estimator_0 - 12_folds.train_8.predict)=60.89%
[ 2020-05-21 11:14:43,334][kfold_wrapper.log_eval_metrics] Accuracy(layer_3 - estimator_0 - 12_folds.train_9.predict)=62.50%
[ 2020-05-21 11:14:43,708][kfold_wrapper.log_eval_metrics] Accuracy(layer_3 - estimator_0 - 12_folds.train_10.predict)=63.71%
[ 2020-05-21 11:14:44,099][kfold_wrapper.log_eval_metrics] Accuracy(layer_3 - estimator_0 - 12_folds.train_11.predict)=60.89%
[ 2020-05-21 11:14:44,224][kfold_wrapper.log_eval_metrics] Accuracy(layer_3 - estimator_0 - 12_folds.train_cv.predict)=61.24%
[ 2020-05-21 11:14:44,224][kfold_wrapper.log_eval_metrics] Accuracy(layer_3 - estimator_0 - 12_folds.test.predict)=54.36%
[ 2020-05-21 11:14:44,505][kfold_wrapper.log_eval_metrics] Accuracy(layer_3 - estimator_1 - 12_folds.train_0.predict)=55.82%
[ 2020-05-21 11:14:44,896][kfold_wrapper.log_eval_metrics] Accuracy(layer_3 - estimator_1 - 12_folds.train_1.predict)=54.62%
[ 2020-05-21 11:14:45,286][kfold_wrapper.log_eval_metrics] Accuracy(layer_3 - estimator_1 - 12_folds.train_2.predict)=59.84%
[ 2020-05-21 11:14:45,677][kfold_wrapper.log_eval_metrics] Accuracy(layer_3 - estimator_1 - 12_folds.train_3.predict)=63.05%
[ 2020-05-21 11:14:46,067][kfold_wrapper.log_eval_metrics] Accuracy(layer_3 - estimator_1 - 12_folds.train_4.predict)=59.27%
[ 2020-05-21 11:14:46,458][kfold_wrapper.log_eval_metrics] Accuracy(layer_3 - estimator_1 - 12_folds.train_5.predict)=60.48%
[ 2020-05-21 11:14:46,848][kfold_wrapper.log_eval_metrics] Accuracy(layer_3 - estimator_1 - 12_folds.train_6.predict)=61.29%
[ 2020-05-21 11:14:47,239][kfold_wrapper.log_eval_metrics] Accuracy(layer_3 - estimator_1 - 12_folds.train_7.predict)=60.89%
[ 2020-05-21 11:14:47,630][kfold_wrapper.log_eval_metrics] Accuracy(layer_3 - estimator_1 - 12_folds.train_8.predict)=55.65%
[ 2020-05-21 11:14:48,020][kfold_wrapper.log_eval_metrics] Accuracy(layer_3 - estimator_1 - 12_folds.train_9.predict)=62.90%
[ 2020-05-21 11:14:48,411][kfold_wrapper.log_eval_metrics] Accuracy(layer_3 - estimator_1 - 12_folds.train_10.predict)=56.05%
[ 2020-05-21 11:14:48,801][kfold_wrapper.log_eval_metrics] Accuracy(layer_3 - estimator_1 - 12_folds.train_11.predict)=58.87%
[ 2020-05-21 11:14:48,926][kfold_wrapper.log_eval_metrics] Accuracy(layer_3 - estimator_1 - 12_folds.train_cv.predict)=59.06%
[ 2020-05-21 11:14:48,926][kfold_wrapper.log_eval_metrics] Accuracy(layer_3 - estimator_1 - 12_folds.test.predict)=56.51%
[ 2020-05-21 11:14:48,973][kfold_wrapper.log_eval_metrics] Accuracy(layer_3 - estimator_2 - 12_folds.train_0.predict)=65.86%
[ 2020-05-21 11:14:49,035][kfold_wrapper.log_eval_metrics] Accuracy(layer_3 - estimator_2 - 12_folds.train_1.predict)=65.86%
[ 2020-05-21 11:14:49,082][kfold_wrapper.log_eval_metrics] Accuracy(layer_3 - estimator_2 - 12_folds.train_2.predict)=65.86%
[ 2020-05-21 11:14:49,145][kfold_wrapper.log_eval_metrics] Accuracy(layer_3 - estimator_2 - 12_folds.train_3.predict)=65.86%
[ 2020-05-21 11:14:49,207][kfold_wrapper.log_eval_metrics] Accuracy(layer_3 - estimator_2 - 12_folds.train_4.predict)=65.73%
[ 2020-05-21 11:14:49,270][kfold_wrapper.log_eval_metrics] Accuracy(layer_3 - estimator_2 - 12_folds.train_5.predict)=65.73%
[ 2020-05-21 11:14:49,317][kfold_wrapper.log_eval_metrics] Accuracy(layer_3 - estimator_2 - 12_folds.train_6.predict)=65.73%
[ 2020-05-21 11:14:49,379][kfold_wrapper.log_eval_metrics] Accuracy(layer_3 - estimator_2 - 12_folds.train_7.predict)=65.73%
[ 2020-05-21 11:14:49,426][kfold_wrapper.log_eval_metrics] Accuracy(layer_3 - estimator_2 - 12_folds.train_8.predict)=66.13%
[ 2020-05-21 11:14:49,488][kfold_wrapper.log_eval_metrics] Accuracy(layer_3 - estimator_2 - 12_folds.train_9.predict)=66.13%
[ 2020-05-21 11:14:49,551][kfold_wrapper.log_eval_metrics] Accuracy(layer_3 - estimator_2 - 12_folds.train_10.predict)=66.13%
[ 2020-05-21 11:14:49,598][kfold_wrapper.log_eval_metrics] Accuracy(layer_3 - estimator_2 - 12_folds.train_11.predict)=66.13%
[ 2020-05-21 11:14:49,598][kfold_wrapper.log_eval_metrics] Accuracy(layer_3 - estimator_2 - 12_folds.train_cv.predict)=65.91%
[ 2020-05-21 11:14:49,613][kfold_wrapper.log_eval_metrics] Accuracy(layer_3 - estimator_2 - 12_folds.test.predict)=70.34%
[ 2020-05-21 11:14:49,613][cascade_classifier.calc_accuracy] Accuracy(layer_3 - train.classifier_average)=62.25%
[ 2020-05-21 11:14:49,613][cascade_classifier.calc_accuracy] Accuracy(layer_3 - test.classifier_average)=59.60%
[ 2020-05-21 11:14:49,613][cascade_classifier.fit_transform] [layer=4] look_indexs=[0], X_cur_train.shape=(2980, 11), X_cur_test.shape=(745, 11)
[ 2020-05-21 11:14:49,888][kfold_wrapper.log_eval_metrics] Accuracy(layer_4 - estimator_0 - 12_folds.train_0.predict)=63.05%
[ 2020-05-21 11:14:50,279][kfold_wrapper.log_eval_metrics] Accuracy(layer_4 - estimator_0 - 12_folds.train_1.predict)=55.82%
[ 2020-05-21 11:14:50,669][kfold_wrapper.log_eval_metrics] Accuracy(layer_4 - estimator_0 - 12_folds.train_2.predict)=61.85%
[ 2020-05-21 11:14:51,060][kfold_wrapper.log_eval_metrics] Accuracy(layer_4 - estimator_0 - 12_folds.train_3.predict)=58.23%
[ 2020-05-21 11:14:51,450][kfold_wrapper.log_eval_metrics] Accuracy(layer_4 - estimator_0 - 12_folds.train_4.predict)=59.27%
[ 2020-05-21 11:14:51,841][kfold_wrapper.log_eval_metrics] Accuracy(layer_4 - estimator_0 - 12_folds.train_5.predict)=61.69%
[ 2020-05-21 11:14:52,231][kfold_wrapper.log_eval_metrics] Accuracy(layer_4 - estimator_0 - 12_folds.train_6.predict)=62.10%
[ 2020-05-21 11:14:52,622][kfold_wrapper.log_eval_metrics] Accuracy(layer_4 - estimator_0 - 12_folds.train_7.predict)=60.89%
[ 2020-05-21 11:14:53,013][kfold_wrapper.log_eval_metrics] Accuracy(layer_4 - estimator_0 - 12_folds.train_8.predict)=58.06%
[ 2020-05-21 11:14:53,403][kfold_wrapper.log_eval_metrics] Accuracy(layer_4 - estimator_0 - 12_folds.train_9.predict)=60.48%
[ 2020-05-21 11:14:53,794][kfold_wrapper.log_eval_metrics] Accuracy(layer_4 - estimator_0 - 12_folds.train_10.predict)=60.89%
[ 2020-05-21 11:14:54,184][kfold_wrapper.log_eval_metrics] Accuracy(layer_4 - estimator_0 - 12_folds.train_11.predict)=67.34%
[ 2020-05-21 11:14:54,309][kfold_wrapper.log_eval_metrics] Accuracy(layer_4 - estimator_0 - 12_folds.train_cv.predict)=60.81%
[ 2020-05-21 11:14:54,309][kfold_wrapper.log_eval_metrics] Accuracy(layer_4 - estimator_0 - 12_folds.test.predict)=55.84%
[ 2020-05-21 11:14:54,575][kfold_wrapper.log_eval_metrics] Accuracy(layer_4 - estimator_1 - 12_folds.train_0.predict)=59.84%
[ 2020-05-21 11:14:54,950][kfold_wrapper.log_eval_metrics] Accuracy(layer_4 - estimator_1 - 12_folds.train_1.predict)=60.24%
[ 2020-05-21 11:14:55,340][kfold_wrapper.log_eval_metrics] Accuracy(layer_4 - estimator_1 - 12_folds.train_2.predict)=61.04%
[ 2020-05-21 11:14:55,731][kfold_wrapper.log_eval_metrics] Accuracy(layer_4 - estimator_1 - 12_folds.train_3.predict)=64.26%
[ 2020-05-21 11:14:56,121][kfold_wrapper.log_eval_metrics] Accuracy(layer_4 - estimator_1 - 12_folds.train_4.predict)=60.08%
[ 2020-05-21 11:14:56,512][kfold_wrapper.log_eval_metrics] Accuracy(layer_4 - estimator_1 - 12_folds.train_5.predict)=58.47%
[ 2020-05-21 11:14:56,902][kfold_wrapper.log_eval_metrics] Accuracy(layer_4 - estimator_1 - 12_folds.train_6.predict)=59.68%
[ 2020-05-21 11:14:57,293][kfold_wrapper.log_eval_metrics] Accuracy(layer_4 - estimator_1 - 12_folds.train_7.predict)=59.27%
[ 2020-05-21 11:14:57,683][kfold_wrapper.log_eval_metrics] Accuracy(layer_4 - estimator_1 - 12_folds.train_8.predict)=56.85%
[ 2020-05-21 11:14:58,066][kfold_wrapper.log_eval_metrics] Accuracy(layer_4 - estimator_1 - 12_folds.train_9.predict)=60.89%
[ 2020-05-21 11:14:58,441][kfold_wrapper.log_eval_metrics] Accuracy(layer_4 - estimator_1 - 12_folds.train_10.predict)=62.50%
[ 2020-05-21 11:14:58,816][kfold_wrapper.log_eval_metrics] Accuracy(layer_4 - estimator_1 - 12_folds.train_11.predict)=57.66%
[ 2020-05-21 11:14:58,941][kfold_wrapper.log_eval_metrics] Accuracy(layer_4 - estimator_1 - 12_folds.train_cv.predict)=60.07%
[ 2020-05-21 11:14:58,941][kfold_wrapper.log_eval_metrics] Accuracy(layer_4 - estimator_1 - 12_folds.test.predict)=60.00%
[ 2020-05-21 11:14:59,019][kfold_wrapper.log_eval_metrics] Accuracy(layer_4 - estimator_2 - 12_folds.train_0.predict)=65.86%
[ 2020-05-21 11:14:59,082][kfold_wrapper.log_eval_metrics] Accuracy(layer_4 - estimator_2 - 12_folds.train_1.predict)=65.86%
[ 2020-05-21 11:14:59,129][kfold_wrapper.log_eval_metrics] Accuracy(layer_4 - estimator_2 - 12_folds.train_2.predict)=65.86%
[ 2020-05-21 11:14:59,191][kfold_wrapper.log_eval_metrics] Accuracy(layer_4 - estimator_2 - 12_folds.train_3.predict)=65.86%
[ 2020-05-21 11:14:59,238][kfold_wrapper.log_eval_metrics] Accuracy(layer_4 - estimator_2 - 12_folds.train_4.predict)=65.73%
[ 2020-05-21 11:14:59,300][kfold_wrapper.log_eval_metrics] Accuracy(layer_4 - estimator_2 - 12_folds.train_5.predict)=65.73%
[ 2020-05-21 11:14:59,347][kfold_wrapper.log_eval_metrics] Accuracy(layer_4 - estimator_2 - 12_folds.train_6.predict)=65.73%
[ 2020-05-21 11:14:59,394][kfold_wrapper.log_eval_metrics] Accuracy(layer_4 - estimator_2 - 12_folds.train_7.predict)=65.73%
[ 2020-05-21 11:14:59,441][kfold_wrapper.log_eval_metrics] Accuracy(layer_4 - estimator_2 - 12_folds.train_8.predict)=66.13%
[ 2020-05-21 11:14:59,488][kfold_wrapper.log_eval_metrics] Accuracy(layer_4 - estimator_2 - 12_folds.train_9.predict)=66.13%
[ 2020-05-21 11:14:59,535][kfold_wrapper.log_eval_metrics] Accuracy(layer_4 - estimator_2 - 12_folds.train_10.predict)=66.13%
[ 2020-05-21 11:14:59,582][kfold_wrapper.log_eval_metrics] Accuracy(layer_4 - estimator_2 - 12_folds.train_11.predict)=66.13%
[ 2020-05-21 11:14:59,597][kfold_wrapper.log_eval_metrics] Accuracy(layer_4 - estimator_2 - 12_folds.train_cv.predict)=65.91%
[ 2020-05-21 11:14:59,597][kfold_wrapper.log_eval_metrics] Accuracy(layer_4 - estimator_2 - 12_folds.test.predict)=70.34%
[ 2020-05-21 11:14:59,597][cascade_classifier.calc_accuracy] Accuracy(layer_4 - train.classifier_average)=62.68%
[ 2020-05-21 11:14:59,597][cascade_classifier.calc_accuracy] Accuracy(layer_4 - test.classifier_average)=61.48%
[ 2020-05-21 11:14:59,597][cascade_classifier.fit_transform] [layer=5] look_indexs=[0], X_cur_train.shape=(2980, 11), X_cur_test.shape=(745, 11)
[ 2020-05-21 11:14:59,847][kfold_wrapper.log_eval_metrics] Accuracy(layer_5 - estimator_0 - 12_folds.train_0.predict)=61.45%
[ 2020-05-21 11:15:00,238][kfold_wrapper.log_eval_metrics] Accuracy(layer_5 - estimator_0 - 12_folds.train_1.predict)=64.66%
[ 2020-05-21 11:15:00,628][kfold_wrapper.log_eval_metrics] Accuracy(layer_5 - estimator_0 - 12_folds.train_2.predict)=64.66%
[ 2020-05-21 11:15:01,019][kfold_wrapper.log_eval_metrics] Accuracy(layer_5 - estimator_0 - 12_folds.train_3.predict)=64.26%
[ 2020-05-21 11:15:01,394][kfold_wrapper.log_eval_metrics] Accuracy(layer_5 - estimator_0 - 12_folds.train_4.predict)=63.71%
[ 2020-05-21 11:15:01,784][kfold_wrapper.log_eval_metrics] Accuracy(layer_5 - estimator_0 - 12_folds.train_5.predict)=58.87%
[ 2020-05-21 11:15:02,175][kfold_wrapper.log_eval_metrics] Accuracy(layer_5 - estimator_0 - 12_folds.train_6.predict)=63.71%
[ 2020-05-21 11:15:02,553][kfold_wrapper.log_eval_metrics] Accuracy(layer_5 - estimator_0 - 12_folds.train_7.predict)=61.29%
[ 2020-05-21 11:15:02,936][kfold_wrapper.log_eval_metrics] Accuracy(layer_5 - estimator_0 - 12_folds.train_8.predict)=60.89%
[ 2020-05-21 11:15:03,327][kfold_wrapper.log_eval_metrics] Accuracy(layer_5 - estimator_0 - 12_folds.train_9.predict)=62.10%
[ 2020-05-21 11:15:03,722][kfold_wrapper.log_eval_metrics] Accuracy(layer_5 - estimator_0 - 12_folds.train_10.predict)=64.11%
[ 2020-05-21 11:15:04,097][kfold_wrapper.log_eval_metrics] Accuracy(layer_5 - estimator_0 - 12_folds.train_11.predict)=58.47%
[ 2020-05-21 11:15:04,222][kfold_wrapper.log_eval_metrics] Accuracy(layer_5 - estimator_0 - 12_folds.train_cv.predict)=62.35%
[ 2020-05-21 11:15:04,222][kfold_wrapper.log_eval_metrics] Accuracy(layer_5 - estimator_0 - 12_folds.test.predict)=50.60%
[ 2020-05-21 11:15:04,503][kfold_wrapper.log_eval_metrics] Accuracy(layer_5 - estimator_1 - 12_folds.train_0.predict)=58.63%
[ 2020-05-21 11:15:04,878][kfold_wrapper.log_eval_metrics] Accuracy(layer_5 - estimator_1 - 12_folds.train_1.predict)=63.45%
[ 2020-05-21 11:15:05,268][kfold_wrapper.log_eval_metrics] Accuracy(layer_5 - estimator_1 - 12_folds.train_2.predict)=59.04%
[ 2020-05-21 11:15:05,638][kfold_wrapper.log_eval_metrics] Accuracy(layer_5 - estimator_1 - 12_folds.train_3.predict)=63.45%
[ 2020-05-21 11:15:06,003][kfold_wrapper.log_eval_metrics] Accuracy(layer_5 - estimator_1 - 12_folds.train_4.predict)=58.47%
[ 2020-05-21 11:15:06,378][kfold_wrapper.log_eval_metrics] Accuracy(layer_5 - estimator_1 - 12_folds.train_5.predict)=63.71%
[ 2020-05-21 11:15:06,753][kfold_wrapper.log_eval_metrics] Accuracy(layer_5 - estimator_1 - 12_folds.train_6.predict)=61.69%
[ 2020-05-21 11:15:07,128][kfold_wrapper.log_eval_metrics] Accuracy(layer_5 - estimator_1 - 12_folds.train_7.predict)=59.27%
[ 2020-05-21 11:15:07,519][kfold_wrapper.log_eval_metrics] Accuracy(layer_5 - estimator_1 - 12_folds.train_8.predict)=62.90%
[ 2020-05-21 11:15:07,894][kfold_wrapper.log_eval_metrics] Accuracy(layer_5 - estimator_1 - 12_folds.train_9.predict)=60.48%
[ 2020-05-21 11:15:08,271][kfold_wrapper.log_eval_metrics] Accuracy(layer_5 - estimator_1 - 12_folds.train_10.predict)=61.29%
[ 2020-05-21 11:15:08,628][kfold_wrapper.log_eval_metrics] Accuracy(layer_5 - estimator_1 - 12_folds.train_11.predict)=64.52%
[ 2020-05-21 11:15:08,753][kfold_wrapper.log_eval_metrics] Accuracy(layer_5 - estimator_1 - 12_folds.train_cv.predict)=61.41%
[ 2020-05-21 11:15:08,753][kfold_wrapper.log_eval_metrics] Accuracy(layer_5 - estimator_1 - 12_folds.test.predict)=48.05%
[ 2020-05-21 11:15:08,816][kfold_wrapper.log_eval_metrics] Accuracy(layer_5 - estimator_2 - 12_folds.train_0.predict)=65.86%
[ 2020-05-21 11:15:08,878][kfold_wrapper.log_eval_metrics] Accuracy(layer_5 - estimator_2 - 12_folds.train_1.predict)=65.86%
[ 2020-05-21 11:15:08,925][kfold_wrapper.log_eval_metrics] Accuracy(layer_5 - estimator_2 - 12_folds.train_2.predict)=65.86%
[ 2020-05-21 11:15:08,988][kfold_wrapper.log_eval_metrics] Accuracy(layer_5 - estimator_2 - 12_folds.train_3.predict)=65.86%
[ 2020-05-21 11:15:09,050][kfold_wrapper.log_eval_metrics] Accuracy(layer_5 - estimator_2 - 12_folds.train_4.predict)=65.73%
[ 2020-05-21 11:15:09,097][kfold_wrapper.log_eval_metrics] Accuracy(layer_5 - estimator_2 - 12_folds.train_5.predict)=65.73%
[ 2020-05-21 11:15:09,159][kfold_wrapper.log_eval_metrics] Accuracy(layer_5 - estimator_2 - 12_folds.train_6.predict)=65.73%
[ 2020-05-21 11:15:09,222][kfold_wrapper.log_eval_metrics] Accuracy(layer_5 - estimator_2 - 12_folds.train_7.predict)=65.73%
[ 2020-05-21 11:15:09,284][kfold_wrapper.log_eval_metrics] Accuracy(layer_5 - estimator_2 - 12_folds.train_8.predict)=66.13%
[ 2020-05-21 11:15:09,331][kfold_wrapper.log_eval_metrics] Accuracy(layer_5 - estimator_2 - 12_folds.train_9.predict)=66.13%
[ 2020-05-21 11:15:09,394][kfold_wrapper.log_eval_metrics] Accuracy(layer_5 - estimator_2 - 12_folds.train_10.predict)=66.13%
[ 2020-05-21 11:15:09,456][kfold_wrapper.log_eval_metrics] Accuracy(layer_5 - estimator_2 - 12_folds.train_11.predict)=66.13%
[ 2020-05-21 11:15:09,456][kfold_wrapper.log_eval_metrics] Accuracy(layer_5 - estimator_2 - 12_folds.train_cv.predict)=65.91%
[ 2020-05-21 11:15:09,456][kfold_wrapper.log_eval_metrics] Accuracy(layer_5 - estimator_2 - 12_folds.test.predict)=70.34%
[ 2020-05-21 11:15:09,456][cascade_classifier.calc_accuracy] Accuracy(layer_5 - train.classifier_average)=63.46%
[ 2020-05-21 11:15:09,456][cascade_classifier.calc_accuracy] Accuracy(layer_5 - test.classifier_average)=50.60%
[ 2020-05-21 11:15:09,456][cascade_classifier.fit_transform] [Result][Optimal Level Detected] opt_layer_num=2, accuracy_train=64.36%, accuracy_test=53.69%
[ 2020-05-21 11:15:09,612][cascade_classifier.transform] X_groups_test.shape=[(566, 5)]
[ 2020-05-21 11:15:09,612][cascade_classifier.transform] group_dims=[5]
[ 2020-05-21 11:15:09,612][cascade_classifier.transform] X_test.shape=(566, 5)
[ 2020-05-21 11:15:09,612][cascade_classifier.transform] [layer=0] look_indexs=[0], X_cur_test.shape=(566, 5)
[ 2020-05-21 11:15:12,325][cascade_classifier.transform] [layer=1] look_indexs=[0], X_cur_test.shape=(566, 11)
