[ 2020-05-20 16:46:59,515][cascade_classifier.fit_transform] X_groups_train.shape=[(2980, 6)],y_train.shape=(2980,),X_groups_test.shape=[(745, 6)],y_test.shape=(745,)
[ 2020-05-20 16:46:59,520][cascade_classifier.fit_transform] group_dims=[6]
[ 2020-05-20 16:46:59,522][cascade_classifier.fit_transform] group_starts=[0]
[ 2020-05-20 16:46:59,526][cascade_classifier.fit_transform] group_ends=[6]
[ 2020-05-20 16:46:59,531][cascade_classifier.fit_transform] X_train.shape=(2980, 6),X_test.shape=(745, 6)
[ 2020-05-20 16:46:59,535][cascade_classifier.fit_transform] [layer=0] look_indexs=[0], X_cur_train.shape=(2980, 6), X_cur_test.shape=(745, 6)
[ 2020-05-20 16:46:59,776][kfold_wrapper.log_eval_metrics] Accuracy(layer_0 - estimator_0 - 12_folds.train_0.predict)=60.24%
[ 2020-05-20 16:47:00,150][kfold_wrapper.log_eval_metrics] Accuracy(layer_0 - estimator_0 - 12_folds.train_1.predict)=61.04%
[ 2020-05-20 16:47:00,515][kfold_wrapper.log_eval_metrics] Accuracy(layer_0 - estimator_0 - 12_folds.train_2.predict)=61.85%
[ 2020-05-20 16:47:00,880][kfold_wrapper.log_eval_metrics] Accuracy(layer_0 - estimator_0 - 12_folds.train_3.predict)=55.82%
[ 2020-05-20 16:47:01,243][kfold_wrapper.log_eval_metrics] Accuracy(layer_0 - estimator_0 - 12_folds.train_4.predict)=60.89%
[ 2020-05-20 16:47:01,608][kfold_wrapper.log_eval_metrics] Accuracy(layer_0 - estimator_0 - 12_folds.train_5.predict)=64.52%
[ 2020-05-20 16:47:01,973][kfold_wrapper.log_eval_metrics] Accuracy(layer_0 - estimator_0 - 12_folds.train_6.predict)=64.11%
[ 2020-05-20 16:47:02,339][kfold_wrapper.log_eval_metrics] Accuracy(layer_0 - estimator_0 - 12_folds.train_7.predict)=58.47%
[ 2020-05-20 16:47:02,704][kfold_wrapper.log_eval_metrics] Accuracy(layer_0 - estimator_0 - 12_folds.train_8.predict)=60.08%
[ 2020-05-20 16:47:03,054][kfold_wrapper.log_eval_metrics] Accuracy(layer_0 - estimator_0 - 12_folds.train_9.predict)=56.85%
[ 2020-05-20 16:47:03,415][kfold_wrapper.log_eval_metrics] Accuracy(layer_0 - estimator_0 - 12_folds.train_10.predict)=59.27%
[ 2020-05-20 16:47:03,780][kfold_wrapper.log_eval_metrics] Accuracy(layer_0 - estimator_0 - 12_folds.train_11.predict)=60.08%
[ 2020-05-20 16:47:03,896][kfold_wrapper.log_eval_metrics] Accuracy(layer_0 - estimator_0 - 12_folds.train_cv.predict)=60.27%
[ 2020-05-20 16:47:03,899][kfold_wrapper.log_eval_metrics] Accuracy(layer_0 - estimator_0 - 12_folds.test.predict)=66.31%
[ 2020-05-20 16:47:04,155][kfold_wrapper.log_eval_metrics] Accuracy(layer_0 - estimator_1 - 12_folds.train_0.predict)=57.03%
[ 2020-05-20 16:47:04,519][kfold_wrapper.log_eval_metrics] Accuracy(layer_0 - estimator_1 - 12_folds.train_1.predict)=61.45%
[ 2020-05-20 16:47:04,886][kfold_wrapper.log_eval_metrics] Accuracy(layer_0 - estimator_1 - 12_folds.train_2.predict)=61.85%
[ 2020-05-20 16:47:05,252][kfold_wrapper.log_eval_metrics] Accuracy(layer_0 - estimator_1 - 12_folds.train_3.predict)=62.65%
[ 2020-05-20 16:47:05,618][kfold_wrapper.log_eval_metrics] Accuracy(layer_0 - estimator_1 - 12_folds.train_4.predict)=55.24%
[ 2020-05-20 16:47:05,983][kfold_wrapper.log_eval_metrics] Accuracy(layer_0 - estimator_1 - 12_folds.train_5.predict)=62.10%
[ 2020-05-20 16:47:06,347][kfold_wrapper.log_eval_metrics] Accuracy(layer_0 - estimator_1 - 12_folds.train_6.predict)=56.45%
[ 2020-05-20 16:47:06,712][kfold_wrapper.log_eval_metrics] Accuracy(layer_0 - estimator_1 - 12_folds.train_7.predict)=59.27%
[ 2020-05-20 16:47:07,077][kfold_wrapper.log_eval_metrics] Accuracy(layer_0 - estimator_1 - 12_folds.train_8.predict)=56.45%
[ 2020-05-20 16:47:07,441][kfold_wrapper.log_eval_metrics] Accuracy(layer_0 - estimator_1 - 12_folds.train_9.predict)=59.27%
[ 2020-05-20 16:47:07,807][kfold_wrapper.log_eval_metrics] Accuracy(layer_0 - estimator_1 - 12_folds.train_10.predict)=56.85%
[ 2020-05-20 16:47:08,160][kfold_wrapper.log_eval_metrics] Accuracy(layer_0 - estimator_1 - 12_folds.train_11.predict)=60.48%
[ 2020-05-20 16:47:08,273][kfold_wrapper.log_eval_metrics] Accuracy(layer_0 - estimator_1 - 12_folds.train_cv.predict)=59.09%
[ 2020-05-20 16:47:08,275][kfold_wrapper.log_eval_metrics] Accuracy(layer_0 - estimator_1 - 12_folds.test.predict)=69.40%
[ 2020-05-20 16:47:08,334][kfold_wrapper.log_eval_metrics] Accuracy(layer_0 - estimator_2 - 12_folds.train_0.predict)=64.26%
[ 2020-05-20 16:47:08,388][kfold_wrapper.log_eval_metrics] Accuracy(layer_0 - estimator_2 - 12_folds.train_1.predict)=64.26%
[ 2020-05-20 16:47:08,440][kfold_wrapper.log_eval_metrics] Accuracy(layer_0 - estimator_2 - 12_folds.train_2.predict)=64.26%
[ 2020-05-20 16:47:08,492][kfold_wrapper.log_eval_metrics] Accuracy(layer_0 - estimator_2 - 12_folds.train_3.predict)=64.26%
[ 2020-05-20 16:47:08,555][kfold_wrapper.log_eval_metrics] Accuracy(layer_0 - estimator_2 - 12_folds.train_4.predict)=64.11%
[ 2020-05-20 16:47:08,616][kfold_wrapper.log_eval_metrics] Accuracy(layer_0 - estimator_2 - 12_folds.train_5.predict)=64.11%
[ 2020-05-20 16:47:08,673][kfold_wrapper.log_eval_metrics] Accuracy(layer_0 - estimator_2 - 12_folds.train_6.predict)=64.11%
[ 2020-05-20 16:47:08,729][kfold_wrapper.log_eval_metrics] Accuracy(layer_0 - estimator_2 - 12_folds.train_7.predict)=64.11%
[ 2020-05-20 16:47:08,789][kfold_wrapper.log_eval_metrics] Accuracy(layer_0 - estimator_2 - 12_folds.train_8.predict)=64.52%
[ 2020-05-20 16:47:08,846][kfold_wrapper.log_eval_metrics] Accuracy(layer_0 - estimator_2 - 12_folds.train_9.predict)=64.52%
[ 2020-05-20 16:47:08,907][kfold_wrapper.log_eval_metrics] Accuracy(layer_0 - estimator_2 - 12_folds.train_10.predict)=64.52%
[ 2020-05-20 16:47:08,971][kfold_wrapper.log_eval_metrics] Accuracy(layer_0 - estimator_2 - 12_folds.train_11.predict)=64.52%
[ 2020-05-20 16:47:08,974][kfold_wrapper.log_eval_metrics] Accuracy(layer_0 - estimator_2 - 12_folds.train_cv.predict)=64.30%
[ 2020-05-20 16:47:08,978][kfold_wrapper.log_eval_metrics] Accuracy(layer_0 - estimator_2 - 12_folds.test.predict)=70.60%
[ 2020-05-20 16:47:08,982][cascade_classifier.calc_accuracy] Accuracy(layer_0 - train.classifier_average)=60.60%
[ 2020-05-20 16:47:08,986][cascade_classifier.calc_accuracy] Accuracy(layer_0 - test.classifier_average)=69.40%
[ 2020-05-20 16:47:08,990][cascade_classifier.fit_transform] [layer=1] look_indexs=[0], X_cur_train.shape=(2980, 12), X_cur_test.shape=(745, 12)
[ 2020-05-20 16:47:09,231][kfold_wrapper.log_eval_metrics] Accuracy(layer_1 - estimator_0 - 12_folds.train_0.predict)=65.86%
[ 2020-05-20 16:47:09,594][kfold_wrapper.log_eval_metrics] Accuracy(layer_1 - estimator_0 - 12_folds.train_1.predict)=61.45%
[ 2020-05-20 16:47:09,960][kfold_wrapper.log_eval_metrics] Accuracy(layer_1 - estimator_0 - 12_folds.train_2.predict)=65.46%
[ 2020-05-20 16:47:10,327][kfold_wrapper.log_eval_metrics] Accuracy(layer_1 - estimator_0 - 12_folds.train_3.predict)=55.42%
[ 2020-05-20 16:47:10,694][kfold_wrapper.log_eval_metrics] Accuracy(layer_1 - estimator_0 - 12_folds.train_4.predict)=62.90%
[ 2020-05-20 16:47:11,059][kfold_wrapper.log_eval_metrics] Accuracy(layer_1 - estimator_0 - 12_folds.train_5.predict)=62.10%
[ 2020-05-20 16:47:11,424][kfold_wrapper.log_eval_metrics] Accuracy(layer_1 - estimator_0 - 12_folds.train_6.predict)=62.10%
[ 2020-05-20 16:47:11,775][kfold_wrapper.log_eval_metrics] Accuracy(layer_1 - estimator_0 - 12_folds.train_7.predict)=61.69%
[ 2020-05-20 16:47:12,141][kfold_wrapper.log_eval_metrics] Accuracy(layer_1 - estimator_0 - 12_folds.train_8.predict)=66.13%
[ 2020-05-20 16:47:12,509][kfold_wrapper.log_eval_metrics] Accuracy(layer_1 - estimator_0 - 12_folds.train_9.predict)=64.11%
[ 2020-05-20 16:47:12,872][kfold_wrapper.log_eval_metrics] Accuracy(layer_1 - estimator_0 - 12_folds.train_10.predict)=63.31%
[ 2020-05-20 16:47:13,237][kfold_wrapper.log_eval_metrics] Accuracy(layer_1 - estimator_0 - 12_folds.train_11.predict)=63.71%
[ 2020-05-20 16:47:13,354][kfold_wrapper.log_eval_metrics] Accuracy(layer_1 - estimator_0 - 12_folds.train_cv.predict)=62.85%
[ 2020-05-20 16:47:13,358][kfold_wrapper.log_eval_metrics] Accuracy(layer_1 - estimator_0 - 12_folds.test.predict)=69.80%
[ 2020-05-20 16:47:13,604][kfold_wrapper.log_eval_metrics] Accuracy(layer_1 - estimator_1 - 12_folds.train_0.predict)=55.82%
[ 2020-05-20 16:47:13,963][kfold_wrapper.log_eval_metrics] Accuracy(layer_1 - estimator_1 - 12_folds.train_1.predict)=59.84%
[ 2020-05-20 16:47:14,329][kfold_wrapper.log_eval_metrics] Accuracy(layer_1 - estimator_1 - 12_folds.train_2.predict)=64.26%
[ 2020-05-20 16:47:14,696][kfold_wrapper.log_eval_metrics] Accuracy(layer_1 - estimator_1 - 12_folds.train_3.predict)=64.26%
[ 2020-05-20 16:47:15,062][kfold_wrapper.log_eval_metrics] Accuracy(layer_1 - estimator_1 - 12_folds.train_4.predict)=60.89%
[ 2020-05-20 16:47:15,429][kfold_wrapper.log_eval_metrics] Accuracy(layer_1 - estimator_1 - 12_folds.train_5.predict)=52.42%
[ 2020-05-20 16:47:15,794][kfold_wrapper.log_eval_metrics] Accuracy(layer_1 - estimator_1 - 12_folds.train_6.predict)=59.68%
[ 2020-05-20 16:47:16,158][kfold_wrapper.log_eval_metrics] Accuracy(layer_1 - estimator_1 - 12_folds.train_7.predict)=62.90%
[ 2020-05-20 16:47:16,524][kfold_wrapper.log_eval_metrics] Accuracy(layer_1 - estimator_1 - 12_folds.train_8.predict)=62.90%
[ 2020-05-20 16:47:16,889][kfold_wrapper.log_eval_metrics] Accuracy(layer_1 - estimator_1 - 12_folds.train_9.predict)=65.73%
[ 2020-05-20 16:47:17,254][kfold_wrapper.log_eval_metrics] Accuracy(layer_1 - estimator_1 - 12_folds.train_10.predict)=62.10%
[ 2020-05-20 16:47:17,621][kfold_wrapper.log_eval_metrics] Accuracy(layer_1 - estimator_1 - 12_folds.train_11.predict)=56.85%
[ 2020-05-20 16:47:17,738][kfold_wrapper.log_eval_metrics] Accuracy(layer_1 - estimator_1 - 12_folds.train_cv.predict)=60.64%
[ 2020-05-20 16:47:17,740][kfold_wrapper.log_eval_metrics] Accuracy(layer_1 - estimator_1 - 12_folds.test.predict)=70.20%
[ 2020-05-20 16:47:17,813][kfold_wrapper.log_eval_metrics] Accuracy(layer_1 - estimator_2 - 12_folds.train_0.predict)=64.26%
[ 2020-05-20 16:47:17,867][kfold_wrapper.log_eval_metrics] Accuracy(layer_1 - estimator_2 - 12_folds.train_1.predict)=64.26%
[ 2020-05-20 16:47:17,918][kfold_wrapper.log_eval_metrics] Accuracy(layer_1 - estimator_2 - 12_folds.train_2.predict)=64.26%
[ 2020-05-20 16:47:17,970][kfold_wrapper.log_eval_metrics] Accuracy(layer_1 - estimator_2 - 12_folds.train_3.predict)=64.26%
[ 2020-05-20 16:47:18,023][kfold_wrapper.log_eval_metrics] Accuracy(layer_1 - estimator_2 - 12_folds.train_4.predict)=64.11%
[ 2020-05-20 16:47:18,076][kfold_wrapper.log_eval_metrics] Accuracy(layer_1 - estimator_2 - 12_folds.train_5.predict)=64.11%
[ 2020-05-20 16:47:18,127][kfold_wrapper.log_eval_metrics] Accuracy(layer_1 - estimator_2 - 12_folds.train_6.predict)=64.11%
[ 2020-05-20 16:47:18,182][kfold_wrapper.log_eval_metrics] Accuracy(layer_1 - estimator_2 - 12_folds.train_7.predict)=64.11%
[ 2020-05-20 16:47:18,234][kfold_wrapper.log_eval_metrics] Accuracy(layer_1 - estimator_2 - 12_folds.train_8.predict)=64.52%
[ 2020-05-20 16:47:18,289][kfold_wrapper.log_eval_metrics] Accuracy(layer_1 - estimator_2 - 12_folds.train_9.predict)=64.52%
[ 2020-05-20 16:47:18,341][kfold_wrapper.log_eval_metrics] Accuracy(layer_1 - estimator_2 - 12_folds.train_10.predict)=64.52%
[ 2020-05-20 16:47:18,392][kfold_wrapper.log_eval_metrics] Accuracy(layer_1 - estimator_2 - 12_folds.train_11.predict)=64.52%
[ 2020-05-20 16:47:18,395][kfold_wrapper.log_eval_metrics] Accuracy(layer_1 - estimator_2 - 12_folds.train_cv.predict)=64.30%
[ 2020-05-20 16:47:18,398][kfold_wrapper.log_eval_metrics] Accuracy(layer_1 - estimator_2 - 12_folds.test.predict)=70.60%
[ 2020-05-20 16:47:18,402][cascade_classifier.calc_accuracy] Accuracy(layer_1 - train.classifier_average)=63.76%
[ 2020-05-20 16:47:18,404][cascade_classifier.calc_accuracy] Accuracy(layer_1 - test.classifier_average)=70.47%
[ 2020-05-20 16:47:18,407][cascade_classifier.fit_transform] [layer=2] look_indexs=[0], X_cur_train.shape=(2980, 12), X_cur_test.shape=(745, 12)
[ 2020-05-20 16:47:18,650][kfold_wrapper.log_eval_metrics] Accuracy(layer_2 - estimator_0 - 12_folds.train_0.predict)=58.23%
[ 2020-05-20 16:47:19,002][kfold_wrapper.log_eval_metrics] Accuracy(layer_2 - estimator_0 - 12_folds.train_1.predict)=61.85%
[ 2020-05-20 16:47:19,366][kfold_wrapper.log_eval_metrics] Accuracy(layer_2 - estimator_0 - 12_folds.train_2.predict)=62.65%
[ 2020-05-20 16:47:19,733][kfold_wrapper.log_eval_metrics] Accuracy(layer_2 - estimator_0 - 12_folds.train_3.predict)=61.85%
[ 2020-05-20 16:47:20,098][kfold_wrapper.log_eval_metrics] Accuracy(layer_2 - estimator_0 - 12_folds.train_4.predict)=62.90%
[ 2020-05-20 16:47:20,464][kfold_wrapper.log_eval_metrics] Accuracy(layer_2 - estimator_0 - 12_folds.train_5.predict)=60.89%
[ 2020-05-20 16:47:20,832][kfold_wrapper.log_eval_metrics] Accuracy(layer_2 - estimator_0 - 12_folds.train_6.predict)=58.06%
[ 2020-05-20 16:47:21,198][kfold_wrapper.log_eval_metrics] Accuracy(layer_2 - estimator_0 - 12_folds.train_7.predict)=60.08%
[ 2020-05-20 16:47:21,565][kfold_wrapper.log_eval_metrics] Accuracy(layer_2 - estimator_0 - 12_folds.train_8.predict)=58.47%
[ 2020-05-20 16:47:21,931][kfold_wrapper.log_eval_metrics] Accuracy(layer_2 - estimator_0 - 12_folds.train_9.predict)=61.29%
[ 2020-05-20 16:47:22,298][kfold_wrapper.log_eval_metrics] Accuracy(layer_2 - estimator_0 - 12_folds.train_10.predict)=62.90%
[ 2020-05-20 16:47:22,665][kfold_wrapper.log_eval_metrics] Accuracy(layer_2 - estimator_0 - 12_folds.train_11.predict)=58.47%
[ 2020-05-20 16:47:22,781][kfold_wrapper.log_eval_metrics] Accuracy(layer_2 - estimator_0 - 12_folds.train_cv.predict)=60.64%
[ 2020-05-20 16:47:22,783][kfold_wrapper.log_eval_metrics] Accuracy(layer_2 - estimator_0 - 12_folds.test.predict)=70.47%
[ 2020-05-20 16:47:23,041][kfold_wrapper.log_eval_metrics] Accuracy(layer_2 - estimator_1 - 12_folds.train_0.predict)=57.43%
[ 2020-05-20 16:47:23,406][kfold_wrapper.log_eval_metrics] Accuracy(layer_2 - estimator_1 - 12_folds.train_1.predict)=63.45%
[ 2020-05-20 16:47:23,772][kfold_wrapper.log_eval_metrics] Accuracy(layer_2 - estimator_1 - 12_folds.train_2.predict)=57.83%
[ 2020-05-20 16:47:24,237][kfold_wrapper.log_eval_metrics] Accuracy(layer_2 - estimator_1 - 12_folds.train_3.predict)=55.02%
[ 2020-05-20 16:47:24,598][kfold_wrapper.log_eval_metrics] Accuracy(layer_2 - estimator_1 - 12_folds.train_4.predict)=65.73%
[ 2020-05-20 16:47:24,963][kfold_wrapper.log_eval_metrics] Accuracy(layer_2 - estimator_1 - 12_folds.train_5.predict)=62.50%
[ 2020-05-20 16:47:25,328][kfold_wrapper.log_eval_metrics] Accuracy(layer_2 - estimator_1 - 12_folds.train_6.predict)=58.06%
[ 2020-05-20 16:47:25,694][kfold_wrapper.log_eval_metrics] Accuracy(layer_2 - estimator_1 - 12_folds.train_7.predict)=58.87%
[ 2020-05-20 16:47:26,058][kfold_wrapper.log_eval_metrics] Accuracy(layer_2 - estimator_1 - 12_folds.train_8.predict)=57.26%
[ 2020-05-20 16:47:26,424][kfold_wrapper.log_eval_metrics] Accuracy(layer_2 - estimator_1 - 12_folds.train_9.predict)=61.69%
[ 2020-05-20 16:47:26,792][kfold_wrapper.log_eval_metrics] Accuracy(layer_2 - estimator_1 - 12_folds.train_10.predict)=60.48%
[ 2020-05-20 16:47:27,158][kfold_wrapper.log_eval_metrics] Accuracy(layer_2 - estimator_1 - 12_folds.train_11.predict)=62.10%
[ 2020-05-20 16:47:27,275][kfold_wrapper.log_eval_metrics] Accuracy(layer_2 - estimator_1 - 12_folds.train_cv.predict)=60.03%
[ 2020-05-20 16:47:27,278][kfold_wrapper.log_eval_metrics] Accuracy(layer_2 - estimator_1 - 12_folds.test.predict)=68.99%
[ 2020-05-20 16:47:27,352][kfold_wrapper.log_eval_metrics] Accuracy(layer_2 - estimator_2 - 12_folds.train_0.predict)=64.26%
[ 2020-05-20 16:47:27,412][kfold_wrapper.log_eval_metrics] Accuracy(layer_2 - estimator_2 - 12_folds.train_1.predict)=64.26%
[ 2020-05-20 16:47:27,475][kfold_wrapper.log_eval_metrics] Accuracy(layer_2 - estimator_2 - 12_folds.train_2.predict)=64.26%
[ 2020-05-20 16:47:27,536][kfold_wrapper.log_eval_metrics] Accuracy(layer_2 - estimator_2 - 12_folds.train_3.predict)=64.26%
[ 2020-05-20 16:47:27,597][kfold_wrapper.log_eval_metrics] Accuracy(layer_2 - estimator_2 - 12_folds.train_4.predict)=64.11%
[ 2020-05-20 16:47:27,656][kfold_wrapper.log_eval_metrics] Accuracy(layer_2 - estimator_2 - 12_folds.train_5.predict)=64.11%
[ 2020-05-20 16:47:27,720][kfold_wrapper.log_eval_metrics] Accuracy(layer_2 - estimator_2 - 12_folds.train_6.predict)=64.11%
[ 2020-05-20 16:47:27,779][kfold_wrapper.log_eval_metrics] Accuracy(layer_2 - estimator_2 - 12_folds.train_7.predict)=64.11%
[ 2020-05-20 16:47:27,836][kfold_wrapper.log_eval_metrics] Accuracy(layer_2 - estimator_2 - 12_folds.train_8.predict)=64.52%
[ 2020-05-20 16:47:27,890][kfold_wrapper.log_eval_metrics] Accuracy(layer_2 - estimator_2 - 12_folds.train_9.predict)=64.52%
[ 2020-05-20 16:47:27,940][kfold_wrapper.log_eval_metrics] Accuracy(layer_2 - estimator_2 - 12_folds.train_10.predict)=64.52%
[ 2020-05-20 16:47:27,990][kfold_wrapper.log_eval_metrics] Accuracy(layer_2 - estimator_2 - 12_folds.train_11.predict)=64.52%
[ 2020-05-20 16:47:27,992][kfold_wrapper.log_eval_metrics] Accuracy(layer_2 - estimator_2 - 12_folds.train_cv.predict)=64.30%
[ 2020-05-20 16:47:27,994][kfold_wrapper.log_eval_metrics] Accuracy(layer_2 - estimator_2 - 12_folds.test.predict)=70.60%
[ 2020-05-20 16:47:27,996][cascade_classifier.calc_accuracy] Accuracy(layer_2 - train.classifier_average)=63.15%
[ 2020-05-20 16:47:27,998][cascade_classifier.calc_accuracy] Accuracy(layer_2 - test.classifier_average)=70.34%
[ 2020-05-20 16:47:28,000][cascade_classifier.fit_transform] [layer=3] look_indexs=[0], X_cur_train.shape=(2980, 12), X_cur_test.shape=(745, 12)
[ 2020-05-20 16:47:28,238][kfold_wrapper.log_eval_metrics] Accuracy(layer_3 - estimator_0 - 12_folds.train_0.predict)=60.64%
[ 2020-05-20 16:47:28,605][kfold_wrapper.log_eval_metrics] Accuracy(layer_3 - estimator_0 - 12_folds.train_1.predict)=60.24%
[ 2020-05-20 16:47:28,971][kfold_wrapper.log_eval_metrics] Accuracy(layer_3 - estimator_0 - 12_folds.train_2.predict)=61.45%
[ 2020-05-20 16:47:29,337][kfold_wrapper.log_eval_metrics] Accuracy(layer_3 - estimator_0 - 12_folds.train_3.predict)=57.83%
[ 2020-05-20 16:47:29,687][kfold_wrapper.log_eval_metrics] Accuracy(layer_3 - estimator_0 - 12_folds.train_4.predict)=60.08%
[ 2020-05-20 16:47:30,053][kfold_wrapper.log_eval_metrics] Accuracy(layer_3 - estimator_0 - 12_folds.train_5.predict)=60.89%
[ 2020-05-20 16:47:30,418][kfold_wrapper.log_eval_metrics] Accuracy(layer_3 - estimator_0 - 12_folds.train_6.predict)=59.27%
[ 2020-05-20 16:47:30,784][kfold_wrapper.log_eval_metrics] Accuracy(layer_3 - estimator_0 - 12_folds.train_7.predict)=64.52%
[ 2020-05-20 16:47:31,151][kfold_wrapper.log_eval_metrics] Accuracy(layer_3 - estimator_0 - 12_folds.train_8.predict)=60.48%
[ 2020-05-20 16:47:31,519][kfold_wrapper.log_eval_metrics] Accuracy(layer_3 - estimator_0 - 12_folds.train_9.predict)=63.31%
[ 2020-05-20 16:47:31,885][kfold_wrapper.log_eval_metrics] Accuracy(layer_3 - estimator_0 - 12_folds.train_10.predict)=62.90%
[ 2020-05-20 16:47:32,252][kfold_wrapper.log_eval_metrics] Accuracy(layer_3 - estimator_0 - 12_folds.train_11.predict)=62.50%
[ 2020-05-20 16:47:32,368][kfold_wrapper.log_eval_metrics] Accuracy(layer_3 - estimator_0 - 12_folds.train_cv.predict)=61.17%
[ 2020-05-20 16:47:32,371][kfold_wrapper.log_eval_metrics] Accuracy(layer_3 - estimator_0 - 12_folds.test.predict)=68.59%
[ 2020-05-20 16:47:32,632][kfold_wrapper.log_eval_metrics] Accuracy(layer_3 - estimator_1 - 12_folds.train_0.predict)=62.65%
[ 2020-05-20 16:47:33,000][kfold_wrapper.log_eval_metrics] Accuracy(layer_3 - estimator_1 - 12_folds.train_1.predict)=59.44%
[ 2020-05-20 16:47:33,367][kfold_wrapper.log_eval_metrics] Accuracy(layer_3 - estimator_1 - 12_folds.train_2.predict)=57.03%
[ 2020-05-20 16:47:33,734][kfold_wrapper.log_eval_metrics] Accuracy(layer_3 - estimator_1 - 12_folds.train_3.predict)=61.45%
[ 2020-05-20 16:47:34,101][kfold_wrapper.log_eval_metrics] Accuracy(layer_3 - estimator_1 - 12_folds.train_4.predict)=60.89%
[ 2020-05-20 16:47:34,467][kfold_wrapper.log_eval_metrics] Accuracy(layer_3 - estimator_1 - 12_folds.train_5.predict)=58.06%
[ 2020-05-20 16:47:34,819][kfold_wrapper.log_eval_metrics] Accuracy(layer_3 - estimator_1 - 12_folds.train_6.predict)=61.29%
[ 2020-05-20 16:47:35,182][kfold_wrapper.log_eval_metrics] Accuracy(layer_3 - estimator_1 - 12_folds.train_7.predict)=62.10%
[ 2020-05-20 16:47:35,550][kfold_wrapper.log_eval_metrics] Accuracy(layer_3 - estimator_1 - 12_folds.train_8.predict)=59.27%
[ 2020-05-20 16:47:35,917][kfold_wrapper.log_eval_metrics] Accuracy(layer_3 - estimator_1 - 12_folds.train_9.predict)=60.48%
[ 2020-05-20 16:47:36,284][kfold_wrapper.log_eval_metrics] Accuracy(layer_3 - estimator_1 - 12_folds.train_10.predict)=59.27%
[ 2020-05-20 16:47:36,651][kfold_wrapper.log_eval_metrics] Accuracy(layer_3 - estimator_1 - 12_folds.train_11.predict)=56.45%
[ 2020-05-20 16:47:36,768][kfold_wrapper.log_eval_metrics] Accuracy(layer_3 - estimator_1 - 12_folds.train_cv.predict)=59.87%
[ 2020-05-20 16:47:36,771][kfold_wrapper.log_eval_metrics] Accuracy(layer_3 - estimator_1 - 12_folds.test.predict)=70.07%
[ 2020-05-20 16:47:36,839][kfold_wrapper.log_eval_metrics] Accuracy(layer_3 - estimator_2 - 12_folds.train_0.predict)=64.26%
[ 2020-05-20 16:47:36,896][kfold_wrapper.log_eval_metrics] Accuracy(layer_3 - estimator_2 - 12_folds.train_1.predict)=64.26%
[ 2020-05-20 16:47:36,954][kfold_wrapper.log_eval_metrics] Accuracy(layer_3 - estimator_2 - 12_folds.train_2.predict)=64.26%
[ 2020-05-20 16:47:37,008][kfold_wrapper.log_eval_metrics] Accuracy(layer_3 - estimator_2 - 12_folds.train_3.predict)=64.26%
[ 2020-05-20 16:47:37,061][kfold_wrapper.log_eval_metrics] Accuracy(layer_3 - estimator_2 - 12_folds.train_4.predict)=64.11%
[ 2020-05-20 16:47:37,117][kfold_wrapper.log_eval_metrics] Accuracy(layer_3 - estimator_2 - 12_folds.train_5.predict)=64.11%
[ 2020-05-20 16:47:37,171][kfold_wrapper.log_eval_metrics] Accuracy(layer_3 - estimator_2 - 12_folds.train_6.predict)=64.11%
[ 2020-05-20 16:47:37,224][kfold_wrapper.log_eval_metrics] Accuracy(layer_3 - estimator_2 - 12_folds.train_7.predict)=64.11%
[ 2020-05-20 16:47:37,282][kfold_wrapper.log_eval_metrics] Accuracy(layer_3 - estimator_2 - 12_folds.train_8.predict)=64.52%
[ 2020-05-20 16:47:37,336][kfold_wrapper.log_eval_metrics] Accuracy(layer_3 - estimator_2 - 12_folds.train_9.predict)=64.52%
[ 2020-05-20 16:47:37,394][kfold_wrapper.log_eval_metrics] Accuracy(layer_3 - estimator_2 - 12_folds.train_10.predict)=64.52%
[ 2020-05-20 16:47:37,459][kfold_wrapper.log_eval_metrics] Accuracy(layer_3 - estimator_2 - 12_folds.train_11.predict)=64.52%
[ 2020-05-20 16:47:37,462][kfold_wrapper.log_eval_metrics] Accuracy(layer_3 - estimator_2 - 12_folds.train_cv.predict)=64.30%
[ 2020-05-20 16:47:37,464][kfold_wrapper.log_eval_metrics] Accuracy(layer_3 - estimator_2 - 12_folds.test.predict)=70.60%
[ 2020-05-20 16:47:37,470][cascade_classifier.calc_accuracy] Accuracy(layer_3 - train.classifier_average)=62.28%
[ 2020-05-20 16:47:37,474][cascade_classifier.calc_accuracy] Accuracy(layer_3 - test.classifier_average)=70.47%
[ 2020-05-20 16:47:37,478][cascade_classifier.fit_transform] [layer=4] look_indexs=[0], X_cur_train.shape=(2980, 12), X_cur_test.shape=(745, 12)
[ 2020-05-20 16:47:37,720][kfold_wrapper.log_eval_metrics] Accuracy(layer_4 - estimator_0 - 12_folds.train_0.predict)=60.24%
[ 2020-05-20 16:47:38,087][kfold_wrapper.log_eval_metrics] Accuracy(layer_4 - estimator_0 - 12_folds.train_1.predict)=61.85%
[ 2020-05-20 16:47:38,455][kfold_wrapper.log_eval_metrics] Accuracy(layer_4 - estimator_0 - 12_folds.train_2.predict)=59.04%
[ 2020-05-20 16:47:38,824][kfold_wrapper.log_eval_metrics] Accuracy(layer_4 - estimator_0 - 12_folds.train_3.predict)=55.42%
[ 2020-05-20 16:47:39,190][kfold_wrapper.log_eval_metrics] Accuracy(layer_4 - estimator_0 - 12_folds.train_4.predict)=56.45%
[ 2020-05-20 16:47:39,558][kfold_wrapper.log_eval_metrics] Accuracy(layer_4 - estimator_0 - 12_folds.train_5.predict)=58.87%
[ 2020-05-20 16:47:39,924][kfold_wrapper.log_eval_metrics] Accuracy(layer_4 - estimator_0 - 12_folds.train_6.predict)=58.06%
[ 2020-05-20 16:47:40,275][kfold_wrapper.log_eval_metrics] Accuracy(layer_4 - estimator_0 - 12_folds.train_7.predict)=58.47%
[ 2020-05-20 16:47:40,641][kfold_wrapper.log_eval_metrics] Accuracy(layer_4 - estimator_0 - 12_folds.train_8.predict)=64.52%
[ 2020-05-20 16:47:41,008][kfold_wrapper.log_eval_metrics] Accuracy(layer_4 - estimator_0 - 12_folds.train_9.predict)=59.68%
[ 2020-05-20 16:47:41,376][kfold_wrapper.log_eval_metrics] Accuracy(layer_4 - estimator_0 - 12_folds.train_10.predict)=60.08%
[ 2020-05-20 16:47:41,744][kfold_wrapper.log_eval_metrics] Accuracy(layer_4 - estimator_0 - 12_folds.train_11.predict)=64.52%
[ 2020-05-20 16:47:41,860][kfold_wrapper.log_eval_metrics] Accuracy(layer_4 - estimator_0 - 12_folds.train_cv.predict)=59.77%
[ 2020-05-20 16:47:41,863][kfold_wrapper.log_eval_metrics] Accuracy(layer_4 - estimator_0 - 12_folds.test.predict)=70.47%
[ 2020-05-20 16:47:42,124][kfold_wrapper.log_eval_metrics] Accuracy(layer_4 - estimator_1 - 12_folds.train_0.predict)=61.45%
[ 2020-05-20 16:47:42,491][kfold_wrapper.log_eval_metrics] Accuracy(layer_4 - estimator_1 - 12_folds.train_1.predict)=61.45%
[ 2020-05-20 16:47:42,858][kfold_wrapper.log_eval_metrics] Accuracy(layer_4 - estimator_1 - 12_folds.train_2.predict)=54.22%
[ 2020-05-20 16:47:43,221][kfold_wrapper.log_eval_metrics] Accuracy(layer_4 - estimator_1 - 12_folds.train_3.predict)=61.85%
[ 2020-05-20 16:47:43,590][kfold_wrapper.log_eval_metrics] Accuracy(layer_4 - estimator_1 - 12_folds.train_4.predict)=63.31%
[ 2020-05-20 16:47:43,956][kfold_wrapper.log_eval_metrics] Accuracy(layer_4 - estimator_1 - 12_folds.train_5.predict)=62.10%
[ 2020-05-20 16:47:44,324][kfold_wrapper.log_eval_metrics] Accuracy(layer_4 - estimator_1 - 12_folds.train_6.predict)=59.27%
[ 2020-05-20 16:47:44,691][kfold_wrapper.log_eval_metrics] Accuracy(layer_4 - estimator_1 - 12_folds.train_7.predict)=64.52%
[ 2020-05-20 16:47:45,060][kfold_wrapper.log_eval_metrics] Accuracy(layer_4 - estimator_1 - 12_folds.train_8.predict)=62.10%
[ 2020-05-20 16:47:45,413][kfold_wrapper.log_eval_metrics] Accuracy(layer_4 - estimator_1 - 12_folds.train_9.predict)=60.08%
[ 2020-05-20 16:47:45,777][kfold_wrapper.log_eval_metrics] Accuracy(layer_4 - estimator_1 - 12_folds.train_10.predict)=62.90%
[ 2020-05-20 16:47:46,143][kfold_wrapper.log_eval_metrics] Accuracy(layer_4 - estimator_1 - 12_folds.train_11.predict)=61.29%
[ 2020-05-20 16:47:46,260][kfold_wrapper.log_eval_metrics] Accuracy(layer_4 - estimator_1 - 12_folds.train_cv.predict)=61.21%
[ 2020-05-20 16:47:46,263][kfold_wrapper.log_eval_metrics] Accuracy(layer_4 - estimator_1 - 12_folds.test.predict)=70.87%
[ 2020-05-20 16:47:46,333][kfold_wrapper.log_eval_metrics] Accuracy(layer_4 - estimator_2 - 12_folds.train_0.predict)=64.26%
[ 2020-05-20 16:47:46,391][kfold_wrapper.log_eval_metrics] Accuracy(layer_4 - estimator_2 - 12_folds.train_1.predict)=64.26%
[ 2020-05-20 16:47:46,453][kfold_wrapper.log_eval_metrics] Accuracy(layer_4 - estimator_2 - 12_folds.train_2.predict)=64.26%
[ 2020-05-20 16:47:46,508][kfold_wrapper.log_eval_metrics] Accuracy(layer_4 - estimator_2 - 12_folds.train_3.predict)=64.26%
[ 2020-05-20 16:47:46,568][kfold_wrapper.log_eval_metrics] Accuracy(layer_4 - estimator_2 - 12_folds.train_4.predict)=64.11%
[ 2020-05-20 16:47:46,622][kfold_wrapper.log_eval_metrics] Accuracy(layer_4 - estimator_2 - 12_folds.train_5.predict)=64.11%
[ 2020-05-20 16:47:46,677][kfold_wrapper.log_eval_metrics] Accuracy(layer_4 - estimator_2 - 12_folds.train_6.predict)=64.11%
[ 2020-05-20 16:47:46,731][kfold_wrapper.log_eval_metrics] Accuracy(layer_4 - estimator_2 - 12_folds.train_7.predict)=64.11%
[ 2020-05-20 16:47:46,790][kfold_wrapper.log_eval_metrics] Accuracy(layer_4 - estimator_2 - 12_folds.train_8.predict)=64.52%
[ 2020-05-20 16:47:46,849][kfold_wrapper.log_eval_metrics] Accuracy(layer_4 - estimator_2 - 12_folds.train_9.predict)=64.52%
[ 2020-05-20 16:47:46,912][kfold_wrapper.log_eval_metrics] Accuracy(layer_4 - estimator_2 - 12_folds.train_10.predict)=64.52%
[ 2020-05-20 16:47:46,978][kfold_wrapper.log_eval_metrics] Accuracy(layer_4 - estimator_2 - 12_folds.train_11.predict)=64.52%
[ 2020-05-20 16:47:46,982][kfold_wrapper.log_eval_metrics] Accuracy(layer_4 - estimator_2 - 12_folds.train_cv.predict)=64.30%
[ 2020-05-20 16:47:46,984][kfold_wrapper.log_eval_metrics] Accuracy(layer_4 - estimator_2 - 12_folds.test.predict)=70.60%
[ 2020-05-20 16:47:46,987][cascade_classifier.calc_accuracy] Accuracy(layer_4 - train.classifier_average)=62.35%
[ 2020-05-20 16:47:46,989][cascade_classifier.calc_accuracy] Accuracy(layer_4 - test.classifier_average)=70.60%
[ 2020-05-20 16:47:46,993][cascade_classifier.fit_transform] [layer=5] look_indexs=[0], X_cur_train.shape=(2980, 12), X_cur_test.shape=(745, 12)
[ 2020-05-20 16:47:47,248][kfold_wrapper.log_eval_metrics] Accuracy(layer_5 - estimator_0 - 12_folds.train_0.predict)=61.85%
[ 2020-05-20 16:47:47,617][kfold_wrapper.log_eval_metrics] Accuracy(layer_5 - estimator_0 - 12_folds.train_1.predict)=59.04%
[ 2020-05-20 16:47:47,983][kfold_wrapper.log_eval_metrics] Accuracy(layer_5 - estimator_0 - 12_folds.train_2.predict)=59.84%
[ 2020-05-20 16:47:48,351][kfold_wrapper.log_eval_metrics] Accuracy(layer_5 - estimator_0 - 12_folds.train_3.predict)=66.27%
[ 2020-05-20 16:47:48,716][kfold_wrapper.log_eval_metrics] Accuracy(layer_5 - estimator_0 - 12_folds.train_4.predict)=60.89%
[ 2020-05-20 16:47:49,085][kfold_wrapper.log_eval_metrics] Accuracy(layer_5 - estimator_0 - 12_folds.train_5.predict)=62.10%
[ 2020-05-20 16:47:49,453][kfold_wrapper.log_eval_metrics] Accuracy(layer_5 - estimator_0 - 12_folds.train_6.predict)=59.68%
[ 2020-05-20 16:47:49,820][kfold_wrapper.log_eval_metrics] Accuracy(layer_5 - estimator_0 - 12_folds.train_7.predict)=61.69%
[ 2020-05-20 16:47:50,187][kfold_wrapper.log_eval_metrics] Accuracy(layer_5 - estimator_0 - 12_folds.train_8.predict)=58.87%
[ 2020-05-20 16:47:50,555][kfold_wrapper.log_eval_metrics] Accuracy(layer_5 - estimator_0 - 12_folds.train_9.predict)=61.29%
[ 2020-05-20 16:47:50,903][kfold_wrapper.log_eval_metrics] Accuracy(layer_5 - estimator_0 - 12_folds.train_10.predict)=56.45%
[ 2020-05-20 16:47:51,272][kfold_wrapper.log_eval_metrics] Accuracy(layer_5 - estimator_0 - 12_folds.train_11.predict)=59.68%
[ 2020-05-20 16:47:51,390][kfold_wrapper.log_eval_metrics] Accuracy(layer_5 - estimator_0 - 12_folds.train_cv.predict)=60.64%
[ 2020-05-20 16:47:51,394][kfold_wrapper.log_eval_metrics] Accuracy(layer_5 - estimator_0 - 12_folds.test.predict)=68.86%
[ 2020-05-20 16:47:51,654][kfold_wrapper.log_eval_metrics] Accuracy(layer_5 - estimator_1 - 12_folds.train_0.predict)=61.04%
[ 2020-05-20 16:47:52,020][kfold_wrapper.log_eval_metrics] Accuracy(layer_5 - estimator_1 - 12_folds.train_1.predict)=62.65%
[ 2020-05-20 16:47:52,387][kfold_wrapper.log_eval_metrics] Accuracy(layer_5 - estimator_1 - 12_folds.train_2.predict)=57.83%
[ 2020-05-20 16:47:52,754][kfold_wrapper.log_eval_metrics] Accuracy(layer_5 - estimator_1 - 12_folds.train_3.predict)=59.04%
[ 2020-05-20 16:47:53,119][kfold_wrapper.log_eval_metrics] Accuracy(layer_5 - estimator_1 - 12_folds.train_4.predict)=62.90%
[ 2020-05-20 16:47:53,484][kfold_wrapper.log_eval_metrics] Accuracy(layer_5 - estimator_1 - 12_folds.train_5.predict)=58.47%
[ 2020-05-20 16:47:53,851][kfold_wrapper.log_eval_metrics] Accuracy(layer_5 - estimator_1 - 12_folds.train_6.predict)=59.68%
[ 2020-05-20 16:47:54,218][kfold_wrapper.log_eval_metrics] Accuracy(layer_5 - estimator_1 - 12_folds.train_7.predict)=58.47%
[ 2020-05-20 16:47:54,586][kfold_wrapper.log_eval_metrics] Accuracy(layer_5 - estimator_1 - 12_folds.train_8.predict)=62.50%
[ 2020-05-20 16:47:54,955][kfold_wrapper.log_eval_metrics] Accuracy(layer_5 - estimator_1 - 12_folds.train_9.predict)=67.34%
[ 2020-05-20 16:47:55,323][kfold_wrapper.log_eval_metrics] Accuracy(layer_5 - estimator_1 - 12_folds.train_10.predict)=58.47%
[ 2020-05-20 16:47:55,692][kfold_wrapper.log_eval_metrics] Accuracy(layer_5 - estimator_1 - 12_folds.train_11.predict)=60.08%
[ 2020-05-20 16:47:55,810][kfold_wrapper.log_eval_metrics] Accuracy(layer_5 - estimator_1 - 12_folds.train_cv.predict)=60.70%
[ 2020-05-20 16:47:55,813][kfold_wrapper.log_eval_metrics] Accuracy(layer_5 - estimator_1 - 12_folds.test.predict)=70.20%
[ 2020-05-20 16:47:55,871][kfold_wrapper.log_eval_metrics] Accuracy(layer_5 - estimator_2 - 12_folds.train_0.predict)=64.26%
[ 2020-05-20 16:47:55,911][kfold_wrapper.log_eval_metrics] Accuracy(layer_5 - estimator_2 - 12_folds.train_1.predict)=64.26%
[ 2020-05-20 16:47:55,957][kfold_wrapper.log_eval_metrics] Accuracy(layer_5 - estimator_2 - 12_folds.train_2.predict)=64.26%
[ 2020-05-20 16:47:56,004][kfold_wrapper.log_eval_metrics] Accuracy(layer_5 - estimator_2 - 12_folds.train_3.predict)=64.26%
[ 2020-05-20 16:47:56,059][kfold_wrapper.log_eval_metrics] Accuracy(layer_5 - estimator_2 - 12_folds.train_4.predict)=64.11%
[ 2020-05-20 16:47:56,110][kfold_wrapper.log_eval_metrics] Accuracy(layer_5 - estimator_2 - 12_folds.train_5.predict)=64.11%
[ 2020-05-20 16:47:56,162][kfold_wrapper.log_eval_metrics] Accuracy(layer_5 - estimator_2 - 12_folds.train_6.predict)=64.11%
[ 2020-05-20 16:47:56,214][kfold_wrapper.log_eval_metrics] Accuracy(layer_5 - estimator_2 - 12_folds.train_7.predict)=64.11%
[ 2020-05-20 16:47:56,271][kfold_wrapper.log_eval_metrics] Accuracy(layer_5 - estimator_2 - 12_folds.train_8.predict)=64.52%
[ 2020-05-20 16:47:56,324][kfold_wrapper.log_eval_metrics] Accuracy(layer_5 - estimator_2 - 12_folds.train_9.predict)=64.52%
[ 2020-05-20 16:47:56,376][kfold_wrapper.log_eval_metrics] Accuracy(layer_5 - estimator_2 - 12_folds.train_10.predict)=64.52%
[ 2020-05-20 16:47:56,432][kfold_wrapper.log_eval_metrics] Accuracy(layer_5 - estimator_2 - 12_folds.train_11.predict)=64.52%
[ 2020-05-20 16:47:56,435][kfold_wrapper.log_eval_metrics] Accuracy(layer_5 - estimator_2 - 12_folds.train_cv.predict)=64.30%
[ 2020-05-20 16:47:56,437][kfold_wrapper.log_eval_metrics] Accuracy(layer_5 - estimator_2 - 12_folds.test.predict)=70.60%
[ 2020-05-20 16:47:56,439][cascade_classifier.calc_accuracy] Accuracy(layer_5 - train.classifier_average)=62.42%
[ 2020-05-20 16:47:56,441][cascade_classifier.calc_accuracy] Accuracy(layer_5 - test.classifier_average)=70.07%
[ 2020-05-20 16:47:56,442][cascade_classifier.fit_transform] [Result][Optimal Level Detected] opt_layer_num=2, accuracy_train=63.76%, accuracy_test=70.47%
[ 2020-05-20 16:51:39,690][cascade_classifier.transform] X_groups_test.shape=[(566,)]
[ 2020-05-20 16:52:13,935][cascade_classifier.transform] X_groups_test.shape=[(566,)]
[ 2020-05-20 16:53:28,502][cascade_classifier.transform] X_groups_test.shape=[(566, 6)]
[ 2020-05-20 16:53:28,504][cascade_classifier.transform] group_dims=[6]
[ 2020-05-20 16:53:28,508][cascade_classifier.transform] X_test.shape=(566, 6)
[ 2020-05-20 16:53:28,513][cascade_classifier.transform] [layer=0] look_indexs=[0], X_cur_test.shape=(566, 6)
[ 2020-05-20 16:53:31,567][cascade_classifier.transform] X_groups_test.shape=[(566, 6)]
[ 2020-05-20 16:58:42,399][cascade_classifier.transform] X_groups_test.shape=[(2980, 6)]
[ 2020-05-20 16:58:42,401][cascade_classifier.transform] group_dims=[6]
[ 2020-05-20 16:58:42,405][cascade_classifier.transform] X_test.shape=(2980, 6)
[ 2020-05-20 16:58:42,408][cascade_classifier.transform] [layer=0] look_indexs=[0], X_cur_test.shape=(2980, 6)
[ 2020-05-20 16:58:45,116][cascade_classifier.transform] [layer=1] look_indexs=[0], X_cur_test.shape=(2980, 12)
[ 2020-05-20 16:59:26,190][cascade_classifier.transform] X_groups_test.shape=[(566, 6)]
[ 2020-05-20 16:59:26,192][cascade_classifier.transform] group_dims=[6]
[ 2020-05-20 16:59:26,196][cascade_classifier.transform] X_test.shape=(566, 6)
[ 2020-05-20 16:59:26,199][cascade_classifier.transform] [layer=0] look_indexs=[0], X_cur_test.shape=(566, 6)
[ 2020-05-20 16:59:28,889][cascade_classifier.transform] [layer=1] look_indexs=[0], X_cur_test.shape=(566, 12)
[ 2020-05-20 16:59:48,961][cascade_classifier.transform] X_groups_test.shape=[(566, 6)]
[ 2020-05-20 16:59:48,963][cascade_classifier.transform] group_dims=[6]
[ 2020-05-20 16:59:48,966][cascade_classifier.transform] X_test.shape=(566, 6)
[ 2020-05-20 16:59:48,969][cascade_classifier.transform] [layer=0] look_indexs=[0], X_cur_test.shape=(566, 6)
[ 2020-05-20 16:59:51,659][cascade_classifier.transform] [layer=1] look_indexs=[0], X_cur_test.shape=(566, 12)
[ 2020-05-20 17:19:50,978][cascade_classifier.fit_transform] X_groups_train.shape=[(2980, 6)],y_train.shape=(2980,),X_groups_test.shape=[(745, 6)],y_test.shape=(745,)
[ 2020-05-20 17:19:50,983][cascade_classifier.fit_transform] group_dims=[6]
[ 2020-05-20 17:19:50,986][cascade_classifier.fit_transform] group_starts=[0]
[ 2020-05-20 17:19:50,989][cascade_classifier.fit_transform] group_ends=[6]
[ 2020-05-20 17:19:50,993][cascade_classifier.fit_transform] X_train.shape=(2980, 6),X_test.shape=(745, 6)
[ 2020-05-20 17:19:50,999][cascade_classifier.fit_transform] [layer=0] look_indexs=[0], X_cur_train.shape=(2980, 6), X_cur_test.shape=(745, 6)
[ 2020-05-20 17:19:51,240][kfold_wrapper.log_eval_metrics] Accuracy(layer_0 - estimator_0 - 12_folds.train_0.predict)=60.24%
[ 2020-05-20 17:19:51,610][kfold_wrapper.log_eval_metrics] Accuracy(layer_0 - estimator_0 - 12_folds.train_1.predict)=61.04%
[ 2020-05-20 17:19:51,979][kfold_wrapper.log_eval_metrics] Accuracy(layer_0 - estimator_0 - 12_folds.train_2.predict)=61.85%
[ 2020-05-20 17:19:52,350][kfold_wrapper.log_eval_metrics] Accuracy(layer_0 - estimator_0 - 12_folds.train_3.predict)=55.82%
[ 2020-05-20 17:19:52,716][kfold_wrapper.log_eval_metrics] Accuracy(layer_0 - estimator_0 - 12_folds.train_4.predict)=60.89%
[ 2020-05-20 17:19:53,081][kfold_wrapper.log_eval_metrics] Accuracy(layer_0 - estimator_0 - 12_folds.train_5.predict)=64.52%
[ 2020-05-20 17:19:53,444][kfold_wrapper.log_eval_metrics] Accuracy(layer_0 - estimator_0 - 12_folds.train_6.predict)=64.11%
[ 2020-05-20 17:19:53,811][kfold_wrapper.log_eval_metrics] Accuracy(layer_0 - estimator_0 - 12_folds.train_7.predict)=58.47%
[ 2020-05-20 17:19:54,180][kfold_wrapper.log_eval_metrics] Accuracy(layer_0 - estimator_0 - 12_folds.train_8.predict)=60.08%
[ 2020-05-20 17:19:54,549][kfold_wrapper.log_eval_metrics] Accuracy(layer_0 - estimator_0 - 12_folds.train_9.predict)=56.85%
[ 2020-05-20 17:19:54,918][kfold_wrapper.log_eval_metrics] Accuracy(layer_0 - estimator_0 - 12_folds.train_10.predict)=59.27%
[ 2020-05-20 17:19:55,287][kfold_wrapper.log_eval_metrics] Accuracy(layer_0 - estimator_0 - 12_folds.train_11.predict)=60.08%
[ 2020-05-20 17:19:55,404][kfold_wrapper.log_eval_metrics] Accuracy(layer_0 - estimator_0 - 12_folds.train_cv.predict)=60.27%
[ 2020-05-20 17:19:55,406][kfold_wrapper.log_eval_metrics] Accuracy(layer_0 - estimator_0 - 12_folds.test.predict)=66.31%
[ 2020-05-20 17:19:55,669][kfold_wrapper.log_eval_metrics] Accuracy(layer_0 - estimator_1 - 12_folds.train_0.predict)=57.03%
[ 2020-05-20 17:19:56,038][kfold_wrapper.log_eval_metrics] Accuracy(layer_0 - estimator_1 - 12_folds.train_1.predict)=61.45%
[ 2020-05-20 17:19:56,406][kfold_wrapper.log_eval_metrics] Accuracy(layer_0 - estimator_1 - 12_folds.train_2.predict)=61.85%
[ 2020-05-20 17:19:56,775][kfold_wrapper.log_eval_metrics] Accuracy(layer_0 - estimator_1 - 12_folds.train_3.predict)=62.65%
[ 2020-05-20 17:19:57,144][kfold_wrapper.log_eval_metrics] Accuracy(layer_0 - estimator_1 - 12_folds.train_4.predict)=55.24%
[ 2020-05-20 17:19:57,513][kfold_wrapper.log_eval_metrics] Accuracy(layer_0 - estimator_1 - 12_folds.train_5.predict)=62.10%
[ 2020-05-20 17:19:57,882][kfold_wrapper.log_eval_metrics] Accuracy(layer_0 - estimator_1 - 12_folds.train_6.predict)=56.45%
[ 2020-05-20 17:19:58,250][kfold_wrapper.log_eval_metrics] Accuracy(layer_0 - estimator_1 - 12_folds.train_7.predict)=59.27%
[ 2020-05-20 17:19:58,601][kfold_wrapper.log_eval_metrics] Accuracy(layer_0 - estimator_1 - 12_folds.train_8.predict)=56.45%
[ 2020-05-20 17:19:58,968][kfold_wrapper.log_eval_metrics] Accuracy(layer_0 - estimator_1 - 12_folds.train_9.predict)=59.27%
[ 2020-05-20 17:19:59,336][kfold_wrapper.log_eval_metrics] Accuracy(layer_0 - estimator_1 - 12_folds.train_10.predict)=56.85%
[ 2020-05-20 17:19:59,703][kfold_wrapper.log_eval_metrics] Accuracy(layer_0 - estimator_1 - 12_folds.train_11.predict)=60.48%
[ 2020-05-20 17:19:59,819][kfold_wrapper.log_eval_metrics] Accuracy(layer_0 - estimator_1 - 12_folds.train_cv.predict)=59.09%
[ 2020-05-20 17:19:59,822][kfold_wrapper.log_eval_metrics] Accuracy(layer_0 - estimator_1 - 12_folds.test.predict)=69.40%
[ 2020-05-20 17:19:59,894][kfold_wrapper.log_eval_metrics] Accuracy(layer_0 - estimator_2 - 12_folds.train_0.predict)=64.26%
[ 2020-05-20 17:19:59,960][kfold_wrapper.log_eval_metrics] Accuracy(layer_0 - estimator_2 - 12_folds.train_1.predict)=64.26%
[ 2020-05-20 17:20:00,018][kfold_wrapper.log_eval_metrics] Accuracy(layer_0 - estimator_2 - 12_folds.train_2.predict)=64.26%
[ 2020-05-20 17:20:00,074][kfold_wrapper.log_eval_metrics] Accuracy(layer_0 - estimator_2 - 12_folds.train_3.predict)=64.26%
[ 2020-05-20 17:20:00,131][kfold_wrapper.log_eval_metrics] Accuracy(layer_0 - estimator_2 - 12_folds.train_4.predict)=64.11%
[ 2020-05-20 17:20:00,184][kfold_wrapper.log_eval_metrics] Accuracy(layer_0 - estimator_2 - 12_folds.train_5.predict)=64.11%
[ 2020-05-20 17:20:00,238][kfold_wrapper.log_eval_metrics] Accuracy(layer_0 - estimator_2 - 12_folds.train_6.predict)=64.11%
[ 2020-05-20 17:20:00,291][kfold_wrapper.log_eval_metrics] Accuracy(layer_0 - estimator_2 - 12_folds.train_7.predict)=64.11%
[ 2020-05-20 17:20:00,349][kfold_wrapper.log_eval_metrics] Accuracy(layer_0 - estimator_2 - 12_folds.train_8.predict)=64.52%
[ 2020-05-20 17:20:00,398][kfold_wrapper.log_eval_metrics] Accuracy(layer_0 - estimator_2 - 12_folds.train_9.predict)=64.52%
[ 2020-05-20 17:20:00,457][kfold_wrapper.log_eval_metrics] Accuracy(layer_0 - estimator_2 - 12_folds.train_10.predict)=64.52%
[ 2020-05-20 17:20:00,517][kfold_wrapper.log_eval_metrics] Accuracy(layer_0 - estimator_2 - 12_folds.train_11.predict)=64.52%
[ 2020-05-20 17:20:00,520][kfold_wrapper.log_eval_metrics] Accuracy(layer_0 - estimator_2 - 12_folds.train_cv.predict)=64.30%
[ 2020-05-20 17:20:00,523][kfold_wrapper.log_eval_metrics] Accuracy(layer_0 - estimator_2 - 12_folds.test.predict)=70.60%
[ 2020-05-20 17:20:00,524][cascade_classifier.calc_accuracy] Accuracy(layer_0 - train.classifier_average)=60.60%
[ 2020-05-20 17:20:00,526][cascade_classifier.calc_accuracy] Accuracy(layer_0 - test.classifier_average)=69.40%
[ 2020-05-20 17:20:00,531][cascade_classifier.fit_transform] [layer=1] look_indexs=[0], X_cur_train.shape=(2980, 12), X_cur_test.shape=(745, 12)
[ 2020-05-20 17:20:00,786][kfold_wrapper.log_eval_metrics] Accuracy(layer_1 - estimator_0 - 12_folds.train_0.predict)=65.86%
[ 2020-05-20 17:20:01,154][kfold_wrapper.log_eval_metrics] Accuracy(layer_1 - estimator_0 - 12_folds.train_1.predict)=61.45%
[ 2020-05-20 17:20:01,522][kfold_wrapper.log_eval_metrics] Accuracy(layer_1 - estimator_0 - 12_folds.train_2.predict)=65.46%
[ 2020-05-20 17:20:01,890][kfold_wrapper.log_eval_metrics] Accuracy(layer_1 - estimator_0 - 12_folds.train_3.predict)=55.42%
[ 2020-05-20 17:20:02,256][kfold_wrapper.log_eval_metrics] Accuracy(layer_1 - estimator_0 - 12_folds.train_4.predict)=62.90%
[ 2020-05-20 17:20:02,623][kfold_wrapper.log_eval_metrics] Accuracy(layer_1 - estimator_0 - 12_folds.train_5.predict)=62.10%
[ 2020-05-20 17:20:02,989][kfold_wrapper.log_eval_metrics] Accuracy(layer_1 - estimator_0 - 12_folds.train_6.predict)=62.10%
[ 2020-05-20 17:20:03,356][kfold_wrapper.log_eval_metrics] Accuracy(layer_1 - estimator_0 - 12_folds.train_7.predict)=61.69%
[ 2020-05-20 17:20:03,711][kfold_wrapper.log_eval_metrics] Accuracy(layer_1 - estimator_0 - 12_folds.train_8.predict)=66.13%
[ 2020-05-20 17:20:04,073][kfold_wrapper.log_eval_metrics] Accuracy(layer_1 - estimator_0 - 12_folds.train_9.predict)=64.11%
[ 2020-05-20 17:20:04,442][kfold_wrapper.log_eval_metrics] Accuracy(layer_1 - estimator_0 - 12_folds.train_10.predict)=63.31%
[ 2020-05-20 17:20:04,809][kfold_wrapper.log_eval_metrics] Accuracy(layer_1 - estimator_0 - 12_folds.train_11.predict)=63.71%
[ 2020-05-20 17:20:04,925][kfold_wrapper.log_eval_metrics] Accuracy(layer_1 - estimator_0 - 12_folds.train_cv.predict)=62.85%
[ 2020-05-20 17:20:04,930][kfold_wrapper.log_eval_metrics] Accuracy(layer_1 - estimator_0 - 12_folds.test.predict)=69.80%
[ 2020-05-20 17:20:05,190][kfold_wrapper.log_eval_metrics] Accuracy(layer_1 - estimator_1 - 12_folds.train_0.predict)=55.82%
[ 2020-05-20 17:20:05,557][kfold_wrapper.log_eval_metrics] Accuracy(layer_1 - estimator_1 - 12_folds.train_1.predict)=59.84%
[ 2020-05-20 17:20:05,923][kfold_wrapper.log_eval_metrics] Accuracy(layer_1 - estimator_1 - 12_folds.train_2.predict)=64.26%
[ 2020-05-20 17:20:06,292][kfold_wrapper.log_eval_metrics] Accuracy(layer_1 - estimator_1 - 12_folds.train_3.predict)=64.26%
[ 2020-05-20 17:20:06,660][kfold_wrapper.log_eval_metrics] Accuracy(layer_1 - estimator_1 - 12_folds.train_4.predict)=60.89%
[ 2020-05-20 17:20:07,026][kfold_wrapper.log_eval_metrics] Accuracy(layer_1 - estimator_1 - 12_folds.train_5.predict)=52.42%
[ 2020-05-20 17:20:07,393][kfold_wrapper.log_eval_metrics] Accuracy(layer_1 - estimator_1 - 12_folds.train_6.predict)=59.68%
[ 2020-05-20 17:20:07,759][kfold_wrapper.log_eval_metrics] Accuracy(layer_1 - estimator_1 - 12_folds.train_7.predict)=62.90%
[ 2020-05-20 17:20:08,126][kfold_wrapper.log_eval_metrics] Accuracy(layer_1 - estimator_1 - 12_folds.train_8.predict)=62.90%
[ 2020-05-20 17:20:08,495][kfold_wrapper.log_eval_metrics] Accuracy(layer_1 - estimator_1 - 12_folds.train_9.predict)=65.73%
[ 2020-05-20 17:20:08,862][kfold_wrapper.log_eval_metrics] Accuracy(layer_1 - estimator_1 - 12_folds.train_10.predict)=62.10%
[ 2020-05-20 17:20:09,214][kfold_wrapper.log_eval_metrics] Accuracy(layer_1 - estimator_1 - 12_folds.train_11.predict)=56.85%
[ 2020-05-20 17:20:09,331][kfold_wrapper.log_eval_metrics] Accuracy(layer_1 - estimator_1 - 12_folds.train_cv.predict)=60.64%
[ 2020-05-20 17:20:09,334][kfold_wrapper.log_eval_metrics] Accuracy(layer_1 - estimator_1 - 12_folds.test.predict)=70.20%
[ 2020-05-20 17:20:09,405][kfold_wrapper.log_eval_metrics] Accuracy(layer_1 - estimator_2 - 12_folds.train_0.predict)=64.26%
[ 2020-05-20 17:20:09,464][kfold_wrapper.log_eval_metrics] Accuracy(layer_1 - estimator_2 - 12_folds.train_1.predict)=64.26%
[ 2020-05-20 17:20:09,516][kfold_wrapper.log_eval_metrics] Accuracy(layer_1 - estimator_2 - 12_folds.train_2.predict)=64.26%
[ 2020-05-20 17:20:09,570][kfold_wrapper.log_eval_metrics] Accuracy(layer_1 - estimator_2 - 12_folds.train_3.predict)=64.26%
[ 2020-05-20 17:20:09,627][kfold_wrapper.log_eval_metrics] Accuracy(layer_1 - estimator_2 - 12_folds.train_4.predict)=64.11%
[ 2020-05-20 17:20:09,689][kfold_wrapper.log_eval_metrics] Accuracy(layer_1 - estimator_2 - 12_folds.train_5.predict)=64.11%
[ 2020-05-20 17:20:09,744][kfold_wrapper.log_eval_metrics] Accuracy(layer_1 - estimator_2 - 12_folds.train_6.predict)=64.11%
[ 2020-05-20 17:20:09,795][kfold_wrapper.log_eval_metrics] Accuracy(layer_1 - estimator_2 - 12_folds.train_7.predict)=64.11%
[ 2020-05-20 17:20:09,856][kfold_wrapper.log_eval_metrics] Accuracy(layer_1 - estimator_2 - 12_folds.train_8.predict)=64.52%
[ 2020-05-20 17:20:09,916][kfold_wrapper.log_eval_metrics] Accuracy(layer_1 - estimator_2 - 12_folds.train_9.predict)=64.52%
[ 2020-05-20 17:20:09,971][kfold_wrapper.log_eval_metrics] Accuracy(layer_1 - estimator_2 - 12_folds.train_10.predict)=64.52%
[ 2020-05-20 17:20:10,024][kfold_wrapper.log_eval_metrics] Accuracy(layer_1 - estimator_2 - 12_folds.train_11.predict)=64.52%
[ 2020-05-20 17:20:10,026][kfold_wrapper.log_eval_metrics] Accuracy(layer_1 - estimator_2 - 12_folds.train_cv.predict)=64.30%
[ 2020-05-20 17:20:10,028][kfold_wrapper.log_eval_metrics] Accuracy(layer_1 - estimator_2 - 12_folds.test.predict)=70.60%
[ 2020-05-20 17:20:10,029][cascade_classifier.calc_accuracy] Accuracy(layer_1 - train.classifier_average)=63.76%
[ 2020-05-20 17:20:10,031][cascade_classifier.calc_accuracy] Accuracy(layer_1 - test.classifier_average)=70.47%
[ 2020-05-20 17:20:10,034][cascade_classifier.fit_transform] [layer=2] look_indexs=[0], X_cur_train.shape=(2980, 12), X_cur_test.shape=(745, 12)
[ 2020-05-20 17:20:10,288][kfold_wrapper.log_eval_metrics] Accuracy(layer_2 - estimator_0 - 12_folds.train_0.predict)=58.23%
[ 2020-05-20 17:20:10,656][kfold_wrapper.log_eval_metrics] Accuracy(layer_2 - estimator_0 - 12_folds.train_1.predict)=61.85%
[ 2020-05-20 17:20:11,024][kfold_wrapper.log_eval_metrics] Accuracy(layer_2 - estimator_0 - 12_folds.train_2.predict)=62.65%
[ 2020-05-20 17:20:11,391][kfold_wrapper.log_eval_metrics] Accuracy(layer_2 - estimator_0 - 12_folds.train_3.predict)=61.85%
[ 2020-05-20 17:20:11,761][kfold_wrapper.log_eval_metrics] Accuracy(layer_2 - estimator_0 - 12_folds.train_4.predict)=62.90%
[ 2020-05-20 17:20:12,129][kfold_wrapper.log_eval_metrics] Accuracy(layer_2 - estimator_0 - 12_folds.train_5.predict)=60.89%
[ 2020-05-20 17:20:12,496][kfold_wrapper.log_eval_metrics] Accuracy(layer_2 - estimator_0 - 12_folds.train_6.predict)=58.06%
[ 2020-05-20 17:20:12,864][kfold_wrapper.log_eval_metrics] Accuracy(layer_2 - estimator_0 - 12_folds.train_7.predict)=60.08%
[ 2020-05-20 17:20:13,331][kfold_wrapper.log_eval_metrics] Accuracy(layer_2 - estimator_0 - 12_folds.train_8.predict)=58.47%
[ 2020-05-20 17:20:13,700][kfold_wrapper.log_eval_metrics] Accuracy(layer_2 - estimator_0 - 12_folds.train_9.predict)=61.29%
[ 2020-05-20 17:20:14,069][kfold_wrapper.log_eval_metrics] Accuracy(layer_2 - estimator_0 - 12_folds.train_10.predict)=62.90%
[ 2020-05-20 17:20:14,419][kfold_wrapper.log_eval_metrics] Accuracy(layer_2 - estimator_0 - 12_folds.train_11.predict)=58.47%
[ 2020-05-20 17:20:14,535][kfold_wrapper.log_eval_metrics] Accuracy(layer_2 - estimator_0 - 12_folds.train_cv.predict)=60.64%
[ 2020-05-20 17:20:14,538][kfold_wrapper.log_eval_metrics] Accuracy(layer_2 - estimator_0 - 12_folds.test.predict)=70.47%
[ 2020-05-20 17:20:14,797][kfold_wrapper.log_eval_metrics] Accuracy(layer_2 - estimator_1 - 12_folds.train_0.predict)=57.43%
[ 2020-05-20 17:20:15,165][kfold_wrapper.log_eval_metrics] Accuracy(layer_2 - estimator_1 - 12_folds.train_1.predict)=63.45%
[ 2020-05-20 17:20:15,532][kfold_wrapper.log_eval_metrics] Accuracy(layer_2 - estimator_1 - 12_folds.train_2.predict)=57.83%
[ 2020-05-20 17:20:15,900][kfold_wrapper.log_eval_metrics] Accuracy(layer_2 - estimator_1 - 12_folds.train_3.predict)=55.02%
[ 2020-05-20 17:20:16,266][kfold_wrapper.log_eval_metrics] Accuracy(layer_2 - estimator_1 - 12_folds.train_4.predict)=65.73%
[ 2020-05-20 17:20:16,634][kfold_wrapper.log_eval_metrics] Accuracy(layer_2 - estimator_1 - 12_folds.train_5.predict)=62.50%
[ 2020-05-20 17:20:17,001][kfold_wrapper.log_eval_metrics] Accuracy(layer_2 - estimator_1 - 12_folds.train_6.predict)=58.06%
[ 2020-05-20 17:20:17,370][kfold_wrapper.log_eval_metrics] Accuracy(layer_2 - estimator_1 - 12_folds.train_7.predict)=58.87%
[ 2020-05-20 17:20:17,738][kfold_wrapper.log_eval_metrics] Accuracy(layer_2 - estimator_1 - 12_folds.train_8.predict)=57.26%
[ 2020-05-20 17:20:18,106][kfold_wrapper.log_eval_metrics] Accuracy(layer_2 - estimator_1 - 12_folds.train_9.predict)=61.69%
[ 2020-05-20 17:20:18,475][kfold_wrapper.log_eval_metrics] Accuracy(layer_2 - estimator_1 - 12_folds.train_10.predict)=60.48%
[ 2020-05-20 17:20:18,842][kfold_wrapper.log_eval_metrics] Accuracy(layer_2 - estimator_1 - 12_folds.train_11.predict)=62.10%
[ 2020-05-20 17:20:18,959][kfold_wrapper.log_eval_metrics] Accuracy(layer_2 - estimator_1 - 12_folds.train_cv.predict)=60.03%
[ 2020-05-20 17:20:18,964][kfold_wrapper.log_eval_metrics] Accuracy(layer_2 - estimator_1 - 12_folds.test.predict)=68.99%
[ 2020-05-20 17:20:19,042][kfold_wrapper.log_eval_metrics] Accuracy(layer_2 - estimator_2 - 12_folds.train_0.predict)=64.26%
[ 2020-05-20 17:20:19,102][kfold_wrapper.log_eval_metrics] Accuracy(layer_2 - estimator_2 - 12_folds.train_1.predict)=64.26%
[ 2020-05-20 17:20:19,161][kfold_wrapper.log_eval_metrics] Accuracy(layer_2 - estimator_2 - 12_folds.train_2.predict)=64.26%
[ 2020-05-20 17:20:19,218][kfold_wrapper.log_eval_metrics] Accuracy(layer_2 - estimator_2 - 12_folds.train_3.predict)=64.26%
[ 2020-05-20 17:20:19,271][kfold_wrapper.log_eval_metrics] Accuracy(layer_2 - estimator_2 - 12_folds.train_4.predict)=64.11%
[ 2020-05-20 17:20:19,318][kfold_wrapper.log_eval_metrics] Accuracy(layer_2 - estimator_2 - 12_folds.train_5.predict)=64.11%
[ 2020-05-20 17:20:19,363][kfold_wrapper.log_eval_metrics] Accuracy(layer_2 - estimator_2 - 12_folds.train_6.predict)=64.11%
[ 2020-05-20 17:20:19,412][kfold_wrapper.log_eval_metrics] Accuracy(layer_2 - estimator_2 - 12_folds.train_7.predict)=64.11%
[ 2020-05-20 17:20:19,457][kfold_wrapper.log_eval_metrics] Accuracy(layer_2 - estimator_2 - 12_folds.train_8.predict)=64.52%
[ 2020-05-20 17:20:19,501][kfold_wrapper.log_eval_metrics] Accuracy(layer_2 - estimator_2 - 12_folds.train_9.predict)=64.52%
[ 2020-05-20 17:20:19,543][kfold_wrapper.log_eval_metrics] Accuracy(layer_2 - estimator_2 - 12_folds.train_10.predict)=64.52%
[ 2020-05-20 17:20:19,592][kfold_wrapper.log_eval_metrics] Accuracy(layer_2 - estimator_2 - 12_folds.train_11.predict)=64.52%
[ 2020-05-20 17:20:19,595][kfold_wrapper.log_eval_metrics] Accuracy(layer_2 - estimator_2 - 12_folds.train_cv.predict)=64.30%
[ 2020-05-20 17:20:19,597][kfold_wrapper.log_eval_metrics] Accuracy(layer_2 - estimator_2 - 12_folds.test.predict)=70.60%
[ 2020-05-20 17:20:19,599][cascade_classifier.calc_accuracy] Accuracy(layer_2 - train.classifier_average)=63.15%
[ 2020-05-20 17:20:19,601][cascade_classifier.calc_accuracy] Accuracy(layer_2 - test.classifier_average)=70.34%
[ 2020-05-20 17:20:19,603][cascade_classifier.fit_transform] [layer=3] look_indexs=[0], X_cur_train.shape=(2980, 12), X_cur_test.shape=(745, 12)
[ 2020-05-20 17:20:19,844][kfold_wrapper.log_eval_metrics] Accuracy(layer_3 - estimator_0 - 12_folds.train_0.predict)=60.64%
[ 2020-05-20 17:20:20,211][kfold_wrapper.log_eval_metrics] Accuracy(layer_3 - estimator_0 - 12_folds.train_1.predict)=60.24%
[ 2020-05-20 17:20:20,579][kfold_wrapper.log_eval_metrics] Accuracy(layer_3 - estimator_0 - 12_folds.train_2.predict)=61.45%
[ 2020-05-20 17:20:20,949][kfold_wrapper.log_eval_metrics] Accuracy(layer_3 - estimator_0 - 12_folds.train_3.predict)=57.83%
[ 2020-05-20 17:20:21,317][kfold_wrapper.log_eval_metrics] Accuracy(layer_3 - estimator_0 - 12_folds.train_4.predict)=60.08%
[ 2020-05-20 17:20:21,686][kfold_wrapper.log_eval_metrics] Accuracy(layer_3 - estimator_0 - 12_folds.train_5.predict)=60.89%
[ 2020-05-20 17:20:22,054][kfold_wrapper.log_eval_metrics] Accuracy(layer_3 - estimator_0 - 12_folds.train_6.predict)=59.27%
[ 2020-05-20 17:20:22,422][kfold_wrapper.log_eval_metrics] Accuracy(layer_3 - estimator_0 - 12_folds.train_7.predict)=64.52%
[ 2020-05-20 17:20:22,790][kfold_wrapper.log_eval_metrics] Accuracy(layer_3 - estimator_0 - 12_folds.train_8.predict)=60.48%
[ 2020-05-20 17:20:23,157][kfold_wrapper.log_eval_metrics] Accuracy(layer_3 - estimator_0 - 12_folds.train_9.predict)=63.31%
[ 2020-05-20 17:20:23,527][kfold_wrapper.log_eval_metrics] Accuracy(layer_3 - estimator_0 - 12_folds.train_10.predict)=62.90%
[ 2020-05-20 17:20:23,895][kfold_wrapper.log_eval_metrics] Accuracy(layer_3 - estimator_0 - 12_folds.train_11.predict)=62.50%
[ 2020-05-20 17:20:24,013][kfold_wrapper.log_eval_metrics] Accuracy(layer_3 - estimator_0 - 12_folds.train_cv.predict)=61.17%
[ 2020-05-20 17:20:24,016][kfold_wrapper.log_eval_metrics] Accuracy(layer_3 - estimator_0 - 12_folds.test.predict)=68.59%
[ 2020-05-20 17:20:24,278][kfold_wrapper.log_eval_metrics] Accuracy(layer_3 - estimator_1 - 12_folds.train_0.predict)=62.65%
[ 2020-05-20 17:20:24,648][kfold_wrapper.log_eval_metrics] Accuracy(layer_3 - estimator_1 - 12_folds.train_1.predict)=59.44%
[ 2020-05-20 17:20:25,000][kfold_wrapper.log_eval_metrics] Accuracy(layer_3 - estimator_1 - 12_folds.train_2.predict)=57.03%
[ 2020-05-20 17:20:25,368][kfold_wrapper.log_eval_metrics] Accuracy(layer_3 - estimator_1 - 12_folds.train_3.predict)=61.45%
[ 2020-05-20 17:20:25,738][kfold_wrapper.log_eval_metrics] Accuracy(layer_3 - estimator_1 - 12_folds.train_4.predict)=60.89%
[ 2020-05-20 17:20:26,106][kfold_wrapper.log_eval_metrics] Accuracy(layer_3 - estimator_1 - 12_folds.train_5.predict)=58.06%
[ 2020-05-20 17:20:26,475][kfold_wrapper.log_eval_metrics] Accuracy(layer_3 - estimator_1 - 12_folds.train_6.predict)=61.29%
[ 2020-05-20 17:20:26,843][kfold_wrapper.log_eval_metrics] Accuracy(layer_3 - estimator_1 - 12_folds.train_7.predict)=62.10%
[ 2020-05-20 17:20:27,211][kfold_wrapper.log_eval_metrics] Accuracy(layer_3 - estimator_1 - 12_folds.train_8.predict)=59.27%
[ 2020-05-20 17:20:27,580][kfold_wrapper.log_eval_metrics] Accuracy(layer_3 - estimator_1 - 12_folds.train_9.predict)=60.48%
[ 2020-05-20 17:20:27,949][kfold_wrapper.log_eval_metrics] Accuracy(layer_3 - estimator_1 - 12_folds.train_10.predict)=59.27%
[ 2020-05-20 17:20:28,316][kfold_wrapper.log_eval_metrics] Accuracy(layer_3 - estimator_1 - 12_folds.train_11.predict)=56.45%
[ 2020-05-20 17:20:28,434][kfold_wrapper.log_eval_metrics] Accuracy(layer_3 - estimator_1 - 12_folds.train_cv.predict)=59.87%
[ 2020-05-20 17:20:28,438][kfold_wrapper.log_eval_metrics] Accuracy(layer_3 - estimator_1 - 12_folds.test.predict)=70.07%
[ 2020-05-20 17:20:28,507][kfold_wrapper.log_eval_metrics] Accuracy(layer_3 - estimator_2 - 12_folds.train_0.predict)=64.26%
[ 2020-05-20 17:20:28,568][kfold_wrapper.log_eval_metrics] Accuracy(layer_3 - estimator_2 - 12_folds.train_1.predict)=64.26%
[ 2020-05-20 17:20:28,620][kfold_wrapper.log_eval_metrics] Accuracy(layer_3 - estimator_2 - 12_folds.train_2.predict)=64.26%
[ 2020-05-20 17:20:28,674][kfold_wrapper.log_eval_metrics] Accuracy(layer_3 - estimator_2 - 12_folds.train_3.predict)=64.26%
[ 2020-05-20 17:20:28,733][kfold_wrapper.log_eval_metrics] Accuracy(layer_3 - estimator_2 - 12_folds.train_4.predict)=64.11%
[ 2020-05-20 17:20:28,794][kfold_wrapper.log_eval_metrics] Accuracy(layer_3 - estimator_2 - 12_folds.train_5.predict)=64.11%
[ 2020-05-20 17:20:28,847][kfold_wrapper.log_eval_metrics] Accuracy(layer_3 - estimator_2 - 12_folds.train_6.predict)=64.11%
[ 2020-05-20 17:20:28,907][kfold_wrapper.log_eval_metrics] Accuracy(layer_3 - estimator_2 - 12_folds.train_7.predict)=64.11%
[ 2020-05-20 17:20:28,963][kfold_wrapper.log_eval_metrics] Accuracy(layer_3 - estimator_2 - 12_folds.train_8.predict)=64.52%
[ 2020-05-20 17:20:29,023][kfold_wrapper.log_eval_metrics] Accuracy(layer_3 - estimator_2 - 12_folds.train_9.predict)=64.52%
[ 2020-05-20 17:20:29,079][kfold_wrapper.log_eval_metrics] Accuracy(layer_3 - estimator_2 - 12_folds.train_10.predict)=64.52%
[ 2020-05-20 17:20:29,134][kfold_wrapper.log_eval_metrics] Accuracy(layer_3 - estimator_2 - 12_folds.train_11.predict)=64.52%
[ 2020-05-20 17:20:29,137][kfold_wrapper.log_eval_metrics] Accuracy(layer_3 - estimator_2 - 12_folds.train_cv.predict)=64.30%
[ 2020-05-20 17:20:29,141][kfold_wrapper.log_eval_metrics] Accuracy(layer_3 - estimator_2 - 12_folds.test.predict)=70.60%
[ 2020-05-20 17:20:29,145][cascade_classifier.calc_accuracy] Accuracy(layer_3 - train.classifier_average)=62.28%
[ 2020-05-20 17:20:29,149][cascade_classifier.calc_accuracy] Accuracy(layer_3 - test.classifier_average)=70.47%
[ 2020-05-20 17:20:29,153][cascade_classifier.fit_transform] [layer=4] look_indexs=[0], X_cur_train.shape=(2980, 12), X_cur_test.shape=(745, 12)
[ 2020-05-20 17:20:29,401][kfold_wrapper.log_eval_metrics] Accuracy(layer_4 - estimator_0 - 12_folds.train_0.predict)=60.24%
[ 2020-05-20 17:20:29,772][kfold_wrapper.log_eval_metrics] Accuracy(layer_4 - estimator_0 - 12_folds.train_1.predict)=61.85%
[ 2020-05-20 17:20:30,138][kfold_wrapper.log_eval_metrics] Accuracy(layer_4 - estimator_0 - 12_folds.train_2.predict)=59.04%
[ 2020-05-20 17:20:30,501][kfold_wrapper.log_eval_metrics] Accuracy(layer_4 - estimator_0 - 12_folds.train_3.predict)=55.42%
[ 2020-05-20 17:20:30,869][kfold_wrapper.log_eval_metrics] Accuracy(layer_4 - estimator_0 - 12_folds.train_4.predict)=56.45%
[ 2020-05-20 17:20:31,238][kfold_wrapper.log_eval_metrics] Accuracy(layer_4 - estimator_0 - 12_folds.train_5.predict)=58.87%
[ 2020-05-20 17:20:31,608][kfold_wrapper.log_eval_metrics] Accuracy(layer_4 - estimator_0 - 12_folds.train_6.predict)=58.06%
[ 2020-05-20 17:20:31,976][kfold_wrapper.log_eval_metrics] Accuracy(layer_4 - estimator_0 - 12_folds.train_7.predict)=58.47%
[ 2020-05-20 17:20:32,345][kfold_wrapper.log_eval_metrics] Accuracy(layer_4 - estimator_0 - 12_folds.train_8.predict)=64.52%
[ 2020-05-20 17:20:32,715][kfold_wrapper.log_eval_metrics] Accuracy(layer_4 - estimator_0 - 12_folds.train_9.predict)=59.68%
[ 2020-05-20 17:20:33,081][kfold_wrapper.log_eval_metrics] Accuracy(layer_4 - estimator_0 - 12_folds.train_10.predict)=60.08%
[ 2020-05-20 17:20:33,451][kfold_wrapper.log_eval_metrics] Accuracy(layer_4 - estimator_0 - 12_folds.train_11.predict)=64.52%
[ 2020-05-20 17:20:33,569][kfold_wrapper.log_eval_metrics] Accuracy(layer_4 - estimator_0 - 12_folds.train_cv.predict)=59.77%
[ 2020-05-20 17:20:33,574][kfold_wrapper.log_eval_metrics] Accuracy(layer_4 - estimator_0 - 12_folds.test.predict)=70.47%
[ 2020-05-20 17:20:33,834][kfold_wrapper.log_eval_metrics] Accuracy(layer_4 - estimator_1 - 12_folds.train_0.predict)=61.45%
[ 2020-05-20 17:20:34,200][kfold_wrapper.log_eval_metrics] Accuracy(layer_4 - estimator_1 - 12_folds.train_1.predict)=61.45%
[ 2020-05-20 17:20:34,568][kfold_wrapper.log_eval_metrics] Accuracy(layer_4 - estimator_1 - 12_folds.train_2.predict)=54.22%
[ 2020-05-20 17:20:34,940][kfold_wrapper.log_eval_metrics] Accuracy(layer_4 - estimator_1 - 12_folds.train_3.predict)=61.85%
[ 2020-05-20 17:20:35,310][kfold_wrapper.log_eval_metrics] Accuracy(layer_4 - estimator_1 - 12_folds.train_4.predict)=63.31%
[ 2020-05-20 17:20:35,663][kfold_wrapper.log_eval_metrics] Accuracy(layer_4 - estimator_1 - 12_folds.train_5.predict)=62.10%
[ 2020-05-20 17:20:36,032][kfold_wrapper.log_eval_metrics] Accuracy(layer_4 - estimator_1 - 12_folds.train_6.predict)=59.27%
[ 2020-05-20 17:20:36,402][kfold_wrapper.log_eval_metrics] Accuracy(layer_4 - estimator_1 - 12_folds.train_7.predict)=64.52%
[ 2020-05-20 17:20:36,770][kfold_wrapper.log_eval_metrics] Accuracy(layer_4 - estimator_1 - 12_folds.train_8.predict)=62.10%
[ 2020-05-20 17:20:37,139][kfold_wrapper.log_eval_metrics] Accuracy(layer_4 - estimator_1 - 12_folds.train_9.predict)=60.08%
[ 2020-05-20 17:20:37,509][kfold_wrapper.log_eval_metrics] Accuracy(layer_4 - estimator_1 - 12_folds.train_10.predict)=62.90%
[ 2020-05-20 17:20:37,877][kfold_wrapper.log_eval_metrics] Accuracy(layer_4 - estimator_1 - 12_folds.train_11.predict)=61.29%
[ 2020-05-20 17:20:37,992][kfold_wrapper.log_eval_metrics] Accuracy(layer_4 - estimator_1 - 12_folds.train_cv.predict)=61.21%
[ 2020-05-20 17:20:37,995][kfold_wrapper.log_eval_metrics] Accuracy(layer_4 - estimator_1 - 12_folds.test.predict)=70.87%
[ 2020-05-20 17:20:38,069][kfold_wrapper.log_eval_metrics] Accuracy(layer_4 - estimator_2 - 12_folds.train_0.predict)=64.26%
[ 2020-05-20 17:20:38,133][kfold_wrapper.log_eval_metrics] Accuracy(layer_4 - estimator_2 - 12_folds.train_1.predict)=64.26%
[ 2020-05-20 17:20:38,185][kfold_wrapper.log_eval_metrics] Accuracy(layer_4 - estimator_2 - 12_folds.train_2.predict)=64.26%
[ 2020-05-20 17:20:38,237][kfold_wrapper.log_eval_metrics] Accuracy(layer_4 - estimator_2 - 12_folds.train_3.predict)=64.26%
[ 2020-05-20 17:20:38,290][kfold_wrapper.log_eval_metrics] Accuracy(layer_4 - estimator_2 - 12_folds.train_4.predict)=64.11%
[ 2020-05-20 17:20:38,345][kfold_wrapper.log_eval_metrics] Accuracy(layer_4 - estimator_2 - 12_folds.train_5.predict)=64.11%
[ 2020-05-20 17:20:38,400][kfold_wrapper.log_eval_metrics] Accuracy(layer_4 - estimator_2 - 12_folds.train_6.predict)=64.11%
[ 2020-05-20 17:20:38,457][kfold_wrapper.log_eval_metrics] Accuracy(layer_4 - estimator_2 - 12_folds.train_7.predict)=64.11%
[ 2020-05-20 17:20:38,520][kfold_wrapper.log_eval_metrics] Accuracy(layer_4 - estimator_2 - 12_folds.train_8.predict)=64.52%
[ 2020-05-20 17:20:38,575][kfold_wrapper.log_eval_metrics] Accuracy(layer_4 - estimator_2 - 12_folds.train_9.predict)=64.52%
[ 2020-05-20 17:20:38,629][kfold_wrapper.log_eval_metrics] Accuracy(layer_4 - estimator_2 - 12_folds.train_10.predict)=64.52%
[ 2020-05-20 17:20:38,688][kfold_wrapper.log_eval_metrics] Accuracy(layer_4 - estimator_2 - 12_folds.train_11.predict)=64.52%
[ 2020-05-20 17:20:38,694][kfold_wrapper.log_eval_metrics] Accuracy(layer_4 - estimator_2 - 12_folds.train_cv.predict)=64.30%
[ 2020-05-20 17:20:38,696][kfold_wrapper.log_eval_metrics] Accuracy(layer_4 - estimator_2 - 12_folds.test.predict)=70.60%
[ 2020-05-20 17:20:38,702][cascade_classifier.calc_accuracy] Accuracy(layer_4 - train.classifier_average)=62.35%
[ 2020-05-20 17:20:38,705][cascade_classifier.calc_accuracy] Accuracy(layer_4 - test.classifier_average)=70.60%
[ 2020-05-20 17:20:38,709][cascade_classifier.fit_transform] [layer=5] look_indexs=[0], X_cur_train.shape=(2980, 12), X_cur_test.shape=(745, 12)
[ 2020-05-20 17:20:38,956][kfold_wrapper.log_eval_metrics] Accuracy(layer_5 - estimator_0 - 12_folds.train_0.predict)=61.85%
[ 2020-05-20 17:20:39,325][kfold_wrapper.log_eval_metrics] Accuracy(layer_5 - estimator_0 - 12_folds.train_1.predict)=59.04%
[ 2020-05-20 17:20:39,695][kfold_wrapper.log_eval_metrics] Accuracy(layer_5 - estimator_0 - 12_folds.train_2.predict)=59.84%
[ 2020-05-20 17:20:40,066][kfold_wrapper.log_eval_metrics] Accuracy(layer_5 - estimator_0 - 12_folds.train_3.predict)=66.27%
[ 2020-05-20 17:20:40,437][kfold_wrapper.log_eval_metrics] Accuracy(layer_5 - estimator_0 - 12_folds.train_4.predict)=60.89%
[ 2020-05-20 17:20:40,793][kfold_wrapper.log_eval_metrics] Accuracy(layer_5 - estimator_0 - 12_folds.train_5.predict)=62.10%
[ 2020-05-20 17:20:41,155][kfold_wrapper.log_eval_metrics] Accuracy(layer_5 - estimator_0 - 12_folds.train_6.predict)=59.68%
[ 2020-05-20 17:20:41,526][kfold_wrapper.log_eval_metrics] Accuracy(layer_5 - estimator_0 - 12_folds.train_7.predict)=61.69%
[ 2020-05-20 17:20:41,896][kfold_wrapper.log_eval_metrics] Accuracy(layer_5 - estimator_0 - 12_folds.train_8.predict)=58.87%
[ 2020-05-20 17:20:42,270][kfold_wrapper.log_eval_metrics] Accuracy(layer_5 - estimator_0 - 12_folds.train_9.predict)=61.29%
[ 2020-05-20 17:20:42,639][kfold_wrapper.log_eval_metrics] Accuracy(layer_5 - estimator_0 - 12_folds.train_10.predict)=56.45%
[ 2020-05-20 17:20:43,009][kfold_wrapper.log_eval_metrics] Accuracy(layer_5 - estimator_0 - 12_folds.train_11.predict)=59.68%
[ 2020-05-20 17:20:43,128][kfold_wrapper.log_eval_metrics] Accuracy(layer_5 - estimator_0 - 12_folds.train_cv.predict)=60.64%
[ 2020-05-20 17:20:43,132][kfold_wrapper.log_eval_metrics] Accuracy(layer_5 - estimator_0 - 12_folds.test.predict)=68.86%
[ 2020-05-20 17:20:43,395][kfold_wrapper.log_eval_metrics] Accuracy(layer_5 - estimator_1 - 12_folds.train_0.predict)=61.04%
[ 2020-05-20 17:20:43,766][kfold_wrapper.log_eval_metrics] Accuracy(layer_5 - estimator_1 - 12_folds.train_1.predict)=62.65%
[ 2020-05-20 17:20:44,136][kfold_wrapper.log_eval_metrics] Accuracy(layer_5 - estimator_1 - 12_folds.train_2.predict)=57.83%
[ 2020-05-20 17:20:44,505][kfold_wrapper.log_eval_metrics] Accuracy(layer_5 - estimator_1 - 12_folds.train_3.predict)=59.04%
[ 2020-05-20 17:20:44,875][kfold_wrapper.log_eval_metrics] Accuracy(layer_5 - estimator_1 - 12_folds.train_4.predict)=62.90%
[ 2020-05-20 17:20:45,245][kfold_wrapper.log_eval_metrics] Accuracy(layer_5 - estimator_1 - 12_folds.train_5.predict)=58.47%
[ 2020-05-20 17:20:45,614][kfold_wrapper.log_eval_metrics] Accuracy(layer_5 - estimator_1 - 12_folds.train_6.predict)=59.68%
[ 2020-05-20 17:20:45,984][kfold_wrapper.log_eval_metrics] Accuracy(layer_5 - estimator_1 - 12_folds.train_7.predict)=58.47%
[ 2020-05-20 17:20:46,344][kfold_wrapper.log_eval_metrics] Accuracy(layer_5 - estimator_1 - 12_folds.train_8.predict)=62.50%
[ 2020-05-20 17:20:46,715][kfold_wrapper.log_eval_metrics] Accuracy(layer_5 - estimator_1 - 12_folds.train_9.predict)=67.34%
[ 2020-05-20 17:20:47,085][kfold_wrapper.log_eval_metrics] Accuracy(layer_5 - estimator_1 - 12_folds.train_10.predict)=58.47%
[ 2020-05-20 17:20:47,455][kfold_wrapper.log_eval_metrics] Accuracy(layer_5 - estimator_1 - 12_folds.train_11.predict)=60.08%
[ 2020-05-20 17:20:47,574][kfold_wrapper.log_eval_metrics] Accuracy(layer_5 - estimator_1 - 12_folds.train_cv.predict)=60.70%
[ 2020-05-20 17:20:47,578][kfold_wrapper.log_eval_metrics] Accuracy(layer_5 - estimator_1 - 12_folds.test.predict)=70.20%
[ 2020-05-20 17:20:47,654][kfold_wrapper.log_eval_metrics] Accuracy(layer_5 - estimator_2 - 12_folds.train_0.predict)=64.26%
[ 2020-05-20 17:20:47,714][kfold_wrapper.log_eval_metrics] Accuracy(layer_5 - estimator_2 - 12_folds.train_1.predict)=64.26%
[ 2020-05-20 17:20:47,773][kfold_wrapper.log_eval_metrics] Accuracy(layer_5 - estimator_2 - 12_folds.train_2.predict)=64.26%
[ 2020-05-20 17:20:47,835][kfold_wrapper.log_eval_metrics] Accuracy(layer_5 - estimator_2 - 12_folds.train_3.predict)=64.26%
[ 2020-05-20 17:20:47,888][kfold_wrapper.log_eval_metrics] Accuracy(layer_5 - estimator_2 - 12_folds.train_4.predict)=64.11%
[ 2020-05-20 17:20:47,943][kfold_wrapper.log_eval_metrics] Accuracy(layer_5 - estimator_2 - 12_folds.train_5.predict)=64.11%
[ 2020-05-20 17:20:48,001][kfold_wrapper.log_eval_metrics] Accuracy(layer_5 - estimator_2 - 12_folds.train_6.predict)=64.11%
[ 2020-05-20 17:20:48,055][kfold_wrapper.log_eval_metrics] Accuracy(layer_5 - estimator_2 - 12_folds.train_7.predict)=64.11%
[ 2020-05-20 17:20:48,106][kfold_wrapper.log_eval_metrics] Accuracy(layer_5 - estimator_2 - 12_folds.train_8.predict)=64.52%
[ 2020-05-20 17:20:48,165][kfold_wrapper.log_eval_metrics] Accuracy(layer_5 - estimator_2 - 12_folds.train_9.predict)=64.52%
[ 2020-05-20 17:20:48,226][kfold_wrapper.log_eval_metrics] Accuracy(layer_5 - estimator_2 - 12_folds.train_10.predict)=64.52%
[ 2020-05-20 17:20:48,284][kfold_wrapper.log_eval_metrics] Accuracy(layer_5 - estimator_2 - 12_folds.train_11.predict)=64.52%
[ 2020-05-20 17:20:48,288][kfold_wrapper.log_eval_metrics] Accuracy(layer_5 - estimator_2 - 12_folds.train_cv.predict)=64.30%
[ 2020-05-20 17:20:48,290][kfold_wrapper.log_eval_metrics] Accuracy(layer_5 - estimator_2 - 12_folds.test.predict)=70.60%
[ 2020-05-20 17:20:48,292][cascade_classifier.calc_accuracy] Accuracy(layer_5 - train.classifier_average)=62.42%
[ 2020-05-20 17:20:48,294][cascade_classifier.calc_accuracy] Accuracy(layer_5 - test.classifier_average)=70.07%
[ 2020-05-20 17:20:48,296][cascade_classifier.fit_transform] [Result][Optimal Level Detected] opt_layer_num=2, accuracy_train=63.76%, accuracy_test=70.47%
[ 2020-05-20 17:20:48,486][cascade_classifier.transform] X_groups_test.shape=[(566, 6)]
[ 2020-05-20 17:20:48,487][cascade_classifier.transform] group_dims=[6]
[ 2020-05-20 17:20:48,490][cascade_classifier.transform] X_test.shape=(566, 6)
[ 2020-05-20 17:20:48,495][cascade_classifier.transform] [layer=0] look_indexs=[0], X_cur_test.shape=(566, 6)
[ 2020-05-20 17:25:01,959][cascade_classifier.transform] X_groups_test.shape=[(566, 6)]
[ 2020-05-20 17:25:01,961][cascade_classifier.transform] group_dims=[6]
[ 2020-05-20 17:25:01,965][cascade_classifier.transform] X_test.shape=(566, 6)
[ 2020-05-20 17:25:01,970][cascade_classifier.transform] [layer=0] look_indexs=[0], X_cur_test.shape=(566, 6)
[ 2020-05-20 17:25:04,668][cascade_classifier.transform] [layer=1] look_indexs=[0], X_cur_test.shape=(566, 12)
