[ 2020-05-25 11:25:40,221][cascade_classifier.fit_transform] X_groups_train.shape=[(145, 5)],y_train.shape=(145,),X_groups_test.shape=[(98, 5)],y_test.shape=(98,)
[ 2020-05-25 11:25:40,223][cascade_classifier.fit_transform] group_dims=[5]
[ 2020-05-25 11:25:40,233][cascade_classifier.fit_transform] group_starts=[0]
[ 2020-05-25 11:25:40,241][cascade_classifier.fit_transform] group_ends=[5]
[ 2020-05-25 11:25:40,249][cascade_classifier.fit_transform] X_train.shape=(145, 5),X_test.shape=(98, 5)
[ 2020-05-25 11:25:40,255][cascade_classifier.fit_transform] [layer=0] look_indexs=[0], X_cur_train.shape=(145, 5), X_cur_test.shape=(98, 5)
[ 2020-05-25 11:25:40,566][kfold_wrapper.log_eval_metrics] Accuracy(layer_0 - estimator_0 - 12_folds.train_0.predict)=76.92%
[ 2020-05-25 11:25:41,016][kfold_wrapper.log_eval_metrics] Accuracy(layer_0 - estimator_0 - 12_folds.train_1.predict)=50.00%
[ 2020-05-25 11:25:41,443][kfold_wrapper.log_eval_metrics] Accuracy(layer_0 - estimator_0 - 12_folds.train_2.predict)=66.67%
[ 2020-05-25 11:25:41,880][kfold_wrapper.log_eval_metrics] Accuracy(layer_0 - estimator_0 - 12_folds.train_3.predict)=75.00%
[ 2020-05-25 11:25:42,297][kfold_wrapper.log_eval_metrics] Accuracy(layer_0 - estimator_0 - 12_folds.train_4.predict)=66.67%
[ 2020-05-25 11:25:42,741][kfold_wrapper.log_eval_metrics] Accuracy(layer_0 - estimator_0 - 12_folds.train_5.predict)=58.33%
[ 2020-05-25 11:25:43,186][kfold_wrapper.log_eval_metrics] Accuracy(layer_0 - estimator_0 - 12_folds.train_6.predict)=75.00%
[ 2020-05-25 11:25:43,596][kfold_wrapper.log_eval_metrics] Accuracy(layer_0 - estimator_0 - 12_folds.train_7.predict)=50.00%
[ 2020-05-25 11:25:44,005][kfold_wrapper.log_eval_metrics] Accuracy(layer_0 - estimator_0 - 12_folds.train_8.predict)=66.67%
[ 2020-05-25 11:25:44,430][kfold_wrapper.log_eval_metrics] Accuracy(layer_0 - estimator_0 - 12_folds.train_9.predict)=66.67%
[ 2020-05-25 11:25:44,883][kfold_wrapper.log_eval_metrics] Accuracy(layer_0 - estimator_0 - 12_folds.train_10.predict)=66.67%
[ 2020-05-25 11:25:45,296][kfold_wrapper.log_eval_metrics] Accuracy(layer_0 - estimator_0 - 12_folds.train_11.predict)=58.33%
[ 2020-05-25 11:25:45,432][kfold_wrapper.log_eval_metrics] Accuracy(layer_0 - estimator_0 - 12_folds.train_cv.predict)=64.83%
[ 2020-05-25 11:25:45,432][kfold_wrapper.log_eval_metrics] Accuracy(layer_0 - estimator_0 - 12_folds.test.predict)=34.69%
