[ 2020-05-25 11:32:02,895][cascade_classifier.fit_transform] X_groups_train.shape=[(145, 5)],y_train.shape=(145,),X_groups_test.shape=[(98, 5)],y_test.shape=(98,)
[ 2020-05-25 11:32:02,895][cascade_classifier.fit_transform] group_dims=[5]
[ 2020-05-25 11:32:02,895][cascade_classifier.fit_transform] group_starts=[0]
[ 2020-05-25 11:32:02,895][cascade_classifier.fit_transform] group_ends=[5]
[ 2020-05-25 11:32:02,895][cascade_classifier.fit_transform] X_train.shape=(145, 5),X_test.shape=(98, 5)
[ 2020-05-25 11:32:02,895][cascade_classifier.fit_transform] [layer=0] look_indexs=[0], X_cur_train.shape=(145, 5), X_cur_test.shape=(98, 5)
[ 2020-05-25 11:32:03,209][kfold_wrapper.log_eval_metrics] Accuracy(layer_0 - estimator_0 - 12_folds.train_0.predict)=30.77%
[ 2020-05-25 11:32:03,559][kfold_wrapper.log_eval_metrics] Accuracy(layer_0 - estimator_0 - 12_folds.train_1.predict)=50.00%
[ 2020-05-25 11:32:03,943][kfold_wrapper.log_eval_metrics] Accuracy(layer_0 - estimator_0 - 12_folds.train_2.predict)=75.00%
[ 2020-05-25 11:32:04,314][kfold_wrapper.log_eval_metrics] Accuracy(layer_0 - estimator_0 - 12_folds.train_3.predict)=33.33%
[ 2020-05-25 11:32:04,659][kfold_wrapper.log_eval_metrics] Accuracy(layer_0 - estimator_0 - 12_folds.train_4.predict)=50.00%
[ 2020-05-25 11:32:05,007][kfold_wrapper.log_eval_metrics] Accuracy(layer_0 - estimator_0 - 12_folds.train_5.predict)=41.67%
[ 2020-05-25 11:32:05,357][kfold_wrapper.log_eval_metrics] Accuracy(layer_0 - estimator_0 - 12_folds.train_6.predict)=75.00%
[ 2020-05-25 11:32:05,716][kfold_wrapper.log_eval_metrics] Accuracy(layer_0 - estimator_0 - 12_folds.train_7.predict)=75.00%
[ 2020-05-25 11:32:06,087][kfold_wrapper.log_eval_metrics] Accuracy(layer_0 - estimator_0 - 12_folds.train_8.predict)=50.00%
[ 2020-05-25 11:32:06,445][kfold_wrapper.log_eval_metrics] Accuracy(layer_0 - estimator_0 - 12_folds.train_9.predict)=50.00%
[ 2020-05-25 11:32:06,807][kfold_wrapper.log_eval_metrics] Accuracy(layer_0 - estimator_0 - 12_folds.train_10.predict)=50.00%
[ 2020-05-25 11:32:07,166][kfold_wrapper.log_eval_metrics] Accuracy(layer_0 - estimator_0 - 12_folds.train_11.predict)=41.67%
[ 2020-05-25 11:32:07,281][kfold_wrapper.log_eval_metrics] Accuracy(layer_0 - estimator_0 - 12_folds.train_cv.predict)=51.72%
[ 2020-05-25 11:32:07,282][kfold_wrapper.log_eval_metrics] Accuracy(layer_0 - estimator_0 - 12_folds.test.predict)=61.22%
[ 2020-05-25 11:32:07,534][kfold_wrapper.log_eval_metrics] Accuracy(layer_0 - estimator_1 - 12_folds.train_0.predict)=69.23%
[ 2020-05-25 11:32:07,903][kfold_wrapper.log_eval_metrics] Accuracy(layer_0 - estimator_1 - 12_folds.train_1.predict)=33.33%
[ 2020-05-25 11:32:08,273][kfold_wrapper.log_eval_metrics] Accuracy(layer_0 - estimator_1 - 12_folds.train_2.predict)=41.67%
[ 2020-05-25 11:32:08,632][kfold_wrapper.log_eval_metrics] Accuracy(layer_0 - estimator_1 - 12_folds.train_3.predict)=75.00%
[ 2020-05-25 11:32:08,989][kfold_wrapper.log_eval_metrics] Accuracy(layer_0 - estimator_1 - 12_folds.train_4.predict)=50.00%
[ 2020-05-25 11:32:09,351][kfold_wrapper.log_eval_metrics] Accuracy(layer_0 - estimator_1 - 12_folds.train_5.predict)=33.33%
[ 2020-05-25 11:32:09,710][kfold_wrapper.log_eval_metrics] Accuracy(layer_0 - estimator_1 - 12_folds.train_6.predict)=50.00%
[ 2020-05-25 11:32:10,085][kfold_wrapper.log_eval_metrics] Accuracy(layer_0 - estimator_1 - 12_folds.train_7.predict)=41.67%
[ 2020-05-25 11:32:10,442][kfold_wrapper.log_eval_metrics] Accuracy(layer_0 - estimator_1 - 12_folds.train_8.predict)=58.33%
[ 2020-05-25 11:32:10,812][kfold_wrapper.log_eval_metrics] Accuracy(layer_0 - estimator_1 - 12_folds.train_9.predict)=41.67%
[ 2020-05-25 11:32:11,189][kfold_wrapper.log_eval_metrics] Accuracy(layer_0 - estimator_1 - 12_folds.train_10.predict)=41.67%
[ 2020-05-25 11:32:11,548][kfold_wrapper.log_eval_metrics] Accuracy(layer_0 - estimator_1 - 12_folds.train_11.predict)=58.33%
[ 2020-05-25 11:32:11,662][kfold_wrapper.log_eval_metrics] Accuracy(layer_0 - estimator_1 - 12_folds.train_cv.predict)=49.66%
[ 2020-05-25 11:32:11,663][kfold_wrapper.log_eval_metrics] Accuracy(layer_0 - estimator_1 - 12_folds.test.predict)=62.24%
[ 2020-05-25 11:32:11,689][kfold_wrapper.log_eval_metrics] Accuracy(layer_0 - estimator_2 - 12_folds.train_0.predict)=53.85%
[ 2020-05-25 11:32:11,700][kfold_wrapper.log_eval_metrics] Accuracy(layer_0 - estimator_2 - 12_folds.train_1.predict)=33.33%
[ 2020-05-25 11:32:11,712][kfold_wrapper.log_eval_metrics] Accuracy(layer_0 - estimator_2 - 12_folds.train_2.predict)=33.33%
[ 2020-05-25 11:32:11,723][kfold_wrapper.log_eval_metrics] Accuracy(layer_0 - estimator_2 - 12_folds.train_3.predict)=66.67%
[ 2020-05-25 11:32:11,732][kfold_wrapper.log_eval_metrics] Accuracy(layer_0 - estimator_2 - 12_folds.train_4.predict)=41.67%
[ 2020-05-25 11:32:11,739][kfold_wrapper.log_eval_metrics] Accuracy(layer_0 - estimator_2 - 12_folds.train_5.predict)=66.67%
[ 2020-05-25 11:32:11,745][kfold_wrapper.log_eval_metrics] Accuracy(layer_0 - estimator_2 - 12_folds.train_6.predict)=58.33%
[ 2020-05-25 11:32:11,750][kfold_wrapper.log_eval_metrics] Accuracy(layer_0 - estimator_2 - 12_folds.train_7.predict)=41.67%
[ 2020-05-25 11:32:11,754][kfold_wrapper.log_eval_metrics] Accuracy(layer_0 - estimator_2 - 12_folds.train_8.predict)=50.00%
[ 2020-05-25 11:32:11,759][kfold_wrapper.log_eval_metrics] Accuracy(layer_0 - estimator_2 - 12_folds.train_9.predict)=83.33%
[ 2020-05-25 11:32:11,764][kfold_wrapper.log_eval_metrics] Accuracy(layer_0 - estimator_2 - 12_folds.train_10.predict)=66.67%
[ 2020-05-25 11:32:11,769][kfold_wrapper.log_eval_metrics] Accuracy(layer_0 - estimator_2 - 12_folds.train_11.predict)=50.00%
[ 2020-05-25 11:32:11,770][kfold_wrapper.log_eval_metrics] Accuracy(layer_0 - estimator_2 - 12_folds.train_cv.predict)=53.79%
[ 2020-05-25 11:32:11,771][kfold_wrapper.log_eval_metrics] Accuracy(layer_0 - estimator_2 - 12_folds.test.predict)=63.27%
[ 2020-05-25 11:32:11,773][cascade_classifier.calc_accuracy] Accuracy(layer_0 - train.classifier_average)=51.72%
[ 2020-05-25 11:32:11,774][cascade_classifier.calc_accuracy] Accuracy(layer_0 - test.classifier_average)=62.24%
[ 2020-05-25 11:32:11,776][cascade_classifier.fit_transform] [layer=1] look_indexs=[0], X_cur_train.shape=(145, 11), X_cur_test.shape=(98, 11)
[ 2020-05-25 11:32:12,015][kfold_wrapper.log_eval_metrics] Accuracy(layer_1 - estimator_0 - 12_folds.train_0.predict)=53.85%
[ 2020-05-25 11:32:12,361][kfold_wrapper.log_eval_metrics] Accuracy(layer_1 - estimator_0 - 12_folds.train_1.predict)=66.67%
[ 2020-05-25 11:32:12,710][kfold_wrapper.log_eval_metrics] Accuracy(layer_1 - estimator_0 - 12_folds.train_2.predict)=50.00%
[ 2020-05-25 11:32:13,078][kfold_wrapper.log_eval_metrics] Accuracy(layer_1 - estimator_0 - 12_folds.train_3.predict)=66.67%
[ 2020-05-25 11:32:13,435][kfold_wrapper.log_eval_metrics] Accuracy(layer_1 - estimator_0 - 12_folds.train_4.predict)=83.33%
[ 2020-05-25 11:32:13,795][kfold_wrapper.log_eval_metrics] Accuracy(layer_1 - estimator_0 - 12_folds.train_5.predict)=83.33%
[ 2020-05-25 11:32:14,160][kfold_wrapper.log_eval_metrics] Accuracy(layer_1 - estimator_0 - 12_folds.train_6.predict)=41.67%
[ 2020-05-25 11:32:14,518][kfold_wrapper.log_eval_metrics] Accuracy(layer_1 - estimator_0 - 12_folds.train_7.predict)=41.67%
[ 2020-05-25 11:32:14,879][kfold_wrapper.log_eval_metrics] Accuracy(layer_1 - estimator_0 - 12_folds.train_8.predict)=50.00%
[ 2020-05-25 11:32:15,242][kfold_wrapper.log_eval_metrics] Accuracy(layer_1 - estimator_0 - 12_folds.train_9.predict)=33.33%
[ 2020-05-25 11:32:15,594][kfold_wrapper.log_eval_metrics] Accuracy(layer_1 - estimator_0 - 12_folds.train_10.predict)=75.00%
[ 2020-05-25 11:32:15,973][kfold_wrapper.log_eval_metrics] Accuracy(layer_1 - estimator_0 - 12_folds.train_11.predict)=50.00%
[ 2020-05-25 11:32:16,098][kfold_wrapper.log_eval_metrics] Accuracy(layer_1 - estimator_0 - 12_folds.train_cv.predict)=57.93%
[ 2020-05-25 11:32:16,098][kfold_wrapper.log_eval_metrics] Accuracy(layer_1 - estimator_0 - 12_folds.test.predict)=57.14%
[ 2020-05-25 11:32:16,353][kfold_wrapper.log_eval_metrics] Accuracy(layer_1 - estimator_1 - 12_folds.train_0.predict)=69.23%
[ 2020-05-25 11:32:16,712][kfold_wrapper.log_eval_metrics] Accuracy(layer_1 - estimator_1 - 12_folds.train_1.predict)=83.33%
[ 2020-05-25 11:32:17,099][kfold_wrapper.log_eval_metrics] Accuracy(layer_1 - estimator_1 - 12_folds.train_2.predict)=83.33%
[ 2020-05-25 11:32:17,457][kfold_wrapper.log_eval_metrics] Accuracy(layer_1 - estimator_1 - 12_folds.train_3.predict)=50.00%
[ 2020-05-25 11:32:17,819][kfold_wrapper.log_eval_metrics] Accuracy(layer_1 - estimator_1 - 12_folds.train_4.predict)=50.00%
[ 2020-05-25 11:32:18,196][kfold_wrapper.log_eval_metrics] Accuracy(layer_1 - estimator_1 - 12_folds.train_5.predict)=50.00%
[ 2020-05-25 11:32:18,554][kfold_wrapper.log_eval_metrics] Accuracy(layer_1 - estimator_1 - 12_folds.train_6.predict)=66.67%
[ 2020-05-25 11:32:18,913][kfold_wrapper.log_eval_metrics] Accuracy(layer_1 - estimator_1 - 12_folds.train_7.predict)=50.00%
[ 2020-05-25 11:32:19,283][kfold_wrapper.log_eval_metrics] Accuracy(layer_1 - estimator_1 - 12_folds.train_8.predict)=33.33%
[ 2020-05-25 11:32:19,642][kfold_wrapper.log_eval_metrics] Accuracy(layer_1 - estimator_1 - 12_folds.train_9.predict)=66.67%
[ 2020-05-25 11:32:20,024][kfold_wrapper.log_eval_metrics] Accuracy(layer_1 - estimator_1 - 12_folds.train_10.predict)=25.00%
[ 2020-05-25 11:32:20,383][kfold_wrapper.log_eval_metrics] Accuracy(layer_1 - estimator_1 - 12_folds.train_11.predict)=41.67%
[ 2020-05-25 11:32:20,494][kfold_wrapper.log_eval_metrics] Accuracy(layer_1 - estimator_1 - 12_folds.train_cv.predict)=55.86%
[ 2020-05-25 11:32:20,496][kfold_wrapper.log_eval_metrics] Accuracy(layer_1 - estimator_1 - 12_folds.test.predict)=64.29%
[ 2020-05-25 11:32:20,515][kfold_wrapper.log_eval_metrics] Accuracy(layer_1 - estimator_2 - 12_folds.train_0.predict)=69.23%
[ 2020-05-25 11:32:20,528][kfold_wrapper.log_eval_metrics] Accuracy(layer_1 - estimator_2 - 12_folds.train_1.predict)=50.00%
[ 2020-05-25 11:32:20,546][kfold_wrapper.log_eval_metrics] Accuracy(layer_1 - estimator_2 - 12_folds.train_2.predict)=66.67%
[ 2020-05-25 11:32:20,559][kfold_wrapper.log_eval_metrics] Accuracy(layer_1 - estimator_2 - 12_folds.train_3.predict)=50.00%
[ 2020-05-25 11:32:20,571][kfold_wrapper.log_eval_metrics] Accuracy(layer_1 - estimator_2 - 12_folds.train_4.predict)=58.33%
[ 2020-05-25 11:32:20,582][kfold_wrapper.log_eval_metrics] Accuracy(layer_1 - estimator_2 - 12_folds.train_5.predict)=33.33%
[ 2020-05-25 11:32:20,590][kfold_wrapper.log_eval_metrics] Accuracy(layer_1 - estimator_2 - 12_folds.train_6.predict)=58.33%
[ 2020-05-25 11:32:20,597][kfold_wrapper.log_eval_metrics] Accuracy(layer_1 - estimator_2 - 12_folds.train_7.predict)=58.33%
[ 2020-05-25 11:32:20,603][kfold_wrapper.log_eval_metrics] Accuracy(layer_1 - estimator_2 - 12_folds.train_8.predict)=66.67%
[ 2020-05-25 11:32:20,609][kfold_wrapper.log_eval_metrics] Accuracy(layer_1 - estimator_2 - 12_folds.train_9.predict)=50.00%
[ 2020-05-25 11:32:20,615][kfold_wrapper.log_eval_metrics] Accuracy(layer_1 - estimator_2 - 12_folds.train_10.predict)=50.00%
[ 2020-05-25 11:32:20,621][kfold_wrapper.log_eval_metrics] Accuracy(layer_1 - estimator_2 - 12_folds.train_11.predict)=41.67%
[ 2020-05-25 11:32:20,622][kfold_wrapper.log_eval_metrics] Accuracy(layer_1 - estimator_2 - 12_folds.train_cv.predict)=54.48%
[ 2020-05-25 11:32:20,623][kfold_wrapper.log_eval_metrics] Accuracy(layer_1 - estimator_2 - 12_folds.test.predict)=63.27%
[ 2020-05-25 11:32:20,623][cascade_classifier.calc_accuracy] Accuracy(layer_1 - train.classifier_average)=59.31%
[ 2020-05-25 11:32:20,625][cascade_classifier.calc_accuracy] Accuracy(layer_1 - test.classifier_average)=63.27%
[ 2020-05-25 11:32:20,625][cascade_classifier.fit_transform] [layer=2] look_indexs=[0], X_cur_train.shape=(145, 11), X_cur_test.shape=(98, 11)
[ 2020-05-25 11:32:20,854][kfold_wrapper.log_eval_metrics] Accuracy(layer_2 - estimator_0 - 12_folds.train_0.predict)=53.85%
[ 2020-05-25 11:32:21,224][kfold_wrapper.log_eval_metrics] Accuracy(layer_2 - estimator_0 - 12_folds.train_1.predict)=58.33%
[ 2020-05-25 11:32:21,582][kfold_wrapper.log_eval_metrics] Accuracy(layer_2 - estimator_0 - 12_folds.train_2.predict)=41.67%
[ 2020-05-25 11:32:21,964][kfold_wrapper.log_eval_metrics] Accuracy(layer_2 - estimator_0 - 12_folds.train_3.predict)=66.67%
[ 2020-05-25 11:32:22,334][kfold_wrapper.log_eval_metrics] Accuracy(layer_2 - estimator_0 - 12_folds.train_4.predict)=50.00%
[ 2020-05-25 11:32:22,690][kfold_wrapper.log_eval_metrics] Accuracy(layer_2 - estimator_0 - 12_folds.train_5.predict)=41.67%
[ 2020-05-25 11:32:23,075][kfold_wrapper.log_eval_metrics] Accuracy(layer_2 - estimator_0 - 12_folds.train_6.predict)=50.00%
[ 2020-05-25 11:32:23,432][kfold_wrapper.log_eval_metrics] Accuracy(layer_2 - estimator_0 - 12_folds.train_7.predict)=41.67%
[ 2020-05-25 11:32:23,792][kfold_wrapper.log_eval_metrics] Accuracy(layer_2 - estimator_0 - 12_folds.train_8.predict)=41.67%
[ 2020-05-25 11:32:24,172][kfold_wrapper.log_eval_metrics] Accuracy(layer_2 - estimator_0 - 12_folds.train_9.predict)=66.67%
[ 2020-05-25 11:32:24,530][kfold_wrapper.log_eval_metrics] Accuracy(layer_2 - estimator_0 - 12_folds.train_10.predict)=50.00%
[ 2020-05-25 11:32:24,889][kfold_wrapper.log_eval_metrics] Accuracy(layer_2 - estimator_0 - 12_folds.train_11.predict)=58.33%
[ 2020-05-25 11:32:25,014][kfold_wrapper.log_eval_metrics] Accuracy(layer_2 - estimator_0 - 12_folds.train_cv.predict)=51.72%
[ 2020-05-25 11:32:25,014][kfold_wrapper.log_eval_metrics] Accuracy(layer_2 - estimator_0 - 12_folds.test.predict)=53.06%
[ 2020-05-25 11:32:25,268][kfold_wrapper.log_eval_metrics] Accuracy(layer_2 - estimator_1 - 12_folds.train_0.predict)=53.85%
[ 2020-05-25 11:32:25,625][kfold_wrapper.log_eval_metrics] Accuracy(layer_2 - estimator_1 - 12_folds.train_1.predict)=83.33%
[ 2020-05-25 11:32:25,984][kfold_wrapper.log_eval_metrics] Accuracy(layer_2 - estimator_1 - 12_folds.train_2.predict)=41.67%
[ 2020-05-25 11:32:26,342][kfold_wrapper.log_eval_metrics] Accuracy(layer_2 - estimator_1 - 12_folds.train_3.predict)=25.00%
[ 2020-05-25 11:32:26,701][kfold_wrapper.log_eval_metrics] Accuracy(layer_2 - estimator_1 - 12_folds.train_4.predict)=50.00%
[ 2020-05-25 11:32:27,094][kfold_wrapper.log_eval_metrics] Accuracy(layer_2 - estimator_1 - 12_folds.train_5.predict)=66.67%
[ 2020-05-25 11:32:27,453][kfold_wrapper.log_eval_metrics] Accuracy(layer_2 - estimator_1 - 12_folds.train_6.predict)=50.00%
[ 2020-05-25 11:32:27,810][kfold_wrapper.log_eval_metrics] Accuracy(layer_2 - estimator_1 - 12_folds.train_7.predict)=58.33%
[ 2020-05-25 11:32:28,176][kfold_wrapper.log_eval_metrics] Accuracy(layer_2 - estimator_1 - 12_folds.train_8.predict)=50.00%
[ 2020-05-25 11:32:28,532][kfold_wrapper.log_eval_metrics] Accuracy(layer_2 - estimator_1 - 12_folds.train_9.predict)=33.33%
[ 2020-05-25 11:32:28,893][kfold_wrapper.log_eval_metrics] Accuracy(layer_2 - estimator_1 - 12_folds.train_10.predict)=33.33%
[ 2020-05-25 11:32:29,263][kfold_wrapper.log_eval_metrics] Accuracy(layer_2 - estimator_1 - 12_folds.train_11.predict)=75.00%
[ 2020-05-25 11:32:29,378][kfold_wrapper.log_eval_metrics] Accuracy(layer_2 - estimator_1 - 12_folds.train_cv.predict)=51.72%
[ 2020-05-25 11:32:29,379][kfold_wrapper.log_eval_metrics] Accuracy(layer_2 - estimator_1 - 12_folds.test.predict)=53.06%
[ 2020-05-25 11:32:29,395][kfold_wrapper.log_eval_metrics] Accuracy(layer_2 - estimator_2 - 12_folds.train_0.predict)=38.46%
[ 2020-05-25 11:32:29,410][kfold_wrapper.log_eval_metrics] Accuracy(layer_2 - estimator_2 - 12_folds.train_1.predict)=50.00%
[ 2020-05-25 11:32:29,421][kfold_wrapper.log_eval_metrics] Accuracy(layer_2 - estimator_2 - 12_folds.train_2.predict)=58.33%
[ 2020-05-25 11:32:29,428][kfold_wrapper.log_eval_metrics] Accuracy(layer_2 - estimator_2 - 12_folds.train_3.predict)=58.33%
[ 2020-05-25 11:32:29,435][kfold_wrapper.log_eval_metrics] Accuracy(layer_2 - estimator_2 - 12_folds.train_4.predict)=41.67%
[ 2020-05-25 11:32:29,443][kfold_wrapper.log_eval_metrics] Accuracy(layer_2 - estimator_2 - 12_folds.train_5.predict)=50.00%
[ 2020-05-25 11:32:29,449][kfold_wrapper.log_eval_metrics] Accuracy(layer_2 - estimator_2 - 12_folds.train_6.predict)=66.67%
[ 2020-05-25 11:32:29,460][kfold_wrapper.log_eval_metrics] Accuracy(layer_2 - estimator_2 - 12_folds.train_7.predict)=50.00%
[ 2020-05-25 11:32:29,466][kfold_wrapper.log_eval_metrics] Accuracy(layer_2 - estimator_2 - 12_folds.train_8.predict)=58.33%
[ 2020-05-25 11:32:29,473][kfold_wrapper.log_eval_metrics] Accuracy(layer_2 - estimator_2 - 12_folds.train_9.predict)=75.00%
[ 2020-05-25 11:32:29,478][kfold_wrapper.log_eval_metrics] Accuracy(layer_2 - estimator_2 - 12_folds.train_10.predict)=50.00%
[ 2020-05-25 11:32:29,484][kfold_wrapper.log_eval_metrics] Accuracy(layer_2 - estimator_2 - 12_folds.train_11.predict)=66.67%
[ 2020-05-25 11:32:29,485][kfold_wrapper.log_eval_metrics] Accuracy(layer_2 - estimator_2 - 12_folds.train_cv.predict)=55.17%
[ 2020-05-25 11:32:29,486][kfold_wrapper.log_eval_metrics] Accuracy(layer_2 - estimator_2 - 12_folds.test.predict)=63.27%
[ 2020-05-25 11:32:29,487][cascade_classifier.calc_accuracy] Accuracy(layer_2 - train.classifier_average)=50.34%
[ 2020-05-25 11:32:29,487][cascade_classifier.calc_accuracy] Accuracy(layer_2 - test.classifier_average)=60.20%
[ 2020-05-25 11:32:29,488][cascade_classifier.fit_transform] [layer=3] look_indexs=[0], X_cur_train.shape=(145, 11), X_cur_test.shape=(98, 11)
[ 2020-05-25 11:32:29,718][kfold_wrapper.log_eval_metrics] Accuracy(layer_3 - estimator_0 - 12_folds.train_0.predict)=46.15%
[ 2020-05-25 11:32:30,098][kfold_wrapper.log_eval_metrics] Accuracy(layer_3 - estimator_0 - 12_folds.train_1.predict)=50.00%
[ 2020-05-25 11:32:30,456][kfold_wrapper.log_eval_metrics] Accuracy(layer_3 - estimator_0 - 12_folds.train_2.predict)=58.33%
[ 2020-05-25 11:32:30,815][kfold_wrapper.log_eval_metrics] Accuracy(layer_3 - estimator_0 - 12_folds.train_3.predict)=41.67%
[ 2020-05-25 11:32:31,193][kfold_wrapper.log_eval_metrics] Accuracy(layer_3 - estimator_0 - 12_folds.train_4.predict)=75.00%
[ 2020-05-25 11:32:31,546][kfold_wrapper.log_eval_metrics] Accuracy(layer_3 - estimator_0 - 12_folds.train_5.predict)=66.67%
[ 2020-05-25 11:32:31,911][kfold_wrapper.log_eval_metrics] Accuracy(layer_3 - estimator_0 - 12_folds.train_6.predict)=50.00%
[ 2020-05-25 11:32:32,281][kfold_wrapper.log_eval_metrics] Accuracy(layer_3 - estimator_0 - 12_folds.train_7.predict)=41.67%
[ 2020-05-25 11:32:32,639][kfold_wrapper.log_eval_metrics] Accuracy(layer_3 - estimator_0 - 12_folds.train_8.predict)=83.33%
[ 2020-05-25 11:32:33,022][kfold_wrapper.log_eval_metrics] Accuracy(layer_3 - estimator_0 - 12_folds.train_9.predict)=41.67%
[ 2020-05-25 11:32:33,380][kfold_wrapper.log_eval_metrics] Accuracy(layer_3 - estimator_0 - 12_folds.train_10.predict)=50.00%
[ 2020-05-25 11:32:33,738][kfold_wrapper.log_eval_metrics] Accuracy(layer_3 - estimator_0 - 12_folds.train_11.predict)=58.33%
[ 2020-05-25 11:32:33,851][kfold_wrapper.log_eval_metrics] Accuracy(layer_3 - estimator_0 - 12_folds.train_cv.predict)=55.17%
[ 2020-05-25 11:32:33,851][kfold_wrapper.log_eval_metrics] Accuracy(layer_3 - estimator_0 - 12_folds.test.predict)=61.22%
[ 2020-05-25 11:32:34,120][kfold_wrapper.log_eval_metrics] Accuracy(layer_3 - estimator_1 - 12_folds.train_0.predict)=61.54%
[ 2020-05-25 11:32:34,478][kfold_wrapper.log_eval_metrics] Accuracy(layer_3 - estimator_1 - 12_folds.train_1.predict)=50.00%
[ 2020-05-25 11:32:34,837][kfold_wrapper.log_eval_metrics] Accuracy(layer_3 - estimator_1 - 12_folds.train_2.predict)=25.00%
[ 2020-05-25 11:32:35,212][kfold_wrapper.log_eval_metrics] Accuracy(layer_3 - estimator_1 - 12_folds.train_3.predict)=66.67%
[ 2020-05-25 11:32:35,569][kfold_wrapper.log_eval_metrics] Accuracy(layer_3 - estimator_1 - 12_folds.train_4.predict)=58.33%
[ 2020-05-25 11:32:35,931][kfold_wrapper.log_eval_metrics] Accuracy(layer_3 - estimator_1 - 12_folds.train_5.predict)=50.00%
[ 2020-05-25 11:32:36,301][kfold_wrapper.log_eval_metrics] Accuracy(layer_3 - estimator_1 - 12_folds.train_6.predict)=41.67%
[ 2020-05-25 11:32:36,650][kfold_wrapper.log_eval_metrics] Accuracy(layer_3 - estimator_1 - 12_folds.train_7.predict)=75.00%
[ 2020-05-25 11:32:37,026][kfold_wrapper.log_eval_metrics] Accuracy(layer_3 - estimator_1 - 12_folds.train_8.predict)=75.00%
[ 2020-05-25 11:32:37,385][kfold_wrapper.log_eval_metrics] Accuracy(layer_3 - estimator_1 - 12_folds.train_9.predict)=50.00%
[ 2020-05-25 11:32:37,736][kfold_wrapper.log_eval_metrics] Accuracy(layer_3 - estimator_1 - 12_folds.train_10.predict)=66.67%
[ 2020-05-25 11:32:38,111][kfold_wrapper.log_eval_metrics] Accuracy(layer_3 - estimator_1 - 12_folds.train_11.predict)=25.00%
[ 2020-05-25 11:32:38,225][kfold_wrapper.log_eval_metrics] Accuracy(layer_3 - estimator_1 - 12_folds.train_cv.predict)=53.79%
[ 2020-05-25 11:32:38,226][kfold_wrapper.log_eval_metrics] Accuracy(layer_3 - estimator_1 - 12_folds.test.predict)=59.18%
[ 2020-05-25 11:32:38,245][kfold_wrapper.log_eval_metrics] Accuracy(layer_3 - estimator_2 - 12_folds.train_0.predict)=69.23%
[ 2020-05-25 11:32:38,258][kfold_wrapper.log_eval_metrics] Accuracy(layer_3 - estimator_2 - 12_folds.train_1.predict)=50.00%
[ 2020-05-25 11:32:38,267][kfold_wrapper.log_eval_metrics] Accuracy(layer_3 - estimator_2 - 12_folds.train_2.predict)=66.67%
[ 2020-05-25 11:32:38,276][kfold_wrapper.log_eval_metrics] Accuracy(layer_3 - estimator_2 - 12_folds.train_3.predict)=33.33%
[ 2020-05-25 11:32:38,292][kfold_wrapper.log_eval_metrics] Accuracy(layer_3 - estimator_2 - 12_folds.train_4.predict)=50.00%
[ 2020-05-25 11:32:38,306][kfold_wrapper.log_eval_metrics] Accuracy(layer_3 - estimator_2 - 12_folds.train_5.predict)=58.33%
[ 2020-05-25 11:32:38,315][kfold_wrapper.log_eval_metrics] Accuracy(layer_3 - estimator_2 - 12_folds.train_6.predict)=50.00%
[ 2020-05-25 11:32:38,322][kfold_wrapper.log_eval_metrics] Accuracy(layer_3 - estimator_2 - 12_folds.train_7.predict)=41.67%
[ 2020-05-25 11:32:38,328][kfold_wrapper.log_eval_metrics] Accuracy(layer_3 - estimator_2 - 12_folds.train_8.predict)=58.33%
[ 2020-05-25 11:32:38,334][kfold_wrapper.log_eval_metrics] Accuracy(layer_3 - estimator_2 - 12_folds.train_9.predict)=33.33%
[ 2020-05-25 11:32:38,340][kfold_wrapper.log_eval_metrics] Accuracy(layer_3 - estimator_2 - 12_folds.train_10.predict)=66.67%
[ 2020-05-25 11:32:38,347][kfold_wrapper.log_eval_metrics] Accuracy(layer_3 - estimator_2 - 12_folds.train_11.predict)=58.33%
[ 2020-05-25 11:32:38,348][kfold_wrapper.log_eval_metrics] Accuracy(layer_3 - estimator_2 - 12_folds.train_cv.predict)=53.10%
[ 2020-05-25 11:32:38,349][kfold_wrapper.log_eval_metrics] Accuracy(layer_3 - estimator_2 - 12_folds.test.predict)=63.27%
[ 2020-05-25 11:32:38,350][cascade_classifier.calc_accuracy] Accuracy(layer_3 - train.classifier_average)=53.79%
[ 2020-05-25 11:32:38,350][cascade_classifier.calc_accuracy] Accuracy(layer_3 - test.classifier_average)=61.22%
[ 2020-05-25 11:32:38,351][cascade_classifier.fit_transform] [layer=4] look_indexs=[0], X_cur_train.shape=(145, 11), X_cur_test.shape=(98, 11)
[ 2020-05-25 11:32:38,583][kfold_wrapper.log_eval_metrics] Accuracy(layer_4 - estimator_0 - 12_folds.train_0.predict)=53.85%
[ 2020-05-25 11:32:38,966][kfold_wrapper.log_eval_metrics] Accuracy(layer_4 - estimator_0 - 12_folds.train_1.predict)=50.00%
[ 2020-05-25 11:32:39,338][kfold_wrapper.log_eval_metrics] Accuracy(layer_4 - estimator_0 - 12_folds.train_2.predict)=66.67%
[ 2020-05-25 11:32:39,697][kfold_wrapper.log_eval_metrics] Accuracy(layer_4 - estimator_0 - 12_folds.train_3.predict)=33.33%
[ 2020-05-25 11:32:40,076][kfold_wrapper.log_eval_metrics] Accuracy(layer_4 - estimator_0 - 12_folds.train_4.predict)=58.33%
[ 2020-05-25 11:32:40,434][kfold_wrapper.log_eval_metrics] Accuracy(layer_4 - estimator_0 - 12_folds.train_5.predict)=58.33%
[ 2020-05-25 11:32:40,792][kfold_wrapper.log_eval_metrics] Accuracy(layer_4 - estimator_0 - 12_folds.train_6.predict)=58.33%
[ 2020-05-25 11:32:41,157][kfold_wrapper.log_eval_metrics] Accuracy(layer_4 - estimator_0 - 12_folds.train_7.predict)=66.67%
[ 2020-05-25 11:32:41,516][kfold_wrapper.log_eval_metrics] Accuracy(layer_4 - estimator_0 - 12_folds.train_8.predict)=75.00%
[ 2020-05-25 11:32:41,876][kfold_wrapper.log_eval_metrics] Accuracy(layer_4 - estimator_0 - 12_folds.train_9.predict)=41.67%
[ 2020-05-25 11:32:42,246][kfold_wrapper.log_eval_metrics] Accuracy(layer_4 - estimator_0 - 12_folds.train_10.predict)=58.33%
[ 2020-05-25 11:32:42,603][kfold_wrapper.log_eval_metrics] Accuracy(layer_4 - estimator_0 - 12_folds.train_11.predict)=66.67%
[ 2020-05-25 11:32:42,717][kfold_wrapper.log_eval_metrics] Accuracy(layer_4 - estimator_0 - 12_folds.train_cv.predict)=57.24%
[ 2020-05-25 11:32:42,720][kfold_wrapper.log_eval_metrics] Accuracy(layer_4 - estimator_0 - 12_folds.test.predict)=57.14%
[ 2020-05-25 11:32:42,987][kfold_wrapper.log_eval_metrics] Accuracy(layer_4 - estimator_1 - 12_folds.train_0.predict)=53.85%
[ 2020-05-25 11:32:43,346][kfold_wrapper.log_eval_metrics] Accuracy(layer_4 - estimator_1 - 12_folds.train_1.predict)=41.67%
[ 2020-05-25 11:32:43,704][kfold_wrapper.log_eval_metrics] Accuracy(layer_4 - estimator_1 - 12_folds.train_2.predict)=50.00%
[ 2020-05-25 11:32:44,082][kfold_wrapper.log_eval_metrics] Accuracy(layer_4 - estimator_1 - 12_folds.train_3.predict)=41.67%
[ 2020-05-25 11:32:44,441][kfold_wrapper.log_eval_metrics] Accuracy(layer_4 - estimator_1 - 12_folds.train_4.predict)=83.33%
[ 2020-05-25 11:32:44,801][kfold_wrapper.log_eval_metrics] Accuracy(layer_4 - estimator_1 - 12_folds.train_5.predict)=66.67%
[ 2020-05-25 11:32:45,180][kfold_wrapper.log_eval_metrics] Accuracy(layer_4 - estimator_1 - 12_folds.train_6.predict)=66.67%
[ 2020-05-25 11:32:45,538][kfold_wrapper.log_eval_metrics] Accuracy(layer_4 - estimator_1 - 12_folds.train_7.predict)=50.00%
[ 2020-05-25 11:32:45,896][kfold_wrapper.log_eval_metrics] Accuracy(layer_4 - estimator_1 - 12_folds.train_8.predict)=66.67%
[ 2020-05-25 11:32:46,265][kfold_wrapper.log_eval_metrics] Accuracy(layer_4 - estimator_1 - 12_folds.train_9.predict)=41.67%
[ 2020-05-25 11:32:46,624][kfold_wrapper.log_eval_metrics] Accuracy(layer_4 - estimator_1 - 12_folds.train_10.predict)=25.00%
[ 2020-05-25 11:32:46,991][kfold_wrapper.log_eval_metrics] Accuracy(layer_4 - estimator_1 - 12_folds.train_11.predict)=58.33%
[ 2020-05-25 11:32:47,107][kfold_wrapper.log_eval_metrics] Accuracy(layer_4 - estimator_1 - 12_folds.train_cv.predict)=53.79%
[ 2020-05-25 11:32:47,108][kfold_wrapper.log_eval_metrics] Accuracy(layer_4 - estimator_1 - 12_folds.test.predict)=59.18%
[ 2020-05-25 11:32:47,125][kfold_wrapper.log_eval_metrics] Accuracy(layer_4 - estimator_2 - 12_folds.train_0.predict)=23.08%
[ 2020-05-25 11:32:47,138][kfold_wrapper.log_eval_metrics] Accuracy(layer_4 - estimator_2 - 12_folds.train_1.predict)=50.00%
[ 2020-05-25 11:32:47,153][kfold_wrapper.log_eval_metrics] Accuracy(layer_4 - estimator_2 - 12_folds.train_2.predict)=58.33%
[ 2020-05-25 11:32:47,167][kfold_wrapper.log_eval_metrics] Accuracy(layer_4 - estimator_2 - 12_folds.train_3.predict)=50.00%
[ 2020-05-25 11:32:47,177][kfold_wrapper.log_eval_metrics] Accuracy(layer_4 - estimator_2 - 12_folds.train_4.predict)=41.67%
[ 2020-05-25 11:32:47,184][kfold_wrapper.log_eval_metrics] Accuracy(layer_4 - estimator_2 - 12_folds.train_5.predict)=58.33%
[ 2020-05-25 11:32:47,190][kfold_wrapper.log_eval_metrics] Accuracy(layer_4 - estimator_2 - 12_folds.train_6.predict)=66.67%
[ 2020-05-25 11:32:47,196][kfold_wrapper.log_eval_metrics] Accuracy(layer_4 - estimator_2 - 12_folds.train_7.predict)=66.67%
[ 2020-05-25 11:32:47,202][kfold_wrapper.log_eval_metrics] Accuracy(layer_4 - estimator_2 - 12_folds.train_8.predict)=66.67%
[ 2020-05-25 11:32:47,208][kfold_wrapper.log_eval_metrics] Accuracy(layer_4 - estimator_2 - 12_folds.train_9.predict)=58.33%
[ 2020-05-25 11:32:47,214][kfold_wrapper.log_eval_metrics] Accuracy(layer_4 - estimator_2 - 12_folds.train_10.predict)=66.67%
[ 2020-05-25 11:32:47,220][kfold_wrapper.log_eval_metrics] Accuracy(layer_4 - estimator_2 - 12_folds.train_11.predict)=75.00%
[ 2020-05-25 11:32:47,221][kfold_wrapper.log_eval_metrics] Accuracy(layer_4 - estimator_2 - 12_folds.train_cv.predict)=56.55%
[ 2020-05-25 11:32:47,222][kfold_wrapper.log_eval_metrics] Accuracy(layer_4 - estimator_2 - 12_folds.test.predict)=63.27%
[ 2020-05-25 11:32:47,223][cascade_classifier.calc_accuracy] Accuracy(layer_4 - train.classifier_average)=61.38%
[ 2020-05-25 11:32:47,224][cascade_classifier.calc_accuracy] Accuracy(layer_4 - test.classifier_average)=63.27%
[ 2020-05-25 11:32:47,225][cascade_classifier.fit_transform] [layer=5] look_indexs=[0], X_cur_train.shape=(145, 11), X_cur_test.shape=(98, 11)
[ 2020-05-25 11:32:47,457][kfold_wrapper.log_eval_metrics] Accuracy(layer_5 - estimator_0 - 12_folds.train_0.predict)=38.46%
[ 2020-05-25 11:32:47,814][kfold_wrapper.log_eval_metrics] Accuracy(layer_5 - estimator_0 - 12_folds.train_1.predict)=66.67%
[ 2020-05-25 11:32:48,183][kfold_wrapper.log_eval_metrics] Accuracy(layer_5 - estimator_0 - 12_folds.train_2.predict)=66.67%
[ 2020-05-25 11:32:48,542][kfold_wrapper.log_eval_metrics] Accuracy(layer_5 - estimator_0 - 12_folds.train_3.predict)=75.00%
[ 2020-05-25 11:32:48,900][kfold_wrapper.log_eval_metrics] Accuracy(layer_5 - estimator_0 - 12_folds.train_4.predict)=75.00%
[ 2020-05-25 11:32:49,269][kfold_wrapper.log_eval_metrics] Accuracy(layer_5 - estimator_0 - 12_folds.train_5.predict)=58.33%
[ 2020-05-25 11:32:49,630][kfold_wrapper.log_eval_metrics] Accuracy(layer_5 - estimator_0 - 12_folds.train_6.predict)=58.33%
[ 2020-05-25 11:32:50,011][kfold_wrapper.log_eval_metrics] Accuracy(layer_5 - estimator_0 - 12_folds.train_7.predict)=66.67%
[ 2020-05-25 11:32:50,371][kfold_wrapper.log_eval_metrics] Accuracy(layer_5 - estimator_0 - 12_folds.train_8.predict)=50.00%
[ 2020-05-25 11:32:50,730][kfold_wrapper.log_eval_metrics] Accuracy(layer_5 - estimator_0 - 12_folds.train_9.predict)=58.33%
[ 2020-05-25 11:32:51,108][kfold_wrapper.log_eval_metrics] Accuracy(layer_5 - estimator_0 - 12_folds.train_10.predict)=25.00%
[ 2020-05-25 11:32:51,467][kfold_wrapper.log_eval_metrics] Accuracy(layer_5 - estimator_0 - 12_folds.train_11.predict)=75.00%
[ 2020-05-25 11:32:51,581][kfold_wrapper.log_eval_metrics] Accuracy(layer_5 - estimator_0 - 12_folds.train_cv.predict)=59.31%
[ 2020-05-25 11:32:51,582][kfold_wrapper.log_eval_metrics] Accuracy(layer_5 - estimator_0 - 12_folds.test.predict)=61.22%
[ 2020-05-25 11:32:51,836][kfold_wrapper.log_eval_metrics] Accuracy(layer_5 - estimator_1 - 12_folds.train_0.predict)=46.15%
[ 2020-05-25 11:32:52,202][kfold_wrapper.log_eval_metrics] Accuracy(layer_5 - estimator_1 - 12_folds.train_1.predict)=66.67%
[ 2020-05-25 11:32:52,552][kfold_wrapper.log_eval_metrics] Accuracy(layer_5 - estimator_1 - 12_folds.train_2.predict)=50.00%
[ 2020-05-25 11:32:52,919][kfold_wrapper.log_eval_metrics] Accuracy(layer_5 - estimator_1 - 12_folds.train_3.predict)=66.67%
[ 2020-05-25 11:32:53,291][kfold_wrapper.log_eval_metrics] Accuracy(layer_5 - estimator_1 - 12_folds.train_4.predict)=66.67%
[ 2020-05-25 11:32:53,647][kfold_wrapper.log_eval_metrics] Accuracy(layer_5 - estimator_1 - 12_folds.train_5.predict)=16.67%
[ 2020-05-25 11:32:54,030][kfold_wrapper.log_eval_metrics] Accuracy(layer_5 - estimator_1 - 12_folds.train_6.predict)=50.00%
[ 2020-05-25 11:32:54,388][kfold_wrapper.log_eval_metrics] Accuracy(layer_5 - estimator_1 - 12_folds.train_7.predict)=91.67%
[ 2020-05-25 11:32:54,747][kfold_wrapper.log_eval_metrics] Accuracy(layer_5 - estimator_1 - 12_folds.train_8.predict)=50.00%
[ 2020-05-25 11:32:55,112][kfold_wrapper.log_eval_metrics] Accuracy(layer_5 - estimator_1 - 12_folds.train_9.predict)=75.00%
[ 2020-05-25 11:32:55,469][kfold_wrapper.log_eval_metrics] Accuracy(layer_5 - estimator_1 - 12_folds.train_10.predict)=58.33%
[ 2020-05-25 11:32:55,825][kfold_wrapper.log_eval_metrics] Accuracy(layer_5 - estimator_1 - 12_folds.train_11.predict)=16.67%
[ 2020-05-25 11:32:55,939][kfold_wrapper.log_eval_metrics] Accuracy(layer_5 - estimator_1 - 12_folds.train_cv.predict)=54.48%
[ 2020-05-25 11:32:55,939][kfold_wrapper.log_eval_metrics] Accuracy(layer_5 - estimator_1 - 12_folds.test.predict)=57.14%
[ 2020-05-25 11:32:55,955][kfold_wrapper.log_eval_metrics] Accuracy(layer_5 - estimator_2 - 12_folds.train_0.predict)=69.23%
[ 2020-05-25 11:32:55,970][kfold_wrapper.log_eval_metrics] Accuracy(layer_5 - estimator_2 - 12_folds.train_1.predict)=58.33%
[ 2020-05-25 11:32:55,986][kfold_wrapper.log_eval_metrics] Accuracy(layer_5 - estimator_2 - 12_folds.train_2.predict)=58.33%
[ 2020-05-25 11:32:55,986][kfold_wrapper.log_eval_metrics] Accuracy(layer_5 - estimator_2 - 12_folds.train_3.predict)=16.67%
[ 2020-05-25 11:32:56,002][kfold_wrapper.log_eval_metrics] Accuracy(layer_5 - estimator_2 - 12_folds.train_4.predict)=58.33%
[ 2020-05-25 11:32:56,002][kfold_wrapper.log_eval_metrics] Accuracy(layer_5 - estimator_2 - 12_folds.train_5.predict)=41.67%
[ 2020-05-25 11:32:56,017][kfold_wrapper.log_eval_metrics] Accuracy(layer_5 - estimator_2 - 12_folds.train_6.predict)=83.33%
[ 2020-05-25 11:32:56,033][kfold_wrapper.log_eval_metrics] Accuracy(layer_5 - estimator_2 - 12_folds.train_7.predict)=66.67%
[ 2020-05-25 11:32:56,033][kfold_wrapper.log_eval_metrics] Accuracy(layer_5 - estimator_2 - 12_folds.train_8.predict)=41.67%
[ 2020-05-25 11:32:56,033][kfold_wrapper.log_eval_metrics] Accuracy(layer_5 - estimator_2 - 12_folds.train_9.predict)=50.00%
[ 2020-05-25 11:32:56,048][kfold_wrapper.log_eval_metrics] Accuracy(layer_5 - estimator_2 - 12_folds.train_10.predict)=58.33%
[ 2020-05-25 11:32:56,048][kfold_wrapper.log_eval_metrics] Accuracy(layer_5 - estimator_2 - 12_folds.train_11.predict)=41.67%
[ 2020-05-25 11:32:56,048][kfold_wrapper.log_eval_metrics] Accuracy(layer_5 - estimator_2 - 12_folds.train_cv.predict)=53.79%
[ 2020-05-25 11:32:56,048][kfold_wrapper.log_eval_metrics] Accuracy(layer_5 - estimator_2 - 12_folds.test.predict)=63.27%
[ 2020-05-25 11:32:56,048][cascade_classifier.calc_accuracy] Accuracy(layer_5 - train.classifier_average)=55.86%
[ 2020-05-25 11:32:56,048][cascade_classifier.calc_accuracy] Accuracy(layer_5 - test.classifier_average)=63.27%
[ 2020-05-25 11:32:56,048][cascade_classifier.fit_transform] [layer=6] look_indexs=[0], X_cur_train.shape=(145, 11), X_cur_test.shape=(98, 11)
[ 2020-05-25 11:32:56,289][kfold_wrapper.log_eval_metrics] Accuracy(layer_6 - estimator_0 - 12_folds.train_0.predict)=69.23%
[ 2020-05-25 11:32:56,647][kfold_wrapper.log_eval_metrics] Accuracy(layer_6 - estimator_0 - 12_folds.train_1.predict)=58.33%
[ 2020-05-25 11:32:57,034][kfold_wrapper.log_eval_metrics] Accuracy(layer_6 - estimator_0 - 12_folds.train_2.predict)=41.67%
[ 2020-05-25 11:32:57,392][kfold_wrapper.log_eval_metrics] Accuracy(layer_6 - estimator_0 - 12_folds.train_3.predict)=58.33%
[ 2020-05-25 11:32:57,732][kfold_wrapper.log_eval_metrics] Accuracy(layer_6 - estimator_0 - 12_folds.train_4.predict)=58.33%
[ 2020-05-25 11:32:58,098][kfold_wrapper.log_eval_metrics] Accuracy(layer_6 - estimator_0 - 12_folds.train_5.predict)=50.00%
[ 2020-05-25 11:32:58,456][kfold_wrapper.log_eval_metrics] Accuracy(layer_6 - estimator_0 - 12_folds.train_6.predict)=75.00%
[ 2020-05-25 11:32:58,816][kfold_wrapper.log_eval_metrics] Accuracy(layer_6 - estimator_0 - 12_folds.train_7.predict)=41.67%
[ 2020-05-25 11:32:59,193][kfold_wrapper.log_eval_metrics] Accuracy(layer_6 - estimator_0 - 12_folds.train_8.predict)=58.33%
[ 2020-05-25 11:32:59,550][kfold_wrapper.log_eval_metrics] Accuracy(layer_6 - estimator_0 - 12_folds.train_9.predict)=50.00%
[ 2020-05-25 11:32:59,910][kfold_wrapper.log_eval_metrics] Accuracy(layer_6 - estimator_0 - 12_folds.train_10.predict)=41.67%
[ 2020-05-25 11:33:00,282][kfold_wrapper.log_eval_metrics] Accuracy(layer_6 - estimator_0 - 12_folds.train_11.predict)=33.33%
[ 2020-05-25 11:33:00,395][kfold_wrapper.log_eval_metrics] Accuracy(layer_6 - estimator_0 - 12_folds.train_cv.predict)=53.10%
[ 2020-05-25 11:33:00,397][kfold_wrapper.log_eval_metrics] Accuracy(layer_6 - estimator_0 - 12_folds.test.predict)=63.27%
[ 2020-05-25 11:33:00,648][kfold_wrapper.log_eval_metrics] Accuracy(layer_6 - estimator_1 - 12_folds.train_0.predict)=61.54%
[ 2020-05-25 11:33:01,022][kfold_wrapper.log_eval_metrics] Accuracy(layer_6 - estimator_1 - 12_folds.train_1.predict)=58.33%
[ 2020-05-25 11:33:01,379][kfold_wrapper.log_eval_metrics] Accuracy(layer_6 - estimator_1 - 12_folds.train_2.predict)=66.67%
[ 2020-05-25 11:33:01,739][kfold_wrapper.log_eval_metrics] Accuracy(layer_6 - estimator_1 - 12_folds.train_3.predict)=66.67%
[ 2020-05-25 11:33:02,119][kfold_wrapper.log_eval_metrics] Accuracy(layer_6 - estimator_1 - 12_folds.train_4.predict)=41.67%
[ 2020-05-25 11:33:02,479][kfold_wrapper.log_eval_metrics] Accuracy(layer_6 - estimator_1 - 12_folds.train_5.predict)=25.00%
[ 2020-05-25 11:33:02,836][kfold_wrapper.log_eval_metrics] Accuracy(layer_6 - estimator_1 - 12_folds.train_6.predict)=58.33%
[ 2020-05-25 11:33:03,211][kfold_wrapper.log_eval_metrics] Accuracy(layer_6 - estimator_1 - 12_folds.train_7.predict)=41.67%
[ 2020-05-25 11:33:03,570][kfold_wrapper.log_eval_metrics] Accuracy(layer_6 - estimator_1 - 12_folds.train_8.predict)=58.33%
[ 2020-05-25 11:33:03,931][kfold_wrapper.log_eval_metrics] Accuracy(layer_6 - estimator_1 - 12_folds.train_9.predict)=66.67%
[ 2020-05-25 11:33:04,302][kfold_wrapper.log_eval_metrics] Accuracy(layer_6 - estimator_1 - 12_folds.train_10.predict)=41.67%
[ 2020-05-25 11:33:04,659][kfold_wrapper.log_eval_metrics] Accuracy(layer_6 - estimator_1 - 12_folds.train_11.predict)=50.00%
[ 2020-05-25 11:33:04,773][kfold_wrapper.log_eval_metrics] Accuracy(layer_6 - estimator_1 - 12_folds.train_cv.predict)=53.10%
[ 2020-05-25 11:33:04,775][kfold_wrapper.log_eval_metrics] Accuracy(layer_6 - estimator_1 - 12_folds.test.predict)=63.27%
[ 2020-05-25 11:33:04,794][kfold_wrapper.log_eval_metrics] Accuracy(layer_6 - estimator_2 - 12_folds.train_0.predict)=46.15%
[ 2020-05-25 11:33:04,811][kfold_wrapper.log_eval_metrics] Accuracy(layer_6 - estimator_2 - 12_folds.train_1.predict)=66.67%
[ 2020-05-25 11:33:04,824][kfold_wrapper.log_eval_metrics] Accuracy(layer_6 - estimator_2 - 12_folds.train_2.predict)=41.67%
[ 2020-05-25 11:33:04,832][kfold_wrapper.log_eval_metrics] Accuracy(layer_6 - estimator_2 - 12_folds.train_3.predict)=41.67%
[ 2020-05-25 11:33:04,840][kfold_wrapper.log_eval_metrics] Accuracy(layer_6 - estimator_2 - 12_folds.train_4.predict)=41.67%
[ 2020-05-25 11:33:04,846][kfold_wrapper.log_eval_metrics] Accuracy(layer_6 - estimator_2 - 12_folds.train_5.predict)=58.33%
[ 2020-05-25 11:33:04,853][kfold_wrapper.log_eval_metrics] Accuracy(layer_6 - estimator_2 - 12_folds.train_6.predict)=83.33%
[ 2020-05-25 11:33:04,854][kfold_wrapper.log_eval_metrics] Accuracy(layer_6 - estimator_2 - 12_folds.train_7.predict)=33.33%
[ 2020-05-25 11:33:04,854][kfold_wrapper.log_eval_metrics] Accuracy(layer_6 - estimator_2 - 12_folds.train_8.predict)=66.67%
[ 2020-05-25 11:33:04,870][kfold_wrapper.log_eval_metrics] Accuracy(layer_6 - estimator_2 - 12_folds.train_9.predict)=58.33%
[ 2020-05-25 11:33:04,885][kfold_wrapper.log_eval_metrics] Accuracy(layer_6 - estimator_2 - 12_folds.train_10.predict)=50.00%
[ 2020-05-25 11:33:04,901][kfold_wrapper.log_eval_metrics] Accuracy(layer_6 - estimator_2 - 12_folds.train_11.predict)=83.33%
[ 2020-05-25 11:33:04,901][kfold_wrapper.log_eval_metrics] Accuracy(layer_6 - estimator_2 - 12_folds.train_cv.predict)=55.86%
[ 2020-05-25 11:33:04,901][kfold_wrapper.log_eval_metrics] Accuracy(layer_6 - estimator_2 - 12_folds.test.predict)=63.27%
[ 2020-05-25 11:33:04,901][cascade_classifier.calc_accuracy] Accuracy(layer_6 - train.classifier_average)=54.48%
[ 2020-05-25 11:33:04,901][cascade_classifier.calc_accuracy] Accuracy(layer_6 - test.classifier_average)=63.27%
[ 2020-05-25 11:33:04,901][cascade_classifier.fit_transform] [layer=7] look_indexs=[0], X_cur_train.shape=(145, 11), X_cur_test.shape=(98, 11)
[ 2020-05-25 11:33:05,152][kfold_wrapper.log_eval_metrics] Accuracy(layer_7 - estimator_0 - 12_folds.train_0.predict)=69.23%
[ 2020-05-25 11:33:05,509][kfold_wrapper.log_eval_metrics] Accuracy(layer_7 - estimator_0 - 12_folds.train_1.predict)=75.00%
[ 2020-05-25 11:33:05,871][kfold_wrapper.log_eval_metrics] Accuracy(layer_7 - estimator_0 - 12_folds.train_2.predict)=58.33%
[ 2020-05-25 11:33:06,241][kfold_wrapper.log_eval_metrics] Accuracy(layer_7 - estimator_0 - 12_folds.train_3.predict)=50.00%
[ 2020-05-25 11:33:06,599][kfold_wrapper.log_eval_metrics] Accuracy(layer_7 - estimator_0 - 12_folds.train_4.predict)=66.67%
[ 2020-05-25 11:33:06,966][kfold_wrapper.log_eval_metrics] Accuracy(layer_7 - estimator_0 - 12_folds.train_5.predict)=33.33%
[ 2020-05-25 11:33:07,336][kfold_wrapper.log_eval_metrics] Accuracy(layer_7 - estimator_0 - 12_folds.train_6.predict)=75.00%
[ 2020-05-25 11:33:07,694][kfold_wrapper.log_eval_metrics] Accuracy(layer_7 - estimator_0 - 12_folds.train_7.predict)=66.67%
[ 2020-05-25 11:33:08,061][kfold_wrapper.log_eval_metrics] Accuracy(layer_7 - estimator_0 - 12_folds.train_8.predict)=50.00%
[ 2020-05-25 11:33:08,404][kfold_wrapper.log_eval_metrics] Accuracy(layer_7 - estimator_0 - 12_folds.train_9.predict)=75.00%
[ 2020-05-25 11:33:08,751][kfold_wrapper.log_eval_metrics] Accuracy(layer_7 - estimator_0 - 12_folds.train_10.predict)=66.67%
[ 2020-05-25 11:33:09,109][kfold_wrapper.log_eval_metrics] Accuracy(layer_7 - estimator_0 - 12_folds.train_11.predict)=50.00%
[ 2020-05-25 11:33:09,222][kfold_wrapper.log_eval_metrics] Accuracy(layer_7 - estimator_0 - 12_folds.train_cv.predict)=61.38%
[ 2020-05-25 11:33:09,223][kfold_wrapper.log_eval_metrics] Accuracy(layer_7 - estimator_0 - 12_folds.test.predict)=64.29%
[ 2020-05-25 11:33:09,476][kfold_wrapper.log_eval_metrics] Accuracy(layer_7 - estimator_1 - 12_folds.train_0.predict)=46.15%
[ 2020-05-25 11:33:09,835][kfold_wrapper.log_eval_metrics] Accuracy(layer_7 - estimator_1 - 12_folds.train_1.predict)=41.67%
[ 2020-05-25 11:33:10,207][kfold_wrapper.log_eval_metrics] Accuracy(layer_7 - estimator_1 - 12_folds.train_2.predict)=75.00%
[ 2020-05-25 11:33:10,565][kfold_wrapper.log_eval_metrics] Accuracy(layer_7 - estimator_1 - 12_folds.train_3.predict)=50.00%
[ 2020-05-25 11:33:10,925][kfold_wrapper.log_eval_metrics] Accuracy(layer_7 - estimator_1 - 12_folds.train_4.predict)=75.00%
[ 2020-05-25 11:33:11,297][kfold_wrapper.log_eval_metrics] Accuracy(layer_7 - estimator_1 - 12_folds.train_5.predict)=58.33%
[ 2020-05-25 11:33:11,655][kfold_wrapper.log_eval_metrics] Accuracy(layer_7 - estimator_1 - 12_folds.train_6.predict)=58.33%
[ 2020-05-25 11:33:12,036][kfold_wrapper.log_eval_metrics] Accuracy(layer_7 - estimator_1 - 12_folds.train_7.predict)=91.67%
[ 2020-05-25 11:33:12,394][kfold_wrapper.log_eval_metrics] Accuracy(layer_7 - estimator_1 - 12_folds.train_8.predict)=58.33%
[ 2020-05-25 11:33:12,745][kfold_wrapper.log_eval_metrics] Accuracy(layer_7 - estimator_1 - 12_folds.train_9.predict)=33.33%
[ 2020-05-25 11:33:13,100][kfold_wrapper.log_eval_metrics] Accuracy(layer_7 - estimator_1 - 12_folds.train_10.predict)=50.00%
[ 2020-05-25 11:33:13,452][kfold_wrapper.log_eval_metrics] Accuracy(layer_7 - estimator_1 - 12_folds.train_11.predict)=41.67%
[ 2020-05-25 11:33:13,564][kfold_wrapper.log_eval_metrics] Accuracy(layer_7 - estimator_1 - 12_folds.train_cv.predict)=56.55%
[ 2020-05-25 11:33:13,566][kfold_wrapper.log_eval_metrics] Accuracy(layer_7 - estimator_1 - 12_folds.test.predict)=62.24%
[ 2020-05-25 11:33:13,582][kfold_wrapper.log_eval_metrics] Accuracy(layer_7 - estimator_2 - 12_folds.train_0.predict)=53.85%
[ 2020-05-25 11:33:13,593][kfold_wrapper.log_eval_metrics] Accuracy(layer_7 - estimator_2 - 12_folds.train_1.predict)=58.33%
[ 2020-05-25 11:33:13,603][kfold_wrapper.log_eval_metrics] Accuracy(layer_7 - estimator_2 - 12_folds.train_2.predict)=83.33%
[ 2020-05-25 11:33:13,609][kfold_wrapper.log_eval_metrics] Accuracy(layer_7 - estimator_2 - 12_folds.train_3.predict)=41.67%
[ 2020-05-25 11:33:13,616][kfold_wrapper.log_eval_metrics] Accuracy(layer_7 - estimator_2 - 12_folds.train_4.predict)=50.00%
[ 2020-05-25 11:33:13,622][kfold_wrapper.log_eval_metrics] Accuracy(layer_7 - estimator_2 - 12_folds.train_5.predict)=58.33%
[ 2020-05-25 11:33:13,628][kfold_wrapper.log_eval_metrics] Accuracy(layer_7 - estimator_2 - 12_folds.train_6.predict)=25.00%
[ 2020-05-25 11:33:13,635][kfold_wrapper.log_eval_metrics] Accuracy(layer_7 - estimator_2 - 12_folds.train_7.predict)=58.33%
[ 2020-05-25 11:33:13,641][kfold_wrapper.log_eval_metrics] Accuracy(layer_7 - estimator_2 - 12_folds.train_8.predict)=41.67%
[ 2020-05-25 11:33:13,648][kfold_wrapper.log_eval_metrics] Accuracy(layer_7 - estimator_2 - 12_folds.train_9.predict)=58.33%
[ 2020-05-25 11:33:13,653][kfold_wrapper.log_eval_metrics] Accuracy(layer_7 - estimator_2 - 12_folds.train_10.predict)=75.00%
[ 2020-05-25 11:33:13,659][kfold_wrapper.log_eval_metrics] Accuracy(layer_7 - estimator_2 - 12_folds.train_11.predict)=83.33%
[ 2020-05-25 11:33:13,660][kfold_wrapper.log_eval_metrics] Accuracy(layer_7 - estimator_2 - 12_folds.train_cv.predict)=57.24%
[ 2020-05-25 11:33:13,661][kfold_wrapper.log_eval_metrics] Accuracy(layer_7 - estimator_2 - 12_folds.test.predict)=63.27%
[ 2020-05-25 11:33:13,662][cascade_classifier.calc_accuracy] Accuracy(layer_7 - train.classifier_average)=63.45%
[ 2020-05-25 11:33:13,664][cascade_classifier.calc_accuracy] Accuracy(layer_7 - test.classifier_average)=63.27%
[ 2020-05-25 11:33:13,665][cascade_classifier.fit_transform] [layer=8] look_indexs=[0], X_cur_train.shape=(145, 11), X_cur_test.shape=(98, 11)
[ 2020-05-25 11:33:13,898][kfold_wrapper.log_eval_metrics] Accuracy(layer_8 - estimator_0 - 12_folds.train_0.predict)=61.54%
[ 2020-05-25 11:33:14,268][kfold_wrapper.log_eval_metrics] Accuracy(layer_8 - estimator_0 - 12_folds.train_1.predict)=58.33%
[ 2020-05-25 11:33:14,624][kfold_wrapper.log_eval_metrics] Accuracy(layer_8 - estimator_0 - 12_folds.train_2.predict)=58.33%
[ 2020-05-25 11:33:15,008][kfold_wrapper.log_eval_metrics] Accuracy(layer_8 - estimator_0 - 12_folds.train_3.predict)=58.33%
[ 2020-05-25 11:33:15,368][kfold_wrapper.log_eval_metrics] Accuracy(layer_8 - estimator_0 - 12_folds.train_4.predict)=58.33%
[ 2020-05-25 11:33:15,726][kfold_wrapper.log_eval_metrics] Accuracy(layer_8 - estimator_0 - 12_folds.train_5.predict)=25.00%
[ 2020-05-25 11:33:16,103][kfold_wrapper.log_eval_metrics] Accuracy(layer_8 - estimator_0 - 12_folds.train_6.predict)=83.33%
[ 2020-05-25 11:33:16,482][kfold_wrapper.log_eval_metrics] Accuracy(layer_8 - estimator_0 - 12_folds.train_7.predict)=58.33%
[ 2020-05-25 11:33:16,857][kfold_wrapper.log_eval_metrics] Accuracy(layer_8 - estimator_0 - 12_folds.train_8.predict)=83.33%
[ 2020-05-25 11:33:17,226][kfold_wrapper.log_eval_metrics] Accuracy(layer_8 - estimator_0 - 12_folds.train_9.predict)=58.33%
[ 2020-05-25 11:33:17,583][kfold_wrapper.log_eval_metrics] Accuracy(layer_8 - estimator_0 - 12_folds.train_10.predict)=58.33%
[ 2020-05-25 11:33:17,952][kfold_wrapper.log_eval_metrics] Accuracy(layer_8 - estimator_0 - 12_folds.train_11.predict)=66.67%
[ 2020-05-25 11:33:18,077][kfold_wrapper.log_eval_metrics] Accuracy(layer_8 - estimator_0 - 12_folds.train_cv.predict)=60.69%
[ 2020-05-25 11:33:18,077][kfold_wrapper.log_eval_metrics] Accuracy(layer_8 - estimator_0 - 12_folds.test.predict)=60.20%
[ 2020-05-25 11:33:18,331][kfold_wrapper.log_eval_metrics] Accuracy(layer_8 - estimator_1 - 12_folds.train_0.predict)=61.54%
[ 2020-05-25 11:33:18,689][kfold_wrapper.log_eval_metrics] Accuracy(layer_8 - estimator_1 - 12_folds.train_1.predict)=58.33%
[ 2020-05-25 11:33:19,047][kfold_wrapper.log_eval_metrics] Accuracy(layer_8 - estimator_1 - 12_folds.train_2.predict)=58.33%
[ 2020-05-25 11:33:19,403][kfold_wrapper.log_eval_metrics] Accuracy(layer_8 - estimator_1 - 12_folds.train_3.predict)=25.00%
[ 2020-05-25 11:33:19,761][kfold_wrapper.log_eval_metrics] Accuracy(layer_8 - estimator_1 - 12_folds.train_4.predict)=33.33%
[ 2020-05-25 11:33:20,128][kfold_wrapper.log_eval_metrics] Accuracy(layer_8 - estimator_1 - 12_folds.train_5.predict)=66.67%
[ 2020-05-25 11:33:20,485][kfold_wrapper.log_eval_metrics] Accuracy(layer_8 - estimator_1 - 12_folds.train_6.predict)=83.33%
[ 2020-05-25 11:33:20,841][kfold_wrapper.log_eval_metrics] Accuracy(layer_8 - estimator_1 - 12_folds.train_7.predict)=58.33%
[ 2020-05-25 11:33:21,208][kfold_wrapper.log_eval_metrics] Accuracy(layer_8 - estimator_1 - 12_folds.train_8.predict)=41.67%
[ 2020-05-25 11:33:21,566][kfold_wrapper.log_eval_metrics] Accuracy(layer_8 - estimator_1 - 12_folds.train_9.predict)=50.00%
[ 2020-05-25 11:33:21,926][kfold_wrapper.log_eval_metrics] Accuracy(layer_8 - estimator_1 - 12_folds.train_10.predict)=25.00%
[ 2020-05-25 11:33:22,295][kfold_wrapper.log_eval_metrics] Accuracy(layer_8 - estimator_1 - 12_folds.train_11.predict)=66.67%
[ 2020-05-25 11:33:22,409][kfold_wrapper.log_eval_metrics] Accuracy(layer_8 - estimator_1 - 12_folds.train_cv.predict)=52.41%
[ 2020-05-25 11:33:22,410][kfold_wrapper.log_eval_metrics] Accuracy(layer_8 - estimator_1 - 12_folds.test.predict)=63.27%
[ 2020-05-25 11:33:22,427][kfold_wrapper.log_eval_metrics] Accuracy(layer_8 - estimator_2 - 12_folds.train_0.predict)=53.85%
[ 2020-05-25 11:33:22,445][kfold_wrapper.log_eval_metrics] Accuracy(layer_8 - estimator_2 - 12_folds.train_1.predict)=58.33%
[ 2020-05-25 11:33:22,460][kfold_wrapper.log_eval_metrics] Accuracy(layer_8 - estimator_2 - 12_folds.train_2.predict)=50.00%
[ 2020-05-25 11:33:22,476][kfold_wrapper.log_eval_metrics] Accuracy(layer_8 - estimator_2 - 12_folds.train_3.predict)=58.33%
[ 2020-05-25 11:33:22,487][kfold_wrapper.log_eval_metrics] Accuracy(layer_8 - estimator_2 - 12_folds.train_4.predict)=83.33%
[ 2020-05-25 11:33:22,497][kfold_wrapper.log_eval_metrics] Accuracy(layer_8 - estimator_2 - 12_folds.train_5.predict)=58.33%
[ 2020-05-25 11:33:22,512][kfold_wrapper.log_eval_metrics] Accuracy(layer_8 - estimator_2 - 12_folds.train_6.predict)=33.33%
[ 2020-05-25 11:33:22,526][kfold_wrapper.log_eval_metrics] Accuracy(layer_8 - estimator_2 - 12_folds.train_7.predict)=41.67%
[ 2020-05-25 11:33:22,538][kfold_wrapper.log_eval_metrics] Accuracy(layer_8 - estimator_2 - 12_folds.train_8.predict)=58.33%
[ 2020-05-25 11:33:22,547][kfold_wrapper.log_eval_metrics] Accuracy(layer_8 - estimator_2 - 12_folds.train_9.predict)=66.67%
[ 2020-05-25 11:33:22,554][kfold_wrapper.log_eval_metrics] Accuracy(layer_8 - estimator_2 - 12_folds.train_10.predict)=58.33%
[ 2020-05-25 11:33:22,561][kfold_wrapper.log_eval_metrics] Accuracy(layer_8 - estimator_2 - 12_folds.train_11.predict)=83.33%
[ 2020-05-25 11:33:22,562][kfold_wrapper.log_eval_metrics] Accuracy(layer_8 - estimator_2 - 12_folds.train_cv.predict)=58.62%
[ 2020-05-25 11:33:22,563][kfold_wrapper.log_eval_metrics] Accuracy(layer_8 - estimator_2 - 12_folds.test.predict)=63.27%
[ 2020-05-25 11:33:22,564][cascade_classifier.calc_accuracy] Accuracy(layer_8 - train.classifier_average)=56.55%
[ 2020-05-25 11:33:22,564][cascade_classifier.calc_accuracy] Accuracy(layer_8 - test.classifier_average)=63.27%
[ 2020-05-25 11:33:22,566][cascade_classifier.fit_transform] [layer=9] look_indexs=[0], X_cur_train.shape=(145, 11), X_cur_test.shape=(98, 11)
[ 2020-05-25 11:33:22,795][kfold_wrapper.log_eval_metrics] Accuracy(layer_9 - estimator_0 - 12_folds.train_0.predict)=69.23%
[ 2020-05-25 11:33:23,163][kfold_wrapper.log_eval_metrics] Accuracy(layer_9 - estimator_0 - 12_folds.train_1.predict)=33.33%
[ 2020-05-25 11:33:23,525][kfold_wrapper.log_eval_metrics] Accuracy(layer_9 - estimator_0 - 12_folds.train_2.predict)=50.00%
[ 2020-05-25 11:33:23,882][kfold_wrapper.log_eval_metrics] Accuracy(layer_9 - estimator_0 - 12_folds.train_3.predict)=33.33%
[ 2020-05-25 11:33:24,245][kfold_wrapper.log_eval_metrics] Accuracy(layer_9 - estimator_0 - 12_folds.train_4.predict)=58.33%
[ 2020-05-25 11:33:24,600][kfold_wrapper.log_eval_metrics] Accuracy(layer_9 - estimator_0 - 12_folds.train_5.predict)=33.33%
[ 2020-05-25 11:33:24,962][kfold_wrapper.log_eval_metrics] Accuracy(layer_9 - estimator_0 - 12_folds.train_6.predict)=58.33%
[ 2020-05-25 11:33:25,332][kfold_wrapper.log_eval_metrics] Accuracy(layer_9 - estimator_0 - 12_folds.train_7.predict)=75.00%
[ 2020-05-25 11:33:25,690][kfold_wrapper.log_eval_metrics] Accuracy(layer_9 - estimator_0 - 12_folds.train_8.predict)=33.33%
[ 2020-05-25 11:33:26,072][kfold_wrapper.log_eval_metrics] Accuracy(layer_9 - estimator_0 - 12_folds.train_9.predict)=58.33%
[ 2020-05-25 11:33:26,433][kfold_wrapper.log_eval_metrics] Accuracy(layer_9 - estimator_0 - 12_folds.train_10.predict)=33.33%
[ 2020-05-25 11:33:26,791][kfold_wrapper.log_eval_metrics] Accuracy(layer_9 - estimator_0 - 12_folds.train_11.predict)=50.00%
[ 2020-05-25 11:33:26,917][kfold_wrapper.log_eval_metrics] Accuracy(layer_9 - estimator_0 - 12_folds.train_cv.predict)=48.97%
[ 2020-05-25 11:33:26,917][kfold_wrapper.log_eval_metrics] Accuracy(layer_9 - estimator_0 - 12_folds.test.predict)=60.20%
[ 2020-05-25 11:33:27,184][kfold_wrapper.log_eval_metrics] Accuracy(layer_9 - estimator_1 - 12_folds.train_0.predict)=46.15%
[ 2020-05-25 11:33:27,544][kfold_wrapper.log_eval_metrics] Accuracy(layer_9 - estimator_1 - 12_folds.train_1.predict)=50.00%
[ 2020-05-25 11:33:27,903][kfold_wrapper.log_eval_metrics] Accuracy(layer_9 - estimator_1 - 12_folds.train_2.predict)=66.67%
[ 2020-05-25 11:33:28,273][kfold_wrapper.log_eval_metrics] Accuracy(layer_9 - estimator_1 - 12_folds.train_3.predict)=50.00%
[ 2020-05-25 11:33:28,631][kfold_wrapper.log_eval_metrics] Accuracy(layer_9 - estimator_1 - 12_folds.train_4.predict)=75.00%
[ 2020-05-25 11:33:28,998][kfold_wrapper.log_eval_metrics] Accuracy(layer_9 - estimator_1 - 12_folds.train_5.predict)=66.67%
[ 2020-05-25 11:33:29,355][kfold_wrapper.log_eval_metrics] Accuracy(layer_9 - estimator_1 - 12_folds.train_6.predict)=50.00%
[ 2020-05-25 11:33:29,706][kfold_wrapper.log_eval_metrics] Accuracy(layer_9 - estimator_1 - 12_folds.train_7.predict)=41.67%
[ 2020-05-25 11:33:30,078][kfold_wrapper.log_eval_metrics] Accuracy(layer_9 - estimator_1 - 12_folds.train_8.predict)=50.00%
[ 2020-05-25 11:33:30,435][kfold_wrapper.log_eval_metrics] Accuracy(layer_9 - estimator_1 - 12_folds.train_9.predict)=50.00%
[ 2020-05-25 11:33:30,793][kfold_wrapper.log_eval_metrics] Accuracy(layer_9 - estimator_1 - 12_folds.train_10.predict)=50.00%
[ 2020-05-25 11:33:31,160][kfold_wrapper.log_eval_metrics] Accuracy(layer_9 - estimator_1 - 12_folds.train_11.predict)=50.00%
[ 2020-05-25 11:33:31,274][kfold_wrapper.log_eval_metrics] Accuracy(layer_9 - estimator_1 - 12_folds.train_cv.predict)=53.79%
[ 2020-05-25 11:33:31,275][kfold_wrapper.log_eval_metrics] Accuracy(layer_9 - estimator_1 - 12_folds.test.predict)=52.04%
[ 2020-05-25 11:33:31,294][kfold_wrapper.log_eval_metrics] Accuracy(layer_9 - estimator_2 - 12_folds.train_0.predict)=30.77%
[ 2020-05-25 11:33:31,308][kfold_wrapper.log_eval_metrics] Accuracy(layer_9 - estimator_2 - 12_folds.train_1.predict)=75.00%
[ 2020-05-25 11:33:31,317][kfold_wrapper.log_eval_metrics] Accuracy(layer_9 - estimator_2 - 12_folds.train_2.predict)=58.33%
[ 2020-05-25 11:33:31,324][kfold_wrapper.log_eval_metrics] Accuracy(layer_9 - estimator_2 - 12_folds.train_3.predict)=50.00%
[ 2020-05-25 11:33:31,332][kfold_wrapper.log_eval_metrics] Accuracy(layer_9 - estimator_2 - 12_folds.train_4.predict)=75.00%
[ 2020-05-25 11:33:31,348][kfold_wrapper.log_eval_metrics] Accuracy(layer_9 - estimator_2 - 12_folds.train_5.predict)=50.00%
[ 2020-05-25 11:33:31,365][kfold_wrapper.log_eval_metrics] Accuracy(layer_9 - estimator_2 - 12_folds.train_6.predict)=50.00%
[ 2020-05-25 11:33:31,381][kfold_wrapper.log_eval_metrics] Accuracy(layer_9 - estimator_2 - 12_folds.train_7.predict)=58.33%
[ 2020-05-25 11:33:31,394][kfold_wrapper.log_eval_metrics] Accuracy(layer_9 - estimator_2 - 12_folds.train_8.predict)=58.33%
[ 2020-05-25 11:33:31,404][kfold_wrapper.log_eval_metrics] Accuracy(layer_9 - estimator_2 - 12_folds.train_9.predict)=50.00%
[ 2020-05-25 11:33:31,411][kfold_wrapper.log_eval_metrics] Accuracy(layer_9 - estimator_2 - 12_folds.train_10.predict)=58.33%
[ 2020-05-25 11:33:31,418][kfold_wrapper.log_eval_metrics] Accuracy(layer_9 - estimator_2 - 12_folds.train_11.predict)=58.33%
[ 2020-05-25 11:33:31,420][kfold_wrapper.log_eval_metrics] Accuracy(layer_9 - estimator_2 - 12_folds.train_cv.predict)=55.86%
[ 2020-05-25 11:33:31,421][kfold_wrapper.log_eval_metrics] Accuracy(layer_9 - estimator_2 - 12_folds.test.predict)=63.27%
[ 2020-05-25 11:33:31,424][cascade_classifier.calc_accuracy] Accuracy(layer_9 - train.classifier_average)=51.72%
[ 2020-05-25 11:33:31,426][cascade_classifier.calc_accuracy] Accuracy(layer_9 - test.classifier_average)=59.18%
[ 2020-05-25 11:33:31,427][cascade_classifier.fit_transform] [layer=10] look_indexs=[0], X_cur_train.shape=(145, 11), X_cur_test.shape=(98, 11)
[ 2020-05-25 11:33:31,658][kfold_wrapper.log_eval_metrics] Accuracy(layer_10 - estimator_0 - 12_folds.train_0.predict)=38.46%
[ 2020-05-25 11:33:32,034][kfold_wrapper.log_eval_metrics] Accuracy(layer_10 - estimator_0 - 12_folds.train_1.predict)=41.67%
[ 2020-05-25 11:33:32,393][kfold_wrapper.log_eval_metrics] Accuracy(layer_10 - estimator_0 - 12_folds.train_2.predict)=58.33%
[ 2020-05-25 11:33:32,746][kfold_wrapper.log_eval_metrics] Accuracy(layer_10 - estimator_0 - 12_folds.train_3.predict)=50.00%
[ 2020-05-25 11:33:33,115][kfold_wrapper.log_eval_metrics] Accuracy(layer_10 - estimator_0 - 12_folds.train_4.predict)=41.67%
[ 2020-05-25 11:33:33,474][kfold_wrapper.log_eval_metrics] Accuracy(layer_10 - estimator_0 - 12_folds.train_5.predict)=66.67%
[ 2020-05-25 11:33:33,831][kfold_wrapper.log_eval_metrics] Accuracy(layer_10 - estimator_0 - 12_folds.train_6.predict)=50.00%
[ 2020-05-25 11:33:34,211][kfold_wrapper.log_eval_metrics] Accuracy(layer_10 - estimator_0 - 12_folds.train_7.predict)=66.67%
[ 2020-05-25 11:33:34,569][kfold_wrapper.log_eval_metrics] Accuracy(layer_10 - estimator_0 - 12_folds.train_8.predict)=66.67%
[ 2020-05-25 11:33:34,929][kfold_wrapper.log_eval_metrics] Accuracy(layer_10 - estimator_0 - 12_folds.train_9.predict)=50.00%
[ 2020-05-25 11:33:35,301][kfold_wrapper.log_eval_metrics] Accuracy(layer_10 - estimator_0 - 12_folds.train_10.predict)=41.67%
[ 2020-05-25 11:33:35,658][kfold_wrapper.log_eval_metrics] Accuracy(layer_10 - estimator_0 - 12_folds.train_11.predict)=50.00%
[ 2020-05-25 11:33:35,773][kfold_wrapper.log_eval_metrics] Accuracy(layer_10 - estimator_0 - 12_folds.train_cv.predict)=51.72%
[ 2020-05-25 11:33:35,775][kfold_wrapper.log_eval_metrics] Accuracy(layer_10 - estimator_0 - 12_folds.test.predict)=62.24%
[ 2020-05-25 11:33:36,055][kfold_wrapper.log_eval_metrics] Accuracy(layer_10 - estimator_1 - 12_folds.train_0.predict)=69.23%
[ 2020-05-25 11:33:36,414][kfold_wrapper.log_eval_metrics] Accuracy(layer_10 - estimator_1 - 12_folds.train_1.predict)=50.00%
[ 2020-05-25 11:33:36,771][kfold_wrapper.log_eval_metrics] Accuracy(layer_10 - estimator_1 - 12_folds.train_2.predict)=58.33%
[ 2020-05-25 11:33:37,137][kfold_wrapper.log_eval_metrics] Accuracy(layer_10 - estimator_1 - 12_folds.train_3.predict)=50.00%
[ 2020-05-25 11:33:37,496][kfold_wrapper.log_eval_metrics] Accuracy(layer_10 - estimator_1 - 12_folds.train_4.predict)=75.00%
[ 2020-05-25 11:33:37,854][kfold_wrapper.log_eval_metrics] Accuracy(layer_10 - estimator_1 - 12_folds.train_5.predict)=50.00%
[ 2020-05-25 11:33:38,224][kfold_wrapper.log_eval_metrics] Accuracy(layer_10 - estimator_1 - 12_folds.train_6.predict)=41.67%
[ 2020-05-25 11:33:38,584][kfold_wrapper.log_eval_metrics] Accuracy(layer_10 - estimator_1 - 12_folds.train_7.predict)=41.67%
[ 2020-05-25 11:33:38,950][kfold_wrapper.log_eval_metrics] Accuracy(layer_10 - estimator_1 - 12_folds.train_8.predict)=25.00%
[ 2020-05-25 11:33:39,320][kfold_wrapper.log_eval_metrics] Accuracy(layer_10 - estimator_1 - 12_folds.train_9.predict)=66.67%
[ 2020-05-25 11:33:39,677][kfold_wrapper.log_eval_metrics] Accuracy(layer_10 - estimator_1 - 12_folds.train_10.predict)=50.00%
[ 2020-05-25 11:33:40,030][kfold_wrapper.log_eval_metrics] Accuracy(layer_10 - estimator_1 - 12_folds.train_11.predict)=58.33%
[ 2020-05-25 11:33:40,142][kfold_wrapper.log_eval_metrics] Accuracy(layer_10 - estimator_1 - 12_folds.train_cv.predict)=53.10%
[ 2020-05-25 11:33:40,143][kfold_wrapper.log_eval_metrics] Accuracy(layer_10 - estimator_1 - 12_folds.test.predict)=61.22%
[ 2020-05-25 11:33:40,162][kfold_wrapper.log_eval_metrics] Accuracy(layer_10 - estimator_2 - 12_folds.train_0.predict)=23.08%
[ 2020-05-25 11:33:40,179][kfold_wrapper.log_eval_metrics] Accuracy(layer_10 - estimator_2 - 12_folds.train_1.predict)=25.00%
[ 2020-05-25 11:33:40,189][kfold_wrapper.log_eval_metrics] Accuracy(layer_10 - estimator_2 - 12_folds.train_2.predict)=58.33%
[ 2020-05-25 11:33:40,198][kfold_wrapper.log_eval_metrics] Accuracy(layer_10 - estimator_2 - 12_folds.train_3.predict)=58.33%
[ 2020-05-25 11:33:40,214][kfold_wrapper.log_eval_metrics] Accuracy(layer_10 - estimator_2 - 12_folds.train_4.predict)=66.67%
[ 2020-05-25 11:33:40,228][kfold_wrapper.log_eval_metrics] Accuracy(layer_10 - estimator_2 - 12_folds.train_5.predict)=66.67%
[ 2020-05-25 11:33:40,238][kfold_wrapper.log_eval_metrics] Accuracy(layer_10 - estimator_2 - 12_folds.train_6.predict)=66.67%
[ 2020-05-25 11:33:40,246][kfold_wrapper.log_eval_metrics] Accuracy(layer_10 - estimator_2 - 12_folds.train_7.predict)=41.67%
[ 2020-05-25 11:33:40,253][kfold_wrapper.log_eval_metrics] Accuracy(layer_10 - estimator_2 - 12_folds.train_8.predict)=41.67%
[ 2020-05-25 11:33:40,260][kfold_wrapper.log_eval_metrics] Accuracy(layer_10 - estimator_2 - 12_folds.train_9.predict)=66.67%
[ 2020-05-25 11:33:40,265][kfold_wrapper.log_eval_metrics] Accuracy(layer_10 - estimator_2 - 12_folds.train_10.predict)=50.00%
[ 2020-05-25 11:33:40,271][kfold_wrapper.log_eval_metrics] Accuracy(layer_10 - estimator_2 - 12_folds.train_11.predict)=33.33%
[ 2020-05-25 11:33:40,273][kfold_wrapper.log_eval_metrics] Accuracy(layer_10 - estimator_2 - 12_folds.train_cv.predict)=49.66%
[ 2020-05-25 11:33:40,274][kfold_wrapper.log_eval_metrics] Accuracy(layer_10 - estimator_2 - 12_folds.test.predict)=63.27%
[ 2020-05-25 11:33:40,274][cascade_classifier.calc_accuracy] Accuracy(layer_10 - train.classifier_average)=53.79%
[ 2020-05-25 11:33:40,276][cascade_classifier.calc_accuracy] Accuracy(layer_10 - test.classifier_average)=63.27%
[ 2020-05-25 11:33:40,277][cascade_classifier.fit_transform] [layer=11] look_indexs=[0], X_cur_train.shape=(145, 11), X_cur_test.shape=(98, 11)
[ 2020-05-25 11:33:40,508][kfold_wrapper.log_eval_metrics] Accuracy(layer_11 - estimator_0 - 12_folds.train_0.predict)=61.54%
[ 2020-05-25 11:33:40,867][kfold_wrapper.log_eval_metrics] Accuracy(layer_11 - estimator_0 - 12_folds.train_1.predict)=33.33%
[ 2020-05-25 11:33:41,230][kfold_wrapper.log_eval_metrics] Accuracy(layer_11 - estimator_0 - 12_folds.train_2.predict)=58.33%
[ 2020-05-25 11:33:41,588][kfold_wrapper.log_eval_metrics] Accuracy(layer_11 - estimator_0 - 12_folds.train_3.predict)=58.33%
[ 2020-05-25 11:33:41,954][kfold_wrapper.log_eval_metrics] Accuracy(layer_11 - estimator_0 - 12_folds.train_4.predict)=100.00%
[ 2020-05-25 11:33:42,327][kfold_wrapper.log_eval_metrics] Accuracy(layer_11 - estimator_0 - 12_folds.train_5.predict)=58.33%
[ 2020-05-25 11:33:42,684][kfold_wrapper.log_eval_metrics] Accuracy(layer_11 - estimator_0 - 12_folds.train_6.predict)=66.67%
[ 2020-05-25 11:33:43,065][kfold_wrapper.log_eval_metrics] Accuracy(layer_11 - estimator_0 - 12_folds.train_7.predict)=66.67%
[ 2020-05-25 11:33:43,425][kfold_wrapper.log_eval_metrics] Accuracy(layer_11 - estimator_0 - 12_folds.train_8.predict)=66.67%
[ 2020-05-25 11:33:43,785][kfold_wrapper.log_eval_metrics] Accuracy(layer_11 - estimator_0 - 12_folds.train_9.predict)=33.33%
[ 2020-05-25 11:33:44,147][kfold_wrapper.log_eval_metrics] Accuracy(layer_11 - estimator_0 - 12_folds.train_10.predict)=58.33%
[ 2020-05-25 11:33:44,504][kfold_wrapper.log_eval_metrics] Accuracy(layer_11 - estimator_0 - 12_folds.train_11.predict)=75.00%
[ 2020-05-25 11:33:44,617][kfold_wrapper.log_eval_metrics] Accuracy(layer_11 - estimator_0 - 12_folds.train_cv.predict)=61.38%
[ 2020-05-25 11:33:44,620][kfold_wrapper.log_eval_metrics] Accuracy(layer_11 - estimator_0 - 12_folds.test.predict)=55.10%
[ 2020-05-25 11:33:44,871][kfold_wrapper.log_eval_metrics] Accuracy(layer_11 - estimator_1 - 12_folds.train_0.predict)=61.54%
[ 2020-05-25 11:33:45,233][kfold_wrapper.log_eval_metrics] Accuracy(layer_11 - estimator_1 - 12_folds.train_1.predict)=83.33%
[ 2020-05-25 11:33:45,582][kfold_wrapper.log_eval_metrics] Accuracy(layer_11 - estimator_1 - 12_folds.train_2.predict)=75.00%
[ 2020-05-25 11:33:45,943][kfold_wrapper.log_eval_metrics] Accuracy(layer_11 - estimator_1 - 12_folds.train_3.predict)=33.33%
[ 2020-05-25 11:33:46,314][kfold_wrapper.log_eval_metrics] Accuracy(layer_11 - estimator_1 - 12_folds.train_4.predict)=50.00%
[ 2020-05-25 11:33:46,672][kfold_wrapper.log_eval_metrics] Accuracy(layer_11 - estimator_1 - 12_folds.train_5.predict)=33.33%
[ 2020-05-25 11:33:47,053][kfold_wrapper.log_eval_metrics] Accuracy(layer_11 - estimator_1 - 12_folds.train_6.predict)=41.67%
[ 2020-05-25 11:33:47,412][kfold_wrapper.log_eval_metrics] Accuracy(layer_11 - estimator_1 - 12_folds.train_7.predict)=66.67%
[ 2020-05-25 11:33:47,758][kfold_wrapper.log_eval_metrics] Accuracy(layer_11 - estimator_1 - 12_folds.train_8.predict)=25.00%
[ 2020-05-25 11:33:48,119][kfold_wrapper.log_eval_metrics] Accuracy(layer_11 - estimator_1 - 12_folds.train_9.predict)=50.00%
[ 2020-05-25 11:33:48,476][kfold_wrapper.log_eval_metrics] Accuracy(layer_11 - estimator_1 - 12_folds.train_10.predict)=50.00%
[ 2020-05-25 11:33:48,834][kfold_wrapper.log_eval_metrics] Accuracy(layer_11 - estimator_1 - 12_folds.train_11.predict)=58.33%
[ 2020-05-25 11:33:48,947][kfold_wrapper.log_eval_metrics] Accuracy(layer_11 - estimator_1 - 12_folds.train_cv.predict)=52.41%
[ 2020-05-25 11:33:48,947][kfold_wrapper.log_eval_metrics] Accuracy(layer_11 - estimator_1 - 12_folds.test.predict)=63.27%
[ 2020-05-25 11:33:48,963][kfold_wrapper.log_eval_metrics] Accuracy(layer_11 - estimator_2 - 12_folds.train_0.predict)=38.46%
[ 2020-05-25 11:33:48,978][kfold_wrapper.log_eval_metrics] Accuracy(layer_11 - estimator_2 - 12_folds.train_1.predict)=41.67%
[ 2020-05-25 11:33:48,994][kfold_wrapper.log_eval_metrics] Accuracy(layer_11 - estimator_2 - 12_folds.train_2.predict)=58.33%
[ 2020-05-25 11:33:49,010][kfold_wrapper.log_eval_metrics] Accuracy(layer_11 - estimator_2 - 12_folds.train_3.predict)=50.00%
[ 2020-05-25 11:33:49,025][kfold_wrapper.log_eval_metrics] Accuracy(layer_11 - estimator_2 - 12_folds.train_4.predict)=33.33%
[ 2020-05-25 11:33:49,025][kfold_wrapper.log_eval_metrics] Accuracy(layer_11 - estimator_2 - 12_folds.train_5.predict)=66.67%
[ 2020-05-25 11:33:49,041][kfold_wrapper.log_eval_metrics] Accuracy(layer_11 - estimator_2 - 12_folds.train_6.predict)=41.67%
[ 2020-05-25 11:33:49,056][kfold_wrapper.log_eval_metrics] Accuracy(layer_11 - estimator_2 - 12_folds.train_7.predict)=25.00%
[ 2020-05-25 11:33:49,056][kfold_wrapper.log_eval_metrics] Accuracy(layer_11 - estimator_2 - 12_folds.train_8.predict)=58.33%
[ 2020-05-25 11:33:49,072][kfold_wrapper.log_eval_metrics] Accuracy(layer_11 - estimator_2 - 12_folds.train_9.predict)=75.00%
[ 2020-05-25 11:33:49,088][kfold_wrapper.log_eval_metrics] Accuracy(layer_11 - estimator_2 - 12_folds.train_10.predict)=66.67%
[ 2020-05-25 11:33:49,105][kfold_wrapper.log_eval_metrics] Accuracy(layer_11 - estimator_2 - 12_folds.train_11.predict)=83.33%
[ 2020-05-25 11:33:49,107][kfold_wrapper.log_eval_metrics] Accuracy(layer_11 - estimator_2 - 12_folds.train_cv.predict)=53.10%
[ 2020-05-25 11:33:49,107][kfold_wrapper.log_eval_metrics] Accuracy(layer_11 - estimator_2 - 12_folds.test.predict)=63.27%
[ 2020-05-25 11:33:49,109][cascade_classifier.calc_accuracy] Accuracy(layer_11 - train.classifier_average)=57.24%
[ 2020-05-25 11:33:49,109][cascade_classifier.calc_accuracy] Accuracy(layer_11 - test.classifier_average)=62.24%
[ 2020-05-25 11:33:49,111][cascade_classifier.fit_transform] [Result][Optimal Level Detected] opt_layer_num=8, accuracy_train=63.45%, accuracy_test=63.27%
[ 2020-05-25 11:33:49,120][cascade_classifier.transform] X_groups_test.shape=[(323, 5)]
[ 2020-05-25 11:33:49,121][cascade_classifier.transform] group_dims=[5]
[ 2020-05-25 11:33:49,121][cascade_classifier.transform] X_test.shape=(323, 5)
[ 2020-05-25 11:33:49,123][cascade_classifier.transform] [layer=0] look_indexs=[0], X_cur_test.shape=(323, 5)
[ 2020-05-25 11:33:51,792][cascade_classifier.transform] [layer=1] look_indexs=[0], X_cur_test.shape=(323, 11)
[ 2020-05-25 11:33:54,477][cascade_classifier.transform] [layer=2] look_indexs=[0], X_cur_test.shape=(323, 11)
[ 2020-05-25 11:33:57,149][cascade_classifier.transform] [layer=3] look_indexs=[0], X_cur_test.shape=(323, 11)
[ 2020-05-25 11:33:59,813][cascade_classifier.transform] [layer=4] look_indexs=[0], X_cur_test.shape=(323, 11)
[ 2020-05-25 11:34:02,551][cascade_classifier.transform] [layer=5] look_indexs=[0], X_cur_test.shape=(323, 11)
[ 2020-05-25 11:34:05,225][cascade_classifier.transform] [layer=6] look_indexs=[0], X_cur_test.shape=(323, 11)
[ 2020-05-25 11:34:07,907][cascade_classifier.transform] [layer=7] look_indexs=[0], X_cur_test.shape=(323, 11)
