2025-08-18 20:19:25,033 - __main__ - INFO - Starting Delphyne training
2025-08-18 20:19:25,033 - __main__ - INFO - Using device: cuda
2025-08-18 20:19:25,033 - __main__ - INFO - Model config: DelphyneConfig(num_layers=4, hidden_size=256, num_attention_heads=8, intermediate_size=1024, dropout_prob=0.1, patch_size=16, max_sequence_length=512, context_length=32, use_any_variate_attention=True, rotary_embedding=True, num_mixture_components=2, masking_ratio_alpha=5.0, masking_ratio_beta=10.0, average_masking_ratio=0.3, vocab_size=None, max_position_embeddings=16384, layer_norm_eps=1e-12, hidden_act='silu', use_glu=True, initializer_range=0.02)
2025-08-18 20:19:25,034 - __main__ - INFO - Training config: TrainingConfig(learning_rate=0.0001, weight_decay=0.1, beta1=0.9, beta2=0.98, eps=1e-08, num_train_steps=100, warmup_steps=100, batch_size=4, gradient_accumulation_steps=1, use_mixed_precision=False, mixed_precision_dtype='bf16', save_steps=200, eval_steps=100, logging_steps=50, max_length=16384, dataloader_num_workers=4, device='cuda', log_level='INFO', use_wandb=False, project_name='delphyne', eval_batch_size=4, eval_accumulation_steps=1)
2025-08-18 20:19:25,110 - __main__ - INFO - Model created with 8,463,880 parameters
2025-08-18 20:19:25,164 - __main__ - INFO - Training batches: 250
2025-08-18 20:19:25,164 - __main__ - INFO - Validation batches: 50
2025-08-18 20:19:25,257 - __main__ - INFO - Trainer initialized with 8,463,880 parameters
2025-08-18 20:19:25,257 - __main__ - INFO - Starting training...
2025-08-18 20:19:39,460 - __main__ - INFO - Step 50: loss=1.2251, lr=5.00e-05
2025-08-18 20:19:42,930 - __main__ - INFO - Step 100: loss=1.1635, lr=1.00e-04
2025-08-18 20:19:51,887 - __main__ - INFO - Validation metrics: {'nll': 1.3733767724037171, 'crps': 0.8265149617195129, 'coverage_0.1': 0.0, 'coverage_0.2': 0.0, 'coverage_0.5': 0.0, 'coverage_0.8': 0.0, 'coverage_0.9': 0.0, 'loss': 1.2123911261558533}
2025-08-18 20:19:52,101 - __main__ - INFO - Checkpoint saved: C:\Users\caifeng\Documents\augment-projects\A Pre-Trained Model for General and Financial Time Series\best_model.pt
2025-08-18 20:19:56,288 - __main__ - INFO - Step 150: loss=1.3196, lr=1.00e-04
2025-08-18 20:19:59,704 - __main__ - INFO - Step 200: loss=1.2545, lr=1.00e-04
2025-08-18 20:20:09,234 - __main__ - INFO - Validation metrics: {'nll': 1.3349303007125854, 'crps': 0.7769086825847625, 'coverage_0.1': 0.0, 'coverage_0.2': 0.0, 'coverage_0.5': 0.0, 'coverage_0.8': 0.0, 'coverage_0.9': 0.0, 'loss': 1.1859041368961334}
2025-08-18 20:20:09,474 - __main__ - INFO - Checkpoint saved: C:\Users\caifeng\Documents\augment-projects\A Pre-Trained Model for General and Financial Time Series\best_model.pt
2025-08-18 20:20:09,698 - __main__ - INFO - Checkpoint saved: C:\Users\caifeng\Documents\augment-projects\A Pre-Trained Model for General and Financial Time Series\checkpoint_step_200.pt
2025-08-18 20:20:13,150 - __main__ - INFO - Step 250: loss=1.2340, lr=1.00e-04
2025-08-18 20:20:13,385 - __main__ - INFO - Epoch 0 completed. Train loss: 1.2299
2025-08-18 20:20:21,499 - __main__ - INFO - Validation loss: 1.1805
2025-08-18 20:20:21,689 - __main__ - INFO - Checkpoint saved: C:\Users\caifeng\Documents\augment-projects\A Pre-Trained Model for General and Financial Time Series\final_model.pt
2025-08-18 20:20:21,690 - __main__ - INFO - Training completed in 56.43 seconds
2025-08-18 20:20:21,690 - __main__ - INFO - Training completed successfully!
2025-08-18 20:20:21,690 - __main__ - INFO - Final step: 250
2025-08-18 20:20:21,690 - __main__ - INFO - Training time: 56.43 seconds
2025-08-18 20:20:21,690 - __main__ - INFO - Final train loss: 1.2299
2025-08-18 20:20:21,691 - __main__ - INFO - Final val loss: 1.1805
2025-08-18 20:20:21,691 - __main__ - INFO - Testing model inference...
2025-08-18 20:20:28,613 - __main__ - INFO - Inference successful! Distribution type: <class 'torch.distributions.mixture_same_family.MixtureSameFamily'>
2025-08-18 20:20:28,641 - __main__ - INFO - Forecast generation successful! Shape: torch.Size([10, 4, 32])
