2013-03-15: sh601633 33.13 33.01
2013-06-26: sz002375 81.83 82.38
2013-11-25: sh600600 66.11 68.03
2013-12-20: sh600111 276.31 277.84
2013-12-20: sh601633 39.61 39.61
2013-12-20: sh601939 5.18 5.18
2013-12-20: sh601998 4.28 4.28
2013-12-20: sz000651 1969.32 1969.32
2014-02-25: sh600588 330.23 361.60
2014-12-09: sh600999 37.57 37.63
2014-12-09: sh601688 25.55 25.66
2014-12-09: sh601818 4.53 4.70
2014-12-09: sh601901 14.71 15.41
2014-12-09: sh603993 8.84 9.11
2014-12-09: sz000562 251.00 268.14
2014-12-09: sz000776 201.49 209.63
2014-12-09: sz000783 72.51 75.10
2014-12-09: sz002450 135.63 142.90
2014-12-09: sz002500 17.69 16.95
2014-12-09: sz002673 33.43 32.40
2014-12-26: sh601258 15.07 15.67
2015-04-15: sh600157 266.34 269.04
2015-04-15: sh601866 6.57 6.63
2015-05-05: sh600058 124.38 125.94
2015-05-13: sh600108 110.46 113.91
2015-05-14: sh600485 146.74 145.27
2015-05-28: sh600485 149.56 162.85
2015-06-16: sh600485 169.43 170.50
2015-06-19: sh600316 165.16 167.34
2015-06-25: sz002570 57.02 57.77
2015-06-29: sh600038 171.06 168.78
2015-07-01: sz002385 81.24 82.12
2015-07-01: sz002465 97.94 102.90
2015-07-02: sh600196 337.30 340.31
2015-07-02: sh600519 1623.14 1637.61
2015-07-02: sh600535 346.91 353.08
2015-07-02: sz002294 273.60 276.79
2015-07-06: sh600348 59.21 58.34
2015-07-06: sz002653 57.36 63.71
2015-07-07: sh600688 22.87 22.78
2015-07-08: sh601390 13.49 13.57
2015-07-08: sz002051 66.16 65.75
2015-07-08: sz002153 480.54 469.05
2015-07-10: sh600016 188.47 194.26
2015-07-10: sh600535 331.50 356.16
2015-07-10: sz000002 1393.12 1449.27
2015-07-27: sh600118 902.03 898.75
2015-07-27: sz000027 139.25 137.66
2015-07-27: sz002236 588.82 585.51
2015-08-18: sh600958 22.10 22.19
2015-08-18: sz000783 61.31 61.79
2015-08-18: sz002673 48.97 49.47
2015-08-19: sz002375 107.19 107.19
2015-08-20: sz000413 43.89 45.74
2015-08-21: sh600663 244.44 247.49
2015-09-14: sz000800 38.16 36.51
2015-09-16: sz000878 36.10 39.01
2015-10-12: sh600718 251.11 257.29
2015-10-12: sh601106 9.76 9.76
2015-11-10: sh600276 961.04 958.10
2015-11-10: sh600316 106.93 107.06
2016-01-15: sh600383 179.71 192.29
2016-01-26: sz000061 274.95 281.17
2016-03-01: sz000738 56.69 57.14
2016-05-11: sh600029 12.17 12.30
